###############################################################################
#
# IAR ELF Linker V7.40.3.8902/W32 for ARM                 04/May/2016  17:18:56
# Copyright 2007-2015 IAR Systems AB.
#
#    Output file  =  
#        C:\work\source\ALL_SmartBatterySwitch_CC2640\simplelink\ble_cc26xx_2_01_01_44627\Projects\ble\SensorTag\CC26xx\IAR\Application\CC2650\FlashOnlyOAD\Exe\SensorTagAppFlashOnlyOAD.out
#    Map file     =  
#        C:\work\source\ALL_SmartBatterySwitch_CC2640\simplelink\ble_cc26xx_2_01_01_44627\Projects\ble\SensorTag\CC26xx\IAR\Application\CC2650\FlashOnlyOAD\List\SensorTagAppFlashOnlyOAD.map
#    Command line =  
#        C:\work\source\ALL_SmartBatterySwitch_CC2640\simplelink\ble_cc26xx_2_01_01_44627\Projects\ble\SensorTag\CC26xx\IAR\Application\CC2650\FlashOnlyOAD\Obj\barometerservice.o
#        C:\work\source\ALL_SmartBatterySwitch_CC2640\simplelink\ble_cc26xx_2_01_01_44627\Projects\ble\SensorTag\CC26xx\IAR\Application\CC2650\FlashOnlyOAD\Obj\bleUserConfig.o
#        C:\work\source\ALL_SmartBatterySwitch_CC2640\simplelink\ble_cc26xx_2_01_01_44627\Projects\ble\SensorTag\CC26xx\IAR\Application\CC2650\FlashOnlyOAD\Obj\Board.o
#        C:\work\source\ALL_SmartBatterySwitch_CC2640\simplelink\ble_cc26xx_2_01_01_44627\Projects\ble\SensorTag\CC26xx\IAR\Application\CC2650\FlashOnlyOAD\Obj\bsp_i2c.o
#        C:\work\source\ALL_SmartBatterySwitch_CC2640\simplelink\ble_cc26xx_2_01_01_44627\Projects\ble\SensorTag\CC26xx\IAR\Application\CC2650\FlashOnlyOAD\Obj\bsp_spi.o
#        C:\work\source\ALL_SmartBatterySwitch_CC2640\simplelink\ble_cc26xx_2_01_01_44627\Projects\ble\SensorTag\CC26xx\IAR\Application\CC2650\FlashOnlyOAD\Obj\bsp_uart.o
#        C:\work\source\ALL_SmartBatterySwitch_CC2640\simplelink\ble_cc26xx_2_01_01_44627\Projects\ble\SensorTag\CC26xx\IAR\Application\CC2650\FlashOnlyOAD\Obj\ccservice.o
#        C:\work\source\ALL_SmartBatterySwitch_CC2640\simplelink\ble_cc26xx_2_01_01_44627\Projects\ble\SensorTag\CC26xx\IAR\Application\CC2650\FlashOnlyOAD\Obj\devinfoservice.o
#        C:\work\source\ALL_SmartBatterySwitch_CC2640\simplelink\ble_cc26xx_2_01_01_44627\Projects\ble\SensorTag\CC26xx\IAR\Application\CC2650\FlashOnlyOAD\Obj\ext_flash.o
#        C:\work\source\ALL_SmartBatterySwitch_CC2640\simplelink\ble_cc26xx_2_01_01_44627\Projects\ble\SensorTag\CC26xx\IAR\Application\CC2650\FlashOnlyOAD\Obj\gatt_uuid.o
#        C:\work\source\ALL_SmartBatterySwitch_CC2640\simplelink\ble_cc26xx_2_01_01_44627\Projects\ble\SensorTag\CC26xx\IAR\Application\CC2650\FlashOnlyOAD\Obj\gattservapp_util.o
#        C:\work\source\ALL_SmartBatterySwitch_CC2640\simplelink\ble_cc26xx_2_01_01_44627\Projects\ble\SensorTag\CC26xx\IAR\Application\CC2650\FlashOnlyOAD\Obj\humidityservice.o
#        C:\work\source\ALL_SmartBatterySwitch_CC2640\simplelink\ble_cc26xx_2_01_01_44627\Projects\ble\SensorTag\CC26xx\IAR\Application\CC2650\FlashOnlyOAD\Obj\I2C.o
#        C:\work\source\ALL_SmartBatterySwitch_CC2640\simplelink\ble_cc26xx_2_01_01_44627\Projects\ble\SensorTag\CC26xx\IAR\Application\CC2650\FlashOnlyOAD\Obj\I2CCC26XX.o
#        C:\work\source\ALL_SmartBatterySwitch_CC2640\simplelink\ble_cc26xx_2_01_01_44627\Projects\ble\SensorTag\CC26xx\IAR\Application\CC2650\FlashOnlyOAD\Obj\ICall.o
#        C:\work\source\ALL_SmartBatterySwitch_CC2640\simplelink\ble_cc26xx_2_01_01_44627\Projects\ble\SensorTag\CC26xx\IAR\Application\CC2650\FlashOnlyOAD\Obj\ICallBleAPI.o
#        C:\work\source\ALL_SmartBatterySwitch_CC2640\simplelink\ble_cc26xx_2_01_01_44627\Projects\ble\SensorTag\CC26xx\IAR\Application\CC2650\FlashOnlyOAD\Obj\ICallCC2650.o
#        C:\work\source\ALL_SmartBatterySwitch_CC2640\simplelink\ble_cc26xx_2_01_01_44627\Projects\ble\SensorTag\CC26xx\IAR\Application\CC2650\FlashOnlyOAD\Obj\ioservice.o
#        C:\work\source\ALL_SmartBatterySwitch_CC2640\simplelink\ble_cc26xx_2_01_01_44627\Projects\ble\SensorTag\CC26xx\IAR\Application\CC2650\FlashOnlyOAD\Obj\irtempservice.o
#        C:\work\source\ALL_SmartBatterySwitch_CC2640\simplelink\ble_cc26xx_2_01_01_44627\Projects\ble\SensorTag\CC26xx\IAR\Application\CC2650\FlashOnlyOAD\Obj\keyScan.o
#        C:\work\source\ALL_SmartBatterySwitch_CC2640\simplelink\ble_cc26xx_2_01_01_44627\Projects\ble\SensorTag\CC26xx\IAR\Application\CC2650\FlashOnlyOAD\Obj\main.o
#        C:\work\source\ALL_SmartBatterySwitch_CC2640\simplelink\ble_cc26xx_2_01_01_44627\Projects\ble\SensorTag\CC26xx\IAR\Application\CC2650\FlashOnlyOAD\Obj\movementservice.o
#        C:\work\source\ALL_SmartBatterySwitch_CC2640\simplelink\ble_cc26xx_2_01_01_44627\Projects\ble\SensorTag\CC26xx\IAR\Application\CC2650\FlashOnlyOAD\Obj\oad.o
#        C:\work\source\ALL_SmartBatterySwitch_CC2640\simplelink\ble_cc26xx_2_01_01_44627\Projects\ble\SensorTag\CC26xx\IAR\Application\CC2650\FlashOnlyOAD\Obj\oad_target_externalFlash.o
#        C:\work\source\ALL_SmartBatterySwitch_CC2640\simplelink\ble_cc26xx_2_01_01_44627\Projects\ble\SensorTag\CC26xx\IAR\Application\CC2650\FlashOnlyOAD\Obj\oled.o
#        C:\work\source\ALL_SmartBatterySwitch_CC2640\simplelink\ble_cc26xx_2_01_01_44627\Projects\ble\SensorTag\CC26xx\IAR\Application\CC2650\FlashOnlyOAD\Obj\opticservice.o
#        C:\work\source\ALL_SmartBatterySwitch_CC2640\simplelink\ble_cc26xx_2_01_01_44627\Projects\ble\SensorTag\CC26xx\IAR\Application\CC2650\FlashOnlyOAD\Obj\peripheral.o
#        C:\work\source\ALL_SmartBatterySwitch_CC2640\simplelink\ble_cc26xx_2_01_01_44627\Projects\ble\SensorTag\CC26xx\IAR\Application\CC2650\FlashOnlyOAD\Obj\PINCC26XX.o
#        C:\work\source\ALL_SmartBatterySwitch_CC2640\simplelink\ble_cc26xx_2_01_01_44627\Projects\ble\SensorTag\CC26xx\IAR\Application\CC2650\FlashOnlyOAD\Obj\registerservice.o
#        C:\work\source\ALL_SmartBatterySwitch_CC2640\simplelink\ble_cc26xx_2_01_01_44627\Projects\ble\SensorTag\CC26xx\IAR\Application\CC2650\FlashOnlyOAD\Obj\sensor.o
#        C:\work\source\ALL_SmartBatterySwitch_CC2640\simplelink\ble_cc26xx_2_01_01_44627\Projects\ble\SensorTag\CC26xx\IAR\Application\CC2650\FlashOnlyOAD\Obj\SensorTag.o
#        C:\work\source\ALL_SmartBatterySwitch_CC2640\simplelink\ble_cc26xx_2_01_01_44627\Projects\ble\SensorTag\CC26xx\IAR\Application\CC2650\FlashOnlyOAD\Obj\SensorTag_ConnCtrl.o
#        C:\work\source\ALL_SmartBatterySwitch_CC2640\simplelink\ble_cc26xx_2_01_01_44627\Projects\ble\SensorTag\CC26xx\IAR\Application\CC2650\FlashOnlyOAD\Obj\simplekeys.o
#        C:\work\source\ALL_SmartBatterySwitch_CC2640\simplelink\ble_cc26xx_2_01_01_44627\Projects\ble\SensorTag\CC26xx\IAR\Application\CC2650\FlashOnlyOAD\Obj\SmBus_Driver.o
#        C:\work\source\ALL_SmartBatterySwitch_CC2640\simplelink\ble_cc26xx_2_01_01_44627\Projects\ble\SensorTag\CC26xx\IAR\Application\CC2650\FlashOnlyOAD\Obj\SPI.o
#        C:\work\source\ALL_SmartBatterySwitch_CC2640\simplelink\ble_cc26xx_2_01_01_44627\Projects\ble\SensorTag\CC26xx\IAR\Application\CC2650\FlashOnlyOAD\Obj\SPICC26XXDMA.o
#        C:\work\source\ALL_SmartBatterySwitch_CC2640\simplelink\ble_cc26xx_2_01_01_44627\Projects\ble\SensorTag\CC26xx\IAR\Application\CC2650\FlashOnlyOAD\Obj\st_util.o
#        C:\work\source\ALL_SmartBatterySwitch_CC2640\simplelink\ble_cc26xx_2_01_01_44627\Projects\ble\SensorTag\CC26xx\IAR\Application\CC2650\FlashOnlyOAD\Obj\UART.o
#        C:\work\source\ALL_SmartBatterySwitch_CC2640\simplelink\ble_cc26xx_2_01_01_44627\Projects\ble\SensorTag\CC26xx\IAR\Application\CC2650\FlashOnlyOAD\Obj\UARTCC26XX.o
#        C:\work\source\ALL_SmartBatterySwitch_CC2640\simplelink\ble_cc26xx_2_01_01_44627\Projects\ble\SensorTag\CC26xx\IAR\Application\CC2650\FlashOnlyOAD\Obj\UDMACC26XX.o
#        C:\work\source\ALL_SmartBatterySwitch_CC2640\simplelink\ble_cc26xx_2_01_01_44627\Projects\ble\SensorTag\CC26xx\IAR\Application\CC2650\FlashOnlyOAD\Obj\util.o
#        -o
#        C:\work\source\ALL_SmartBatterySwitch_CC2640\simplelink\ble_cc26xx_2_01_01_44627\Projects\ble\SensorTag\CC26xx\IAR\Application\CC2650\FlashOnlyOAD\Exe\SensorTagAppFlashOnlyOAD.out
#        --config_def FLASH_ONLY_BUILD=1 --map
#        C:\work\source\ALL_SmartBatterySwitch_CC2640\simplelink\ble_cc26xx_2_01_01_44627\Projects\ble\SensorTag\CC26xx\IAR\Application\CC2650\FlashOnlyOAD\List\SensorTagAppFlashOnlyOAD.map
#        --config
#        C:\work\source\ALL_SmartBatterySwitch_CC2640\simplelink\ble_cc26xx_2_01_01_44627\Projects\ble\SensorTag\CC26xx\IAR\Application\CC2650\cc26xx_ble_app.icf
#        --keep __vector_table -f
#        C:\work\source\ALL_SmartBatterySwitch_CC2640\simplelink\ble_cc26xx_2_01_01_44627\Projects\ble\SensorTag\CC26xx\IAR\Application\CC2650\configPkg\linker.cmd
#        (C:\work\source\ALL_SmartBatterySwitch_CC2640\simplelink\ble_cc26xx_2_01_01_44627\Projects\ble\SensorTag\CC26xx\IAR\Application\CC2650\configPkg\package\cfg\appBLE_prm3.orm3
#        C:\work\source\ALL_SmartBatterySwitch_CC2640\simplelink\ble_cc26xx_2_01_01_44627\Projects\ble\SensorTag\CC26xx\IAR\Config\src\sysbios\sysbios.arm3
#        C:\ti\tirtos_simplelink_2_13_00_06\products\bios_6_42_00_08\packages\iar\targets\arm\rts\lib\release\boot.arm3
#        --entry __iar_program_start --keep __vector_table --define_symbol
#        ti_sysbios_family_arm_m3_Hwi_nvic=0xe000e000 --define_symbol
#        xdc_runtime_Startup__EXECFXN__C=1 --define_symbol
#        xdc_runtime_Startup__RESETFXN__C=1 --keep __ASM__ --keep __PLAT__
#        --keep __ISA__ --keep __TARG__ --keep __TRDR__) -f
#        C:\work\source\ALL_SmartBatterySwitch_CC2640\simplelink\ble_cc26xx_2_01_01_44627\Projects\ble\SensorTag\CC26xx\IAR\Application\CC2650\..\..\Config\IAR-Boundary.xcl
#        (--config_def ICALL_STACK0_ADDR=0x00010000 --config_def
#        ICALL_RAM0_ADDR=0x2000445C)
#        C:\ti\tirtos_simplelink_2_13_00_06\products\cc26xxware_2_21_01_15600\driverlib\bin\iar\driverlib.lib
#        --entry __iar_program_start --vfe
#
###############################################################################

*******************************************************************************
*** RUNTIME MODEL ATTRIBUTES
***

CppFlavor       = *
__SystemLibrary = DLib


*******************************************************************************
*** RESERVED RANGES
***

Ranges reserved by absolute symbols:
   [0x20000000-0x200000c7]


*******************************************************************************
*** PLACEMENT SUMMARY
***

"A2":  place at 0x00000000 { ro section .intvec };
"A4":  place at end of [0x20000000-0x2000445b] { block CSTACK };
"P2":  place in [from 0x00000000 to 0x0000ffff] { ro };
"P3":  place in [from 0x20000000 to 0x2000445b] { rw };

  Section                 Kind        Address    Size  Object
  -------                 ----        -------    ----  ------
"A2":                                            0x3c
  .intvec                 const    0x00000000    0x3c  appBLE_prm3.orm3 [2]
                                 - 0x0000003c    0x3c

"P2":                                          0xa89b
  .text                   ro code  0x0000003c  0x2164  BIOS.o [9]
  .text                   ro code  0x000021a0   0x5a0  appBLE_prm3.orm3 [2]
  CODE                    ro code  0x00002740    0x68  m3_Hwi_asm_switch_iar.obj [9]
  .text                   ro code  0x000027a8    0x66  ABImemset.o [8]
  .const_ti_sysbios_family_arm_m3_Hwi_Module__id__C
                          const    0x0000280e     0x2  appBLE_prm3.orm3 [2]
  CODE                    ro code  0x00002810    0x6c  m3_TaskSupport_asm_iar.obj [9]
  .text                   ro code  0x0000287c   0x4fc  setup.o [6]
  .text                   ro code  0x00002d78    0xa2  ddi.o [6]
  .const_ti_sysbios_knl_Task_initStackFlag__C
                          const    0x00002e1a     0x2  appBLE_prm3.orm3 [2]
  .text                   ro code  0x00002e1c   0x1e0  osc.o [6]
  .text                   ro code  0x00002ffc    0x10  vims.o [6]
  .text                   ro code  0x0000300c   0x214  sys_ctrl.o [6]
  .text                   ro code  0x00003220    0x18  cpu.o [6]
  .text                   ro code  0x00003238    0xee  I64DivMod.o [8]
  .const_xdc_runtime_HeapMin_Module__id__C
                          const    0x00003326     0x2  appBLE_prm3.orm3 [2]
  .text                   ro code  0x00003328    0x24  aon_rtc.o [6]
  .text                   ro code  0x0000334c    0x76  ABImemcpy_unaligned.o [8]
  .const_xdc_runtime_HeapMin_freeError__C
                          const    0x000033c2     0x2  appBLE_prm3.orm3 [2]
  .text                   ro code  0x000033c4     0x6  ABImemclr.o [8]
  .const_xdc_runtime_Memory_Module__id__C
                          const    0x000033ca     0x2  appBLE_prm3.orm3 [2]
  .text                   ro code  0x000033cc     0x6  ABImemclr4.o [8]
  .const_xdc_runtime_Error_policy__C
                          const    0x000033d2     0x1  appBLE_prm3.orm3 [2]
  .text                   ro code  0x000033d4    0xd8  chipinfo.o [6]
  .text                   ro code  0x000034ac    0x28  aon_batmon.o [6]
  .text                   ro code  0x000034d4     0x2  I64DivZer.o [8]
  .text                   ro code  0x000034d8    0x3a  ABImemset48.o [8]
  .text                   ro code  0x00003514   0xf40  oled.o [1]
  .text                   ro code  0x00004454   0x514  PINCC26XX.o [1]
  .text                   ro code  0x00004968    0x62  memcmp_unaligned.o [8]
  .text                   ro code  0x000049cc   0xa54  ICall.o [1]
  .text                   ro code  0x00005420     0x6  abort.o [5]
  .text                   ro code  0x00005428     0xc  XXexit.o [8]
  .text                   ro code  0x00005434   0x95a  peripheral.o [1]
  .text                   ro code  0x00005d90   0x7d0  ICallBleAPI.o [1]
  .text                   ro code  0x00006560   0x130  util.o [1]
  .text                   ro code  0x00006690   0x864  UARTCC26XX.o [1]
  .text                   ro code  0x00006ef4    0x78  UART.o [1]
  .text                   ro code  0x00006f6c   0x76c  SPICC26XXDMA.o [1]
  .text                   ro code  0x000076d8    0xa8  UDMACC26XX.o [1]
  .text                   ro code  0x00007780    0x48  SPI.o [1]
  .text                   ro code  0x000077c8   0x668  SensorTag.o [1]
  .text                   ro code  0x00007e30    0x26  SmBus_Driver.o [1]
  .text                   ro code  0x00007e58    0x3c  bsp_uart.o [1]
  .text                   ro code  0x00007e94    0x98  keyScan.o [1]
  .text                   ro code  0x00007f2c   0x214  devinfoservice.o [1]
  .text                   ro code  0x00008140   0x2e0  registerservice.o [1]
  .text                   ro code  0x00008420    0xfe  SensorTag_ConnCtrl.o [1]
  .text                   ro code  0x00008520   0x3c4  oad.o [1]
  .text                   ro code  0x000088e4   0x10c  bsp_i2c.o [1]
  .text                   ro code  0x000089f0    0x36  strlen.o [8]
  .text                   ro code  0x00008a28   0x212  gattservapp_util.o [1]
  .text                   ro code  0x00008c3a    0x2c  st_util.o [1]
  .text                   ro code  0x00008c68    0x40  sensor.o [1]
  .text                   ro code  0x00008ca8   0x200  ccservice.o [1]
  .text                   ro code  0x00008ea8   0x1d4  oad_target_externalFlash.o [1]
  .text                   ro code  0x0000907c    0x58  I2C.o [1]
  .text                   ro code  0x000090d4   0x271  ext_flash.o [1]
  .text                   ro code  0x00009348    0x2c  flash.o [6]
  .text                   ro code  0x00009374    0xe0  bsp_spi.o [1]
  .text                   ro code  0x00009454   0x47c  I2CCC26XX.o [1]
  .text                   ro code  0x000098d0   0x1d2  ICallCC2650.o [1]
  .text                   ro code  0x00009aa2   0x1c2  lz77_init.o [8]
  CODE                    ro code  0x00009c64   0x110  m3_Hwi_asm_iar.obj [9]
  .rodata                 const    0x00009d74    0xb4  Board.o [1]
  .rodata                 const    0x00009e28    0x4c  appBLE_prm3.orm3 [2]
  .rodata                 const    0x00009e74    0x48  ccservice.o [1]
  .rodata                 const    0x00009ebc    0x48  registerservice.o [1]
  .text                   ro code  0x00009f04    0x40  zero_init3.o [8]
  .const_ti_sysbios_knl_Task_Object__PARAMS__C
                          const    0x00009f44    0x3c  appBLE_prm3.orm3 [2]
  .rodata                 const    0x00009f80    0x34  oad.o [1]
  .const_ti_sysbios_family_arm_m3_Hwi_Object__PARAMS__C
                          const    0x00009fb4    0x30  appBLE_prm3.orm3 [2]
  .rodata                 const    0x00009fe4    0x30  bleUserConfig.o [1]
  .const_ti_sysbios_hal_Hwi_Object__PARAMS__C
                          const    0x0000a014    0x2c  appBLE_prm3.orm3 [2]
  .const_xdc_runtime_HeapMin_Module__FXNS__C
                          const    0x0000a040    0x28  appBLE_prm3.orm3 [2]
  .rodata                 const    0x0000a068    0x28  UARTCC26XX.o [1]
  .text                   ro code  0x0000a090    0x28  data_init.o [8]
  .const_ti_sysbios_gates_GateHwi_Module__FXNS__C
                          const    0x0000a0b8    0x24  appBLE_prm3.orm3 [2]
  .const_ti_sysbios_gates_GateMutex_Module__FXNS__C
                          const    0x0000a0dc    0x24  appBLE_prm3.orm3 [2]
  .const_ti_sysbios_knl_Clock_Object__PARAMS__C
                          const    0x0000a100    0x24  appBLE_prm3.orm3 [2]
  .const_ti_sysbios_knl_Semaphore_Object__PARAMS__C
                          const    0x0000a124    0x24  appBLE_prm3.orm3 [2]
  .text                   ro code  0x0000a148    0x24  main.o [1]
  .iar.init_table         const    0x0000a16c    0x2c  - Linker created -
  .const_ti_sysbios_family_arm_m3_Hwi_Object__DESC__C
                          const    0x0000a198    0x20  appBLE_prm3.orm3 [2]
  .const_ti_sysbios_gates_GateHwi_Object__DESC__C
                          const    0x0000a1b8    0x20  appBLE_prm3.orm3 [2]
  .const_ti_sysbios_gates_GateMutex_Object__DESC__C
                          const    0x0000a1d8    0x20  appBLE_prm3.orm3 [2]
  .const_ti_sysbios_hal_Hwi_Object__DESC__C
                          const    0x0000a1f8    0x20  appBLE_prm3.orm3 [2]
  .const_ti_sysbios_knl_Clock_Object__DESC__C
                          const    0x0000a218    0x20  appBLE_prm3.orm3 [2]
  .const_ti_sysbios_knl_Queue_Object__DESC__C
                          const    0x0000a238    0x20  appBLE_prm3.orm3 [2]
  .const_ti_sysbios_knl_Semaphore_Object__DESC__C
                          const    0x0000a258    0x20  appBLE_prm3.orm3 [2]
  .const_ti_sysbios_knl_Task_Object__DESC__C
                          const    0x0000a278    0x20  appBLE_prm3.orm3 [2]
  .const_xdc_runtime_HeapMin_Object__DESC__C
                          const    0x0000a298    0x20  appBLE_prm3.orm3 [2]
  .const_xdc_runtime_HeapMin_Object__PARAMS__C
                          const    0x0000a2b8    0x20  appBLE_prm3.orm3 [2]
  .const_xdc_runtime_Startup_sfxnTab__A
                          const    0x0000a2d8    0x20  appBLE_prm3.orm3 [2]
  .text                   ro code  0x0000a2f8    0x20  iar_xdc_init.orm3 [4]
  .rodata                 const    0x0000a318    0x1c  devinfoservice.o [1]
  .rodata                 const    0x0000a334    0x1c  SPICC26XXDMA.o [1]
  .text                   ro code  0x0000a350    0x1a  cmain.orm3 [4]
  .text                   ro code  0x0000a36a     0x4  low_level_init.o [5]
  .const_ti_sysbios_gates_GateHwi_Object__PARAMS__C
                          const    0x0000a370    0x18  appBLE_prm3.orm3 [2]
  .const_ti_sysbios_gates_GateMutex_Object__PARAMS__C
                          const    0x0000a388    0x18  appBLE_prm3.orm3 [2]
  .const_ti_sysbios_knl_Queue_Object__PARAMS__C
                          const    0x0000a3a0    0x18  appBLE_prm3.orm3 [2]
  .text                   ro code  0x0000a3b8    0x16  cstartup_M.orm3 [4]
  CODE                    ro code  0x0000a3d0    0x16  boot.orm3 [4]
  .rodata                 const    0x0000a3e8    0x14  I2CCC26XX.o [1]
  .const_xdc_runtime_Startup_sfxnRts__A
                          const    0x0000a3fc    0x10  appBLE_prm3.orm3 [2]
  .text                   ro code  0x0000a40c    0x10  gatt_uuid.o [1]
  .const_xdc_runtime_Startup_firstFxns__A
                          const    0x0000a41c     0xc  appBLE_prm3.orm3 [2]
  .const_ti_sysbios_knl_Idle_funcList__C
                          const    0x0000a428     0x8  appBLE_prm3.orm3 [2]
  .const_xdc_runtime_Startup_firstFxns__C
                          const    0x0000a430     0x8  appBLE_prm3.orm3 [2]
  .const_xdc_runtime_Startup_lastFxns__C
                          const    0x0000a438     0x8  appBLE_prm3.orm3 [2]
  .const_ti_sysbios_family_arm_cc26xx_Power_Module_State_clockObj__O
                          const    0x0000a440     0x4  appBLE_prm3.orm3 [2]
  .const_ti_sysbios_family_arm_cc26xx_Power_Module_State_lfClockObj__O
                          const    0x0000a444     0x4  appBLE_prm3.orm3 [2]
  .const_ti_sysbios_family_arm_cc26xx_Power_Module_State_notifyQ__O
                          const    0x0000a448     0x4  appBLE_prm3.orm3 [2]
  .const_ti_sysbios_family_arm_cc26xx_Power_notifyTrapFunc__C
                          const    0x0000a44c     0x4  appBLE_prm3.orm3 [2]
  .const_ti_sysbios_family_arm_cc26xx_Power_resumeTicksSTANDBY__C
                          const    0x0000a450     0x4  appBLE_prm3.orm3 [2]
  .const_ti_sysbios_family_arm_cc26xx_Power_totalTicksSTANDBY__C
                          const    0x0000a454     0x4  appBLE_prm3.orm3 [2]
  .const_ti_sysbios_family_arm_cc26xx_Power_wakeDelaySTANDBY__C
                          const    0x0000a458     0x4  appBLE_prm3.orm3 [2]
  .const_ti_sysbios_family_arm_cc26xx_Timer_startupNeeded__C
                          const    0x0000a45c     0x4  appBLE_prm3.orm3 [2]
  .const_ti_sysbios_family_arm_m3_Hwi_E_alreadyDefined__C
                          const    0x0000a460     0x4  appBLE_prm3.orm3 [2]
  .const_ti_sysbios_family_arm_m3_Hwi_NUM_INTERRUPTS__C
                          const    0x0000a464     0x4  appBLE_prm3.orm3 [2]
  .const_ti_sysbios_family_arm_m3_Hwi_Object__count__C
                          const    0x0000a468     0x4  appBLE_prm3.orm3 [2]
  .const_ti_sysbios_family_arm_m3_Hwi_ccr__C
                          const    0x0000a46c     0x4  appBLE_prm3.orm3 [2]
  .const_ti_sysbios_family_arm_m3_Hwi_excHandlerFunc__C
                          const    0x0000a470     0x4  appBLE_prm3.orm3 [2]
  .const_ti_sysbios_family_arm_m3_Hwi_nullIsrFunc__C
                          const    0x0000a474     0x4  appBLE_prm3.orm3 [2]
  .const_ti_sysbios_family_arm_m3_Hwi_priGroup__C
                          const    0x0000a478     0x4  appBLE_prm3.orm3 [2]
  .const_ti_sysbios_family_arm_m3_TaskSupport_stackAlignment__C
                          const    0x0000a47c     0x4  appBLE_prm3.orm3 [2]
  .const_ti_sysbios_gates_GateMutex_Instance_State_sem__O
                          const    0x0000a480     0x4  appBLE_prm3.orm3 [2]
  .const_ti_sysbios_knl_Clock_Module_State_clockQ__O
                          const    0x0000a484     0x4  appBLE_prm3.orm3 [2]
  .const_ti_sysbios_knl_Clock_tickPeriod__C
                          const    0x0000a488     0x4  appBLE_prm3.orm3 [2]
  .const_ti_sysbios_knl_Idle_funcList__A
                          const    0x0000a48c     0x4  appBLE_prm3.orm3 [2]
  .const_ti_sysbios_knl_Semaphore_Instance_State_pendQ__O
                          const    0x0000a490     0x4  appBLE_prm3.orm3 [2]
  .const_ti_sysbios_knl_Swi_Object__count__C
                          const    0x0000a494     0x4  appBLE_prm3.orm3 [2]
  .const_ti_sysbios_knl_Swi_numConstructedSwis__C
                          const    0x0000a498     0x4  appBLE_prm3.orm3 [2]
  .const_ti_sysbios_knl_Task_Module_State_inactiveQ__O
                          const    0x0000a49c     0x4  appBLE_prm3.orm3 [2]
  .const_ti_sysbios_knl_Task_Object__count__C
                          const    0x0000a4a0     0x4  appBLE_prm3.orm3 [2]
  .const_ti_sysbios_knl_Task_allBlockedFunc__C
                          const    0x0000a4a4     0x4  appBLE_prm3.orm3 [2]
  .const_ti_sysbios_knl_Task_defaultStackHeap__C
                          const    0x0000a4a8     0x4  appBLE_prm3.orm3 [2]
  .const_ti_sysbios_knl_Task_defaultStackSize__C
                          const    0x0000a4ac     0x4  appBLE_prm3.orm3 [2]
  .const_ti_sysbios_knl_Task_numConstructedTasks__C
                          const    0x0000a4b0     0x4  appBLE_prm3.orm3 [2]
  .const_xdc_runtime_Error_E_memory__C
                          const    0x0000a4b4     0x4  appBLE_prm3.orm3 [2]
  .const_xdc_runtime_Error_policyFxn__C
                          const    0x0000a4b8     0x4  appBLE_prm3.orm3 [2]
  .const_xdc_runtime_HeapMin_E_freeError__C
                          const    0x0000a4bc     0x4  appBLE_prm3.orm3 [2]
  .const_xdc_runtime_IGateProvider_Interface__BASE__C
                          const    0x0000a4c0     0x4  appBLE_prm3.orm3 [2]
  .const_xdc_runtime_IHeap_Interface__BASE__C
                          const    0x0000a4c4     0x4  appBLE_prm3.orm3 [2]
  .const_xdc_runtime_IModule_Interface__BASE__C
                          const    0x0000a4c8     0x4  appBLE_prm3.orm3 [2]
  .const_xdc_runtime_Memory_defaultHeapInstance__C
                          const    0x0000a4cc     0x4  appBLE_prm3.orm3 [2]
  .const_xdc_runtime_Startup_execImpl__C
                          const    0x0000a4d0     0x4  appBLE_prm3.orm3 [2]
  .const_xdc_runtime_Startup_maxPasses__C
                          const    0x0000a4d4     0x4  appBLE_prm3.orm3 [2]
  .const_xdc_runtime_Startup_sfxnRts__C
                          const    0x0000a4d8     0x4  appBLE_prm3.orm3 [2]
  .const_xdc_runtime_Startup_sfxnTab__C
                          const    0x0000a4dc     0x4  appBLE_prm3.orm3 [2]
  .const_xdc_runtime_SysCallback_abortFxn__C
                          const    0x0000a4e0     0x4  appBLE_prm3.orm3 [2]
  .const_xdc_runtime_SysCallback_exitFxn__C
                          const    0x0000a4e4     0x4  appBLE_prm3.orm3 [2]
  .const_xdc_runtime_System_Module__gateObj__C
                          const    0x0000a4e8     0x4  appBLE_prm3.orm3 [2]
  .const_xdc_runtime_System_abortFxn__C
                          const    0x0000a4ec     0x4  appBLE_prm3.orm3 [2]
  .const_xdc_runtime_System_exitFxn__C
                          const    0x0000a4f0     0x4  appBLE_prm3.orm3 [2]
  .const_xdc_runtime_System_maxAtexitHandlers__C
                          const    0x0000a4f4     0x4  appBLE_prm3.orm3 [2]
  .rodata                 const    0x0000a4f8     0x0  zero_init3.o [8]
  .rodata                 const    0x0000a4f8     0x0  lz77_init.o [8]
  Initializer bytes       const    0x0000a4f8   0x3df  <for P3 s0>
                                 - 0x0000a8d7  0xa89b

Absolute sections, part 1 of 2:                  0x20
  .noinit                 uninit   0x20000430    0x10  SPICC26XXDMA.o [1]
  .noinit                 uninit   0x20000440    0x10  SPICC26XXDMA.o [1]
                                 - 0x20000450    0x20

Absolute sections, part 2 of 2:                  0x20
  .noinit                 uninit   0x20000500    0x10  SPICC26XXDMA.o [1]
  .noinit                 uninit   0x20000510    0x10  SPICC26XXDMA.o [1]
                                 - 0x20000520    0x20

"P3":                                          0x31a8
  P3 s0                            0x20000520   0xa56  <Init block>
    .data                 inited   0x20000520   0x130  devinfoservice.o [1]
    .data                 inited   0x20000650   0x11c  peripheral.o [1]
    .data                 inited   0x2000076c    0xb8  devinfoservice.o [1]
    .data                 inited   0x20000824    0xa8  SensorTag.o [1]
    .data                 inited   0x200008cc    0xa4  registerservice.o [1]
    .data                 inited   0x20000970    0x9c  ccservice.o [1]
    .data                 inited   0x20000a0c    0x9c  oad.o [1]
    .data_ti_sysbios_family_arm_cc26xx_Power_Module__state__V
                          inited   0x20000aa8    0x70  appBLE_prm3.orm3 [2]
    .data                 inited   0x20000b18    0x54  bleUserConfig.o [1]
    .data                 inited   0x20000b6c    0x4c  appBLE_prm3.orm3 [2]
    .data                 inited   0x20000bb8    0x48  bsp_spi.o [1]
    .data                 inited   0x20000c00    0x48  appBLE_prm3.orm3 [2]
    .data_ti_sysbios_knl_Task_Module__state__V
                          inited   0x20000c48    0x44  appBLE_prm3.orm3 [2]
    .data_ti_sysbios_family_arm_m3_Hwi_Module__state__V
                          inited   0x20000c8c    0x34  appBLE_prm3.orm3 [2]
    .data                 inited   0x20000cc0    0x30  keyScan.o [1]
    .data                 inited   0x20000cf0    0x30  appBLE_prm3.orm3 [2]
    .data                 inited   0x20000d20    0x30  appBLE_prm3.orm3 [2]
    .data                 inited   0x20000d50    0x30  appBLE_prm3.orm3 [2]
    .data                 inited   0x20000d80    0x30  appBLE_prm3.orm3 [2]
    .data_ti_sysbios_knl_Clock_Module__state__V
                          inited   0x20000db0    0x2c  appBLE_prm3.orm3 [2]
    .data_ti_sysbios_BIOS_Module__state__V
                          inited   0x20000ddc    0x24  appBLE_prm3.orm3 [2]
    .data                 inited   0x20000e00    0x1c  Board.o [1]
    .data                 inited   0x20000e1c    0x1c  main.o [1]
    .data                 inited   0x20000e38    0x1c  oled.o [1]
    .data                 inited   0x20000e54    0x1c  appBLE_prm3.orm3 [2]
    .data                 inited   0x20000e70    0x1c  BIOS.o [9]
    .data_ti_sysbios_knl_Swi_Module__state__V
                          inited   0x20000e8c    0x1c  appBLE_prm3.orm3 [2]
    .data                 inited   0x20000ea8    0x18  ext_flash.o [1]
    .data                 inited   0x20000ec0    0x10  appBLE_prm3.orm3 [2]
    .data                 inited   0x20000ed0     0xc  ICall.o [1]
    .data                 inited   0x20000edc     0xc  oad.o [1]
    .data                 inited   0x20000ee8     0xc  appBLE_prm3.orm3 [2]
    .data                 inited   0x20000ef4     0x8  ICallCC2650.o [1]
    .data                 inited   0x20000efc     0x8  appBLE_prm3.orm3 [2]
    .data                 inited   0x20000f04     0x8  appBLE_prm3.orm3 [2]
    .data                 inited   0x20000f0c     0x8  appBLE_prm3.orm3 [2]
    .data                 inited   0x20000f14     0x8  appBLE_prm3.orm3 [2]
    .data                 inited   0x20000f1c     0x8  appBLE_prm3.orm3 [2]
    .data                 inited   0x20000f24     0x8  appBLE_prm3.orm3 [2]
    .data                 inited   0x20000f2c     0x8  appBLE_prm3.orm3 [2]
    .data                 inited   0x20000f34     0x8  appBLE_prm3.orm3 [2]
    .data                 inited   0x20000f3c     0x8  appBLE_prm3.orm3 [2]
    .data_ti_sysbios_family_arm_cc26xx_Timer_Module__state__V
                          inited   0x20000f44     0x8  appBLE_prm3.orm3 [2]
    .data                 inited   0x20000f4c     0x4  I2C.o [1]
    .data                 inited   0x20000f50     0x4  SensorTag_ConnCtrl.o [1]
    .data                 inited   0x20000f54     0x4  UART.o [1]
    .data                 inited   0x20000f58     0x4  appBLE_prm3.orm3 [2]
    .data                 inited   0x20000f5c     0x4  appBLE_prm3.orm3 [2]
    .data_xdc_runtime_Memory_Module__state__V
                          inited   0x20000f60     0x4  appBLE_prm3.orm3 [2]
    .data                 inited   0x20000f64     0x2  ICallBleAPI.o [1]
    .data                 inited   0x20000f66     0x1  ccservice.o [1]
    .data                 inited   0x20000f67     0x1  ccservice.o [1]
    .data                 inited   0x20000f68     0x1  ccservice.o [1]
    .data                 inited   0x20000f69     0x1  devinfoservice.o [1]
    .data                 inited   0x20000f6a     0x1  devinfoservice.o [1]
    .data                 inited   0x20000f6b     0x1  devinfoservice.o [1]
    .data                 inited   0x20000f6c     0x1  devinfoservice.o [1]
    .data                 inited   0x20000f6d     0x1  devinfoservice.o [1]
    .data                 inited   0x20000f6e     0x1  devinfoservice.o [1]
    .data                 inited   0x20000f6f     0x1  devinfoservice.o [1]
    .data                 inited   0x20000f70     0x1  devinfoservice.o [1]
    .data                 inited   0x20000f71     0x1  devinfoservice.o [1]
    .data                 inited   0x20000f72     0x1  oad.o [1]
    .data                 inited   0x20000f73     0x1  registerservice.o [1]
    .data                 inited   0x20000f74     0x1  registerservice.o [1]
    .data                 inited   0x20000f75     0x1  registerservice.o [1]
  .bss                    zero     0x20000f78   0xb38  ICall.o [1]
  .bss                    zero     0x20001ab0   0x800  oled.o [1]
  .bss                    zero     0x200022b0   0x684  appBLE_prm3.orm3 [2]
  .bss                    zero     0x20002934   0x30c  SensorTag.o [1]
  .bss                    zero     0x20002c40   0x208  peripheral.o [1]
  .bss                    zero     0x20002e48   0x200  appBLE_prm3.orm3 [2]
  .bss                    zero     0x20003048   0x150  Board.o [1]
  .bss                    zero     0x20003198    0xd0  Board.o [1]
  .bss                    zero     0x20003268    0xc8  appBLE_prm3.orm3 [2]
  .bss                    zero     0x20003330    0xbc  PINCC26XX.o [1]
  .bss                    zero     0x200033ec    0x9c  Board.o [1]
  .bss                    zero     0x20003488    0x84  ICall.o [1]
  .bss                    zero     0x2000350c    0x60  ICall.o [1]
  .bss                    zero     0x2000356c    0x34  bsp_i2c.o [1]
  .bss                    zero     0x200035a0    0x28  bsp_uart.o [1]
  .bss                    zero     0x200035c8    0x20  Board.o [1]
  .bss                    zero     0x200035e8    0x20  PINCC26XX.o [1]
  .bss                    zero     0x20003608    0x20  sensor.o [1]
  .bss                    zero     0x20003628    0x14  appBLE_prm3.orm3 [2]
  .bss                    zero     0x2000363c    0x14  osc.o [6]
  .bss                    zero     0x20003650    0x10  I2CCC26XX.o [1]
  .bss                    zero     0x20003660    0x10  oad_target_externalFlash.o [1]
  .bss                    zero     0x20003670    0x10  UARTCC26XX.o [1]
  .bss                    zero     0x20003680     0xc  ICall.o [1]
  .bss                    zero     0x2000368c     0x8  appBLE_prm3.orm3 [2]
  .bss                    zero     0x20003694     0x8  sys_ctrl.o [6]
  .data_xdc_runtime_Startup_Module__state__V
                          zero     0x2000369c     0x8  appBLE_prm3.orm3 [2]
  .data_xdc_runtime_System_Module__state__V
                          zero     0x200036a4     0x8  appBLE_prm3.orm3 [2]
  .bss                    zero     0x200036ac     0x4  ICallBleAPI.o [1]
  .bss                    zero     0x200036b0     0x4  ICallBleAPI.o [1]
  .bss                    zero     0x200036b4     0x4  oad.o [1]
  .bss                    zero     0x200036b8     0x4  appBLE_prm3.orm3 [2]
  .bss                    zero     0x200036bc     0x4  appBLE_prm3.orm3 [2]
  .bss                    zero     0x200036c0     0x2  appBLE_prm3.orm3 [2]
  .bss                    zero     0x200036c2     0x1  I2CCC26XX.o [1]
  .bss                    zero     0x200036c3     0x1  oad_target_externalFlash.o [1]
  .bss                    zero     0x200036c4     0x1  SPICC26XXDMA.o [1]
  .bss                    zero     0x200036c5     0x1  UARTCC26XX.o [1]
  .bss                    zero     0x200036c6     0x1  driverlib_release.o [6]
                                 - 0x200036c7  0x31a7

"A4":                                           0x400
  CSTACK                           0x20004058   0x400  <Block>
    CSTACK                uninit   0x20004058   0x400  <Block tail>
                                 - 0x20004458   0x400


*******************************************************************************
*** INIT TABLE
***

          Address     Size
          -------     ----
Zero (__iar_zero_init3)
    1 destination range, total size 0x274f:
          0x20000f78  0x274f

Copy/lz77 (__iar_lz77_init3)
    1 source range, total size 0x3df (37% of destination):
          0x0000a4f8   0x3df
    1 destination range, total size 0xa56:
          0x20000520   0xa56



*******************************************************************************
*** MODULE SUMMARY
***

    Module                      ro code  ro data  rw data  rw data
                                                            (abs)
    ------                      -------  -------  -------  -------
C:\work\source\ALL_SmartBatterySwitch_CC2640\simplelink\ble_cc26xx_2_01_01_44627\Projects\ble\SensorTag\CC26xx\IAR\Application\CC2650\FlashOnlyOAD\Obj: [1]
    Board.o                                  191      760
    I2C.o                            88        1        4
    I2CCC26XX.o                   1 148       20       17
    ICall.o                       2 644        5    3 124
    ICallBleAPI.o                 2 000        1       10
    ICallCC2650.o                   466        3        8
    PINCC26XX.o                   1 300               220
    SPI.o                            72
    SPICC26XXDMA.o                1 900       28        1       64
    SensorTag.o                   1 640       63      948
    SensorTag_ConnCtrl.o            254        2        4
    SmBus_Driver.o                   38
    UART.o                          120        1        4
    UARTCC26XX.o                  2 148       40       17
    UDMACC26XX.o                    168
    bleUserConfig.o                           79       84
    bsp_i2c.o                       268                52
    bsp_spi.o                       224       27       72
    bsp_uart.o                       60                40
    ccservice.o                     512      131      159
    devinfoservice.o                532      213      497
    ext_flash.o                     625        9       24
    gatt_uuid.o                      16
    gattservapp_util.o              530
    keyScan.o                       152       18       48
    main.o                           36       10       28
    oad.o                           964      115      173
    oad_target_externalFlash.o      468                17
    oled.o                        3 904       11    2 076
    peripheral.o                  2 394      107      804
    registerservice.o               736      135      167
    sensor.o                         64                32
    st_util.o                        44
    util.o                          304
    --------------------------------------------------------------
    Total:                       25 819    1 210    9 390       64

C:\work\source\ALL_SmartBatterySwitch_CC2640\simplelink\ble_cc26xx_2_01_01_44627\Projects\ble\SensorTag\CC26xx\IAR\Application\CC2650\configPkg\package\cfg: [2]
    appBLE_prm3.orm3              1 440    1 453    3 262
    --------------------------------------------------------------
    Total:                        1 440    1 453    3 262

command line: [3]
    --------------------------------------------------------------
    Total:

boot.arm3: [4]
    boot.orm3                        22
    cmain.orm3                       26
    cstartup_M.orm3                  22
    iar_xdc_init.orm3                32
    --------------------------------------------------------------
    Total:                          102

dl7M_tln.a: [5]
    abort.o                           6
    low_level_init.o                  4
    --------------------------------------------------------------
    Total:                           10

driverlib.lib: [6]
    aon_batmon.o                     40
    aon_rtc.o                        36
    chipinfo.o                      216
    cpu.o                            24
    ddi.o                           162
    driverlib_release.o                                 1
    flash.o                          44
    osc.o                           480                20
    setup.o                       1 276
    sys_ctrl.o                      532                 8
    vims.o                           16
    --------------------------------------------------------------
    Total:                        2 826                29

m7M_tl.a: [7]
    --------------------------------------------------------------
    Total:

rt7M_tl.a: [8]
    ABImemclr.o                       6
    ABImemclr4.o                      6
    ABImemcpy_unaligned.o           118
    ABImemset.o                     102
    ABImemset48.o                    58
    I64DivMod.o                     238
    I64DivZer.o                       2
    XXexit.o                         12
    data_init.o                      40
    lz77_init.o                     450
    memcmp_unaligned.o               98
    strlen.o                         54
    zero_init3.o                     64
    --------------------------------------------------------------
    Total:                        1 248

sysbios.arm3: [9]
    BIOS.o                        8 548       11       28
    m3_Hwi_asm_iar.obj              272
    m3_Hwi_asm_switch_iar.obj       104
    m3_TaskSupport_asm_iar.obj      108
    --------------------------------------------------------------
    Total:                        9 032       11       28

    Gaps                             24        4        2
    Linker created                            44    1 024
------------------------------------------------------------------
    Grand Total:                 40 501    2 722   13 735       64


*******************************************************************************
*** ENTRY LIST
***

Entry                      Address   Size  Type      Object
-----                      -------   ----  ----      ------
.iar.init_table$$Base   0x0000a16c          --   Gb  - Linker created -
.iar.init_table$$Limit  0x0000a198          --   Gb  - Linker created -
?main                   0x0000a351         Code  Gb  cmain.orm3 [4]
AONBatMonTemperatureGetDegC
                        0x000034ad   0x28  Code  Gb  aon_batmon.o [6]
AuxAdiDdiSafeRead       0x00002d79   0x3a  Code  Lc  ddi.o [6]
BoardFlashPinTable      0x20000eac    0x8  Data  Lc  ext_flash.o [1]
BoardGpioInitTable      0x20000e00   0x1c  Data  Gb  Board.o [1]
BoardSpiInitTable       0x20000bf0   0x10  Data  Lc  bsp_spi.o [1]
CSTACK$$Base            0x20004058         Data  Gb  - Linker created -
CSTACK$$Length          0x00000400          --   Gb  - Linker created -
CSTACK$$Limit           0x20004458         Data  Gb  - Linker created -
CcService_addService    0x00008ca9   0x50  Code  Gb  ccservice.o [1]
CcService_getParameter  0x00008d71   0x30  Code  Gb  ccservice.o [1]
CcService_registerAppCBs
                        0x00008cf9    0xe  Code  Gb  ccservice.o [1]
CcService_setParameter  0x00008d07   0x6a  Code  Gb  ccservice.o [1]
ChipInfo_GetChipFamily  0x000033e9   0x30  Code  Gb  chipinfo.o [6]
ChipInfo_GetHwRevision  0x00003419   0x72  Code  Gb  chipinfo.o [6]
ChipInfo_GetPackageType
                        0x000033d5   0x14  Code  Gb  chipinfo.o [6]
DevInfo_AddService      0x00007f2d    0xe  Code  Gb  devinfoservice.o [1]
DevInfo_SetParameter    0x00007f3d  0x132  Code  Gb  devinfoservice.o [1]
GAPBondMgr_LinkEst      0x00005f93   0x2e  Code  Gb  ICallBleAPI.o [1]
GAPBondMgr_LinkTerm     0x00005fc1   0x10  Code  Gb  ICallBleAPI.o [1]
GAPBondMgr_Register     0x00005f75   0x16  Code  Gb  ICallBleAPI.o [1]
GAPRole_GetParameter    0x000056c1  0x11e  Code  Gb  peripheral.o [1]
GAPRole_RegisterAppCBs  0x00005811    0xa  Code  Gb  peripheral.o [1]
GAPRole_SendUpdateParam
                        0x00005d25   0x4e  Code  Gb  peripheral.o [1]
GAPRole_SetParameter    0x00005435  0x27a  Code  Gb  peripheral.o [1]
GAPRole_StartDevice     0x000057df   0x32  Code  Gb  peripheral.o [1]
GAPRole_TerminateConnection
                        0x0000581b   0x1e  Code  Gb  peripheral.o [1]
GAPRole_createTask      0x00005839   0x34  Code  Gb  peripheral.o [1]
GAP_DeviceInit          0x00006145   0x42  Code  Gb  ICallBleAPI.o [1]
GAP_EndDiscoverable     0x00006209    0x6  Code  Gb  ICallBleAPI.o [1]
GAP_GetParamValue       0x00006267   0x36  Code  Gb  ICallBleAPI.o [1]
GAP_MakeDiscoverable    0x000061c7    0x8  Code  Gb  ICallBleAPI.o [1]
GAP_SetParamValue       0x0000622f   0x26  Code  Gb  ICallBleAPI.o [1]
GAP_TerminateAuth       0x00006213    0x8  Code  Gb  ICallBleAPI.o [1]
GAP_TerminateLinkReq    0x00006191   0x2e  Code  Gb  ICallBleAPI.o [1]
GAP_UpdateAdvertisingData
                        0x000061cf   0x3a  Code  Gb  ICallBleAPI.o [1]
GAP_UpdateLinkParamReq  0x00006187    0x6  Code  Gb  ICallBleAPI.o [1]
GATTServApp_AddService  0x00005fed    0x6  Code  Gb  ICallBleAPI.o [1]
GATTServApp_FindAttr    0x00008af9   0x20  Code  Gb  gattservapp_util.o [1]
GATTServApp_InitCharCfg
                        0x00008a29   0x34  Code  Gb  gattservapp_util.o [1]
GATTServApp_ProcessCCCWriteReq
                        0x00008b19   0x50  Code  Gb  gattservapp_util.o [1]
GATTServApp_ProcessCharCfg
                        0x00008a5d   0x90  Code  Gb  gattservapp_util.o [1]
GATTServApp_ReadCharCfg
                        0x00008b69    0xc  Code  Gb  gattservapp_util.o [1]
GATTServApp_RegisterService
                        0x00005ff3   0x2e  Code  Gb  ICallBleAPI.o [1]
GATTServApp_WriteCharCfg
                        0x00008b75   0x26  Code  Gb  gattservapp_util.o [1]
GATT_Indication         0x00006129    0xe  Code  Gb  ICallBleAPI.o [1]
GATT_Notification       0x0000610b   0x1e  Code  Gb  ICallBleAPI.o [1]
GATT_bm_alloc           0x0000632d   0x1e  Code  Gb  ICallBleAPI.o [1]
GATT_bm_free            0x0000634b   0x12  Code  Gb  ICallBleAPI.o [1]
GGS_AddService          0x0000602d    0x6  Code  Gb  ICallBleAPI.o [1]
GGS_SetParameter        0x00006033   0x10  Code  Gb  ICallBleAPI.o [1]
HapiTrimDeviceShutDown  0x00002901  0x3e4  Code  Lc  setup.o [6]
I2CCC26XX_blockingCallback
                        0x00009849    0x8  Code  Lc  I2CCC26XX.o [1]
I2CCC26XX_close         0x00009489   0x68  Code  Gb  I2CCC26XX.o [1]
I2CCC26XX_completeTransfer
                        0x000094ff   0x36  Code  Lc  I2CCC26XX.o [1]
I2CCC26XX_control       0x000094f9    0x6  Code  Gb  I2CCC26XX.o [1]
I2CCC26XX_fxnTable      0x0000a3e8   0x14  Data  Gb  I2CCC26XX.o [1]
I2CCC26XX_hwiFxn        0x00009535   0xd6  Code  Lc  I2CCC26XX.o [1]
I2CCC26XX_init          0x0000960b   0x10  Code  Gb  I2CCC26XX.o [1]
I2CCC26XX_initHw        0x00009851   0x52  Code  Lc  I2CCC26XX.o [1]
I2CCC26XX_open          0x0000961b  0x126  Code  Gb  I2CCC26XX.o [1]
I2CCC26XX_primeTransfer
                        0x00009741   0x5c  Code  Lc  I2CCC26XX.o [1]
I2CCC26XX_transfer      0x0000979d   0xac  Code  Gb  I2CCC26XX.o [1]
I2CMasterControl        0x00009455    0xa  Code  Lc  I2CCC26XX.o [1]
I2CMasterSlaveAddrSet   0x0000945f    0xc  Code  Lc  I2CCC26XX.o [1]
I2C_Params_init         0x000090c9    0x6  Code  Gb  I2C.o [1]
I2C_close               0x0000907d    0x6  Code  Gb  I2C.o [1]
I2C_config              0x00009e10   0x18  Data  Gb  Board.o [1]
I2C_count               0x20000f4c    0x4  Data  Lc  I2C.o [1]
I2C_init                0x00009083   0x2e  Code  Gb  I2C.o [1]
I2C_open                0x000090b1    0xe  Code  Gb  I2C.o [1]
I2C_transfer            0x000090cf    0x6  Code  Gb  I2C.o [1]
ICallPlatform_pwrActivityCount
                        0x20000ef4    0x1  Data  Lc  ICallCC2650.o [1]
ICallPlatform_pwrCfgACAction
                        0x20000ef8    0x4  Data  Lc  ICallCC2650.o [1]
ICallPlatform_pwrConfigACAction
                        0x000099cb   0x38  Code  Gb  ICallCC2650.o [1]
ICallPlatform_pwrDispense
                        0x00009a17   0x14  Code  Gb  ICallCC2650.o [1]
ICallPlatform_pwrDispenseImpl
                        0x0000992d   0x2c  Code  Lc  ICallCC2650.o [1]
ICallPlatform_pwrGetTransitionState
                        0x00009a85    0xe  Code  Gb  ICallCC2650.o [1]
ICallPlatform_pwrGetXOSCStartupTime
                        0x00009a93   0x10  Code  Gb  ICallCC2650.o [1]
ICallPlatform_pwrIsStableXOSCHF
                        0x00009a69   0x12  Code  Gb  ICallCC2650.o [1]
ICallPlatform_pwrNotify
                        0x000098d1   0x30  Code  Lc  ICallCC2650.o [1]
ICallPlatform_pwrRegisterNotify
                        0x00009a31   0x2e  Code  Gb  ICallCC2650.o [1]
ICallPlatform_pwrRequire
                        0x00009a03   0x14  Code  Gb  ICallCC2650.o [1]
ICallPlatform_pwrRequireImpl
                        0x00009901   0x2c  Code  Lc  ICallCC2650.o [1]
ICallPlatform_pwrSwitchXOSCHF
                        0x00009a7b    0xa  Code  Gb  ICallCC2650.o [1]
ICallPlatform_pwrUpdActivityCounter
                        0x00009969   0x62  Code  Gb  ICallCC2650.o [1]
ICall_allocMsg          0x00005d91   0x1a  Code  Lc  ICallBleAPI.o [1]
ICall_clockFunc         0x00004fd9    0x8  Code  Lc  ICall.o [1]
ICall_createRemoteTasks
                        0x00004c05   0x58  Code  Gb  ICall.o [1]
ICall_dispatch          0x00004b8f   0x2e  Code  Lc  ICall.o [1]
ICall_dispatcher        0x20000ed8    0x4  Data  Gb  ICall.o [1]
ICall_enterCSImpl       0x000049e9   0x16  Code  Gb  ICall.o [1]
ICall_enterCriticalSection
                        0x20000ed0    0x4  Data  Gb  ICall.o [1]
ICall_entities          0x20003488   0x84  Data  Lc  ICall.o [1]
ICall_free              0x000077e3   0x14  Code  Lc  SensorTag.o [1]
ICall_free              0x00006561   0x1c  Code  Lc  util.o [1]
ICall_freeMsg           0x00005dab   0x14  Code  Lc  ICallBleAPI.o [1]
ICall_getEntityId       0x00005e31   0x1c  Code  Lc  ICallBleAPI.o [1]
ICall_getLocalMsgEntityId
                        0x00005e4d   0x1c  Code  Lc  ICallBleAPI.o [1]
ICall_heapCSState       0x20003680    0x4  Data  Lc  ICall.o [1]
ICall_heapFree          0x00004ac3   0x24  Code  Gb  ICall.o [1]
ICall_heapInit          0x00004a15   0x2e  Code  Gb  ICall.o [1]
ICall_heapMalloc        0x00004a43   0x80  Code  Gb  ICall.o [1]
ICall_init              0x00004bc5   0x40  Code  Gb  ICall.o [1]
ICall_leaveCSImpl       0x000049ff   0x16  Code  Gb  ICall.o [1]
ICall_leaveCriticalSection
                        0x20000ed4    0x4  Data  Gb  ICall.o [1]
ICall_malloc            0x00008521   0x22  Code  Lc  oad.o [1]
ICall_malloc            0x000077c9   0x1a  Code  Lc  SensorTag.o [1]
ICall_mallocImpl        0x00004d1f    0x4  Code  Gb  ICall.o [1]
ICall_msecs2Ticks       0x00004ec5   0x2e  Code  Lc  ICall.o [1]
ICall_msgEnqueue        0x00004d4b   0x2c  Code  Lc  ICall.o [1]
ICall_newTask           0x00004b11   0x42  Code  Lc  ICall.o [1]
ICall_primAbort         0x00004f4b    0x6  Code  Lc  ICall.o [1]
ICall_primAllocMsg      0x00004cf1   0x26  Code  Lc  ICall.o [1]
ICall_primCreateSemaphore
                        0x000052e3   0x42  Code  Lc  ICall.o [1]
ICall_primCreateTask    0x000052a5   0x3e  Code  Lc  ICall.o [1]
ICall_primDisableInt    0x00004f5d    0xc  Code  Lc  ICall.o [1]
ICall_primDisableMInt   0x00004f77    0xe  Code  Lc  ICall.o [1]
ICall_primE2S           0x00004e5f    0x6  Code  Lc  ICall.o [1]
ICall_primEnableInt     0x00004f51    0xc  Code  Lc  ICall.o [1]
ICall_primEnableMInt    0x00004f69    0xe  Code  Lc  ICall.o [1]
ICall_primEnroll        0x00004c5d   0x4c  Code  Lc  ICall.o [1]
ICall_primEntityId2ServiceId
                        0x00004e37   0x28  Code  Lc  ICall.o [1]
ICall_primFetchMsg      0x00004de3   0x4e  Code  Lc  ICall.o [1]
ICall_primFetchServiceMsg
                        0x00004e85   0x40  Code  Lc  ICall.o [1]
ICall_primFree          0x00004d3f    0x4  Code  Lc  ICall.o [1]
ICall_primFreeMsg       0x00004d17    0x8  Code  Lc  ICall.o [1]
ICall_primGetEntityId   0x000051dd   0x44  Code  Lc  ICall.o [1]
ICall_primGetMaxMSecs   0x000050ad   0x2c  Code  Lc  ICall.o [1]
ICall_primGetTickPeriod
                        0x000050a3    0xa  Code  Lc  ICall.o [1]
ICall_primGetTicks      0x00004fcb    0xe  Code  Lc  ICall.o [1]
ICall_primMalloc        0x00004d23   0x16  Code  Lc  ICall.o [1]
ICall_primRegisterApp   0x00004ca9   0x48  Code  Lc  ICall.o [1]
ICall_primRegisterISR   0x00004f85   0x1a  Code  Lc  ICall.o [1]
ICall_primRegisterISR_Ext
                        0x00004f9f   0x18  Code  Lc  ICall.o [1]
ICall_primSend          0x00004d77   0x6c  Code  Lc  ICall.o [1]
ICall_primSendServiceMsg
                        0x00004e65   0x1a  Code  Lc  ICall.o [1]
ICall_primService       0x00005359   0x16  Code  Lc  ICall.o [1]
ICall_primSetTimer      0x00004fe1   0x92  Code  Lc  ICall.o [1]
ICall_primSetTimerMSecs
                        0x00005073   0x1a  Code  Lc  ICall.o [1]
ICall_primSignal        0x00004f3f    0xc  Code  Lc  ICall.o [1]
ICall_primStopTimer     0x0000508d   0x16  Code  Lc  ICall.o [1]
ICall_primSvcFuncs      0x0000537c   0xa4  Data  Lc  ICall.o [1]
ICall_primThreadServes  0x00005221   0x54  Code  Lc  ICall.o [1]
ICall_primWait          0x00004ef3   0x4c  Code  Lc  ICall.o [1]
ICall_primWaitMatch     0x000050d9  0x100  Code  Lc  ICall.o [1]
ICall_primWaitSemaphore
                        0x00005325   0x32  Code  Lc  ICall.o [1]
ICall_searchServiceEntity
                        0x00004b5f   0x30  Code  Lc  ICall.o [1]
ICall_searchTask        0x00004ae7   0x2a  Code  Lc  ICall.o [1]
ICall_sendServiceMsg    0x00005dcd   0x28  Code  Lc  ICallBleAPI.o [1]
ICall_taskEntry         0x00004bbd    0x8  Code  Lc  ICall.o [1]
ICall_taskEntryFuncs    0x00005370    0xc  Data  Lc  ICall.o [1]
ICall_tasks             0x2000350c   0x60  Data  Lc  ICall.o [1]
ICall_waitMatch         0x00005df5   0x3c  Code  Lc  ICallBleAPI.o [1]
IICGpioPin              0x20000e38    0x4  Data  Lc  oled.o [1]
IICPinTable             0x20000e48    0xc  Data  Lc  oled.o [1]
IIC_Start               0x0000355f   0x16  Code  Lc  oled.o [1]
IIC_Stop                0x00003587   0x1e  Code  Lc  oled.o [1]
IIC_Wait_Ack            0x00003553    0xc  Code  Lc  oled.o [1]
IIC_WriteChar           0x00003515   0x34  Code  Lc  oled.o [1]
InStream_Read           0x00009aa3   0x22  Code  Lc  lz77_init.o [8]
KEYGpioPin              0x20000cc0    0x4  Data  Lc  keyScan.o [1]
KEYPinTable             0x20000ce0   0x10  Data  Lc  keyScan.o [1]
KEY_Callback            0x00007e95   0x44  Code  Lc  keyScan.o [1]
KEY_Init                0x00007eed   0x2e  Code  Gb  keyScan.o [1]
NOROM_AONRTCCurrentCompareValueGet
                        0x00003329   0x20  Code  Gb  aon_rtc.o [6]
NOROM_CPUcpsid          0x00003221    0x8  Code  Gb  cpu.o [6]
NOROM_CPUcpsie          0x00003229    0x8  Code  Gb  cpu.o [6]
NOROM_CPUdelay          0x00003231    0x8  Code  Gb  cpu.o [6]
NOROM_DDI16BitfieldRead
                        0x00002df9   0x22  Code  Gb  ddi.o [6]
NOROM_DDI16BitfieldWrite
                        0x00002db3   0x42  Code  Gb  ddi.o [6]
NOROM_FlashProgram      0x00009353    0xc  Code  Gb  flash.o [6]
NOROM_FlashSectorErase  0x00009349    0xa  Code  Gb  flash.o [6]
NOROM_OSCClockSourceGet
                        0x00002e61   0x1a  Code  Gb  osc.o [6]
NOROM_OSCClockSourceSet
                        0x00002e1d   0x44  Code  Gb  osc.o [6]
NOROM_OSCInterfaceEnable
                        0x00002e7b   0x2a  Code  Gb  osc.o [6]
NOROM_VIMSModeGet       0x00002ffd   0x10  Code  Gb  vims.o [6]
OADTarget_close         0x00008eb5   0x10  Code  Gb  oad_target_externalFlash.o [1]
OADTarget_eraseFlash    0x00008fb3    0xa  Code  Gb  oad_target_externalFlash.o [1]
OADTarget_getCrc        0x00008f83    0xc  Code  Gb  oad_target_externalFlash.o [1]
OADTarget_getCurrentImageHeader
                        0x00008ec9   0x44  Code  Gb  oad_target_externalFlash.o [1]
OADTarget_hasExternalFlash
                        0x00008ec5    0x4  Code  Gb  oad_target_externalFlash.o [1]
OADTarget_imageAddress  0x00008f69   0x1a  Code  Gb  oad_target_externalFlash.o [1]
OADTarget_open          0x00008ea9    0xc  Code  Gb  oad_target_externalFlash.o [1]
OADTarget_readFlash     0x00008f8f   0x12  Code  Gb  oad_target_externalFlash.o [1]
OADTarget_storeImageHeader
                        0x00008f2b   0x3e  Code  Gb  oad_target_externalFlash.o [1]
OADTarget_systemReset   0x00008fbd   0xaa  Code  Gb  oad_target_externalFlash.o [1]
OADTarget_validateNewImage
                        0x00008f0d   0x1e  Code  Gb  oad_target_externalFlash.o [1]
OADTarget_writeFlash    0x00008fa1   0x12  Code  Gb  oad_target_externalFlash.o [1]
OAD_addService          0x00008543   0x60  Code  Gb  oad.o [1]
OAD_getNextBlockReq     0x00008729   0x56  Code  Lc  oad.o [1]
OAD_imgBlockWrite       0x00008685   0x9c  Code  Gb  oad.o [1]
OAD_imgIdentifyWrite    0x0000862d   0x58  Code  Gb  oad.o [1]
OAD_register            0x000085a3    0x8  Code  Gb  oad.o [1]
OAD_rejectImage         0x0000877f   0x78  Code  Lc  oad.o [1]
OLED_Clear              0x00003653   0x22  Code  Gb  oled.o [1]
OLED_DrawPoint          0x00003675   0x44  Code  Gb  oled.o [1]
OLED_GRAM               0x20001ab0  0x400  Data  Gb  oled.o [1]
OLED_GRAM_Temp          0x20001eb0  0x400  Data  Gb  oled.o [1]
OLED_Init               0x000037f9   0xf0  Code  Gb  oled.o [1]
OLED_Refresh_Gram       0x000035f1   0x5c  Code  Gb  oled.o [1]
OLED_ShowChar           0x00003739   0x80  Code  Gb  oled.o [1]
OLED_ShowString         0x000037b9   0x40  Code  Gb  oled.o [1]
OLED_WR_Byte            0x000035b1   0x40  Code  Lc  oled.o [1]
OLED_showBatteryBmp     0x000036c5   0x74  Code  Gb  oled.o [1]
OSCHF_AttemptToSwitchToXosc
                        0x00002f4d   0x46  Code  Gb  osc.o [6]
OSCHF_GetStartupTime    0x00002ea5   0x78  Code  Gb  osc.o [6]
OSCHF_SwitchToRcOscTurnOffXosc
                        0x00002f93   0x4c  Code  Gb  osc.o [6]
OSCHF_TurnOnXosc        0x00002f1d   0x30  Code  Gb  osc.o [6]
OutStream_Write         0x00009ac5   0x40  Code  Lc  lz77_init.o [8]
PINCC26XX_getConfig     0x000048bd   0x30  Code  Gb  PINCC26XX.o [1]
PINCC26XX_setIoCfg      0x00004493   0xa0  Code  Lc  PINCC26XX.o [1]
PINCC26XX_setIoCfgMux   0x00004533   0x20  Code  Lc  PINCC26XX.o [1]
PINCC26XX_setMux        0x000048ed   0x1e  Code  Gb  PINCC26XX.o [1]
PIN_HandleTable         0x20003334   0x7c  Data  Gb  PINCC26XX.o [1]
PIN_Isr                 0x00004455   0x3e  Code  Lc  PINCC26XX.o [1]
PIN_NumPins             0x20003330    0x4  Data  Gb  PINCC26XX.o [1]
PIN_add                 0x0000471d   0x50  Code  Gb  PINCC26XX.o [1]
PIN_close               0x000047bf   0x1e  Code  Gb  PINCC26XX.o [1]
PIN_getConfig           0x00004881   0x14  Code  Gb  PINCC26XX.o [1]
PIN_getInputValue       0x000047dd    0x4  Code  Gb  PINCC26XX.o [1]
PIN_init                0x00004553  0x154  Code  Gb  PINCC26XX.o [1]
PIN_open                0x000046a7   0x76  Code  Gb  PINCC26XX.o [1]
PIN_registerIntCb       0x00004875    0xc  Code  Gb  PINCC26XX.o [1]
PIN_remove              0x00004777   0x48  Code  Gb  PINCC26XX.o [1]
PIN_setConfig           0x00004895   0x28  Code  Gb  PINCC26XX.o [1]
PIN_setInterrupt        0x0000484d   0x28  Code  Gb  PINCC26XX.o [1]
PIN_setOutputEnable     0x000047e1   0x30  Code  Gb  PINCC26XX.o [1]
PIN_setOutputValue      0x0000481b   0x26  Code  Gb  PINCC26XX.o [1]
PinGpioConfigTable      0x200035e8   0x20  Data  Lc  PINCC26XX.o [1]
PinHwi                  0x200033b4   0x1c  Data  Lc  PINCC26XX.o [1]
PinSem                  0x200033d0   0x1c  Data  Lc  PINCC26XX.o [1]
Region$$Table$$Base     0x0000a16c          --   Gb  - Linker created -
Region$$Table$$Limit    0x0000a198          --   Gb  - Linker created -
Register_addService     0x00008141   0x50  Code  Gb  registerservice.o [1]
Register_setParameter   0x00008191   0x2c  Code  Gb  registerservice.o [1]
SMB_Init                0x00007e31    0x4  Code  Gb  SmBus_Driver.o [1]
SMB_Read                0x00007e35   0x22  Code  Gb  SmBus_Driver.o [1]
SPICC26XXDMA_close      0x00006fd9   0x4c  Code  Gb  SPICC26XXDMA.o [1]
SPICC26XXDMA_configDMA  0x0000709f   0xd2  Code  Lc  SPICC26XXDMA.o [1]
SPICC26XXDMA_control    0x00007025   0x7a  Code  Gb  SPICC26XXDMA.o [1]
SPICC26XXDMA_csnCallback
                        0x000074b5   0x36  Code  Lc  SPICC26XXDMA.o [1]
SPICC26XXDMA_fxnTable   0x0000a334   0x1c  Data  Gb  SPICC26XXDMA.o [1]
SPICC26XXDMA_hwiFxn     0x00007171   0xa0  Code  Lc  SPICC26XXDMA.o [1]
SPICC26XXDMA_init       0x00007213   0x12  Code  Gb  SPICC26XXDMA.o [1]
SPICC26XXDMA_initHw     0x000074eb   0x4e  Code  Lc  SPICC26XXDMA.o [1]
SPICC26XXDMA_initIO     0x00007539  0x12a  Code  Lc  SPICC26XXDMA.o [1]
SPICC26XXDMA_open       0x00007225  0x11a  Code  Gb  SPICC26XXDMA.o [1]
SPICC26XXDMA_serviceISR
                        0x00007211    0x2  Code  Lc  SPICC26XXDMA.o [1]
SPICC26XXDMA_transfer   0x0000733f   0xbe  Code  Gb  SPICC26XXDMA.o [1]
SPICC26XXDMA_transferCallback
                        0x000074ad    0x8  Code  Lc  SPICC26XXDMA.o [1]
SPICC26XXDMA_transferCancel
                        0x000073fd   0xa0  Code  Gb  SPICC26XXDMA.o [1]
SPI_Params_init         0x00007799    0xa  Code  Gb  SPI.o [1]
SPI_close               0x00007781    0x6  Code  Gb  SPI.o [1]
SPI_config              0x00009ddc   0x24  Data  Gb  Board.o [1]
SPI_defaultParams       0x000077a8   0x20  Data  Gb  SPI.o [1]
SPI_open                0x00007787    0xe  Code  Gb  SPI.o [1]
SPI_transfer            0x000077a3    0x6  Code  Gb  SPI.o [1]
SSIDMADisable           0x00006f9b    0x4  Code  Lc  SPICC26XXDMA.o [1]
SSIDisable              0x00006f89    0xc  Code  Lc  SPICC26XXDMA.o [1]
SSIIntDisable           0x00006f95    0x6  Code  Lc  SPICC26XXDMA.o [1]
STACK_TOP {Abs}         0x2000445c          --   Gb  command line/config [3]
SensorTagConnControl_paramUpdateCB
                        0x000084e9   0x2e  Code  Gb  SensorTag_ConnCtrl.o [1]
SensorTagConnControl_processCharChangeEvt
                        0x00008491   0x58  Code  Gb  SensorTag_ConnCtrl.o [1]
SensorTagConnectionControl_init
                        0x00008421   0x10  Code  Gb  SensorTag_ConnCtrl.o [1]
SensorTagConnectionControl_update
                        0x00008435   0x5c  Code  Gb  SensorTag_ConnCtrl.o [1]
SensorTag_blinkLed      0x00007ccb   0x46  Code  Gb  SensorTag.o [1]
SensorTag_callback      0x00007d89    0x2  Code  Lc  SensorTag.o [1]
SensorTag_charValueChangeCB
                        0x00007cc3    0x8  Code  Gb  SensorTag.o [1]
SensorTag_clockHandler  0x00007d51    0xe  Code  Lc  SensorTag.o [1]
SensorTag_createTask    0x00007805   0x34  Code  Gb  SensorTag.o [1]
SensorTag_enqueueMsg    0x00007d5f   0x28  Code  Lc  SensorTag.o [1]
SensorTag_gapRoleCBs    0x200008bc    0x4  Data  Lc  SensorTag.o [1]
SensorTag_init          0x00007839  0x1f6  Code  Lc  SensorTag.o [1]
SensorTag_processOadWriteCB
                        0x00007d15   0x3a  Code  Lc  SensorTag.o [1]
SensorTag_stateChangeCB
                        0x00007cbb    0x8  Code  Lc  SensorTag.o [1]
SensorTag_taskFxn       0x00007a31  0x270  Code  Lc  SensorTag.o [1]
SensortagAppPinTable    0x200008b4    0x8  Data  Lc  SensorTag.o [1]
SysCtrlAdjustRechargeAfterPowerDown
                        0x0000313f   0x56  Code  Gb  sys_ctrl.o [6]
SysCtrlSetRechargeBeforePowerDown
                        0x0000300d  0x132  Code  Gb  sys_ctrl.o [6]
SysCtrl_DCDC_VoltageConditionalControl
                        0x00003195   0x5a  Code  Gb  sys_ctrl.o [6]
ThisCodeIsBuiltForCC26xxHwRev22AndLater_HaltIfViolated
                        0x00003499   0x14  Code  Gb  chipinfo.o [6]
UARTCC26XX_close        0x00006aeb   0x6e  Code  Gb  UARTCC26XX.o [1]
UARTCC26XX_control      0x00006b59   0x22  Code  Gb  UARTCC26XX.o [1]
UARTCC26XX_fxnTable     0x0000a068   0x28  Data  Gb  UARTCC26XX.o [1]
UARTCC26XX_hwiIntFxn    0x000068a1   0xd8  Code  Gb  UARTCC26XX.o [1]
UARTCC26XX_init         0x00006985   0x10  Code  Gb  UARTCC26XX.o [1]
UARTCC26XX_initHw       0x00006d57   0xa4  Code  Lc  UARTCC26XX.o [1]
UARTCC26XX_initIO       0x00006dfb   0x78  Code  Lc  UARTCC26XX.o [1]
UARTCC26XX_open         0x00006995  0x156  Code  Gb  UARTCC26XX.o [1]
UARTCC26XX_read         0x00006c89   0x74  Code  Gb  UARTCC26XX.o [1]
UARTCC26XX_readCancel   0x00006d05   0x2e  Code  Gb  UARTCC26XX.o [1]
UARTCC26XX_readPolling  0x00006cfd    0x2  Code  Gb  UARTCC26XX.o [1]
UARTCC26XX_write        0x00006b7b   0xa2  Code  Gb  UARTCC26XX.o [1]
UARTCC26XX_writeCancel  0x00006c29   0x48  Code  Gb  UARTCC26XX.o [1]
UARTCC26XX_writePolling
                        0x00006c27    0x2  Code  Gb  UARTCC26XX.o [1]
UARTIntDisable          0x0000669b    0xc  Code  Lc  UARTCC26XX.o [1]
UARTIntEnable           0x00006691    0xa  Code  Lc  UARTCC26XX.o [1]
UART_Params_init        0x00006f39    0xa  Code  Gb  UART.o [1]
UART_config             0x00009d84   0x18  Data  Gb  Board.o [1]
UART_count              0x20000f54    0x4  Data  Lc  UART.o [1]
UART_defaultParams      0x00006f48   0x24  Data  Gb  UART.o [1]
UART_init               0x00006ef5   0x2e  Code  Gb  UART.o [1]
UART_open               0x00006f23    0xe  Code  Gb  UART.o [1]
UART_write              0x00006f43    0x6  Code  Gb  UART.o [1]
UDMACC26XX_channelDone  0x00006f6d   0x12  Code  Lc  SPICC26XXDMA.o [1]
UDMACC26XX_clearInterrupt
                        0x00006f7f    0xa  Code  Lc  SPICC26XXDMA.o [1]
UDMACC26XX_close        0x00007731   0x30  Code  Gb  UDMACC26XX.o [1]
UDMACC26XX_config       0x00009da4   0x10  Data  Gb  Board.o [1]
UDMACC26XX_hwiIntFxn    0x000076d9    0xa  Code  Gb  UDMACC26XX.o [1]
UDMACC26XX_initHw       0x00007761   0x14  Code  Lc  UDMACC26XX.o [1]
UDMACC26XX_open         0x000076e3   0x4e  Code  Gb  UDMACC26XX.o [1]
UdmaObjects             0x200035c8   0x20  Data  Gb  Board.o [1]
Util_constructClock     0x0000657d   0x48  Code  Gb  util.o [1]
Util_constructQueue     0x00006613    0xe  Code  Gb  util.o [1]
Util_dequeueMsg         0x00006669   0x1e  Code  Gb  util.o [1]
Util_enqueueMsg         0x00006621   0x48  Code  Gb  util.o [1]
Util_isActive           0x000065f3    0xe  Code  Gb  util.o [1]
Util_restartClock       0x000065c9   0x2a  Code  Gb  util.o [1]
Util_startClock         0x000065c5    0x4  Code  Gb  util.o [1]
Util_stopClock          0x00006601    0x4  Code  Gb  util.o [1]
__aeabi_ldiv0           0x000034d5         Code  Gb  I64DivZer.o [8]
__aeabi_memclr          0x000033c5         Code  Gb  ABImemclr.o [8]
__aeabi_memclr4         0x000033cd         Code  Gb  ABImemclr4.o [8]
__aeabi_memset          0x000027a9         Code  Gb  ABImemset.o [8]
__aeabi_memset4         0x000034d9         Code  Gb  ABImemset48.o [8]
__aeabi_memset8         0x000034d9         Code  Gb  ABImemset48.o [8]
__aeabi_uldivmod        0x00003239         Code  Gb  I64DivMod.o [8]
__cmain                 0x0000a351         Code  Gb  cmain.orm3 [4]
__exit                  0x00005429         Code  Gb  XXexit.o [8]
__iar_Memset            0x000027a9         Code  Gb  ABImemset.o [8]
__iar_Memset4_word      0x000034e1         Code  Gb  ABImemset48.o [8]
__iar_Memset8_word      0x000034e1         Code  Gb  ABImemset48.o [8]
__iar_Memset_word       0x000027b1         Code  Gb  ABImemset.o [8]
__iar_data_init3        0x0000a091   0x28  Code  Gb  data_init.o [8]
__iar_lz77_init3        0x00009b05  0x160  Code  Gb  lz77_init.o [8]
__iar_program_start     0x0000a3d1         Code  Gb  boot.orm3 [4]
__iar_program_startC    0x0000a3b9   0x16  Code  Gb  cstartup_M.orm3 [4]
__iar_unaligned___aeabi_memcpy
                        0x0000334d         Code  Gb  ABImemcpy_unaligned.o [8]
__iar_unaligned___aeabi_memcpy4
                        0x0000336d         Code  Gb  ABImemcpy_unaligned.o [8]
__iar_unaligned___aeabi_memcpy8
                        0x0000336d         Code  Gb  ABImemcpy_unaligned.o [8]
__iar_unaligned_memcmp  0x00004969         Code  Gb  memcmp_unaligned.o [8]
__iar_zero_init3        0x00009f05   0x40  Code  Gb  zero_init3.o [8]
__low_level_init        0x0000a36b    0x4  Code  Gb  low_level_init.o [5]
__vector_table          0x00000000   0x3c  Data  Gb  appBLE_prm3.orm3 [2]
_call_main              0x0000a361         Code  Gb  cmain.orm3 [4]
_main                   0x0000a367         Code  Gb  cmain.orm3 [4]
abort                   0x00005421    0x6  Code  Gb  abort.o [5]
advertData              0x20000824   0x10  Data  Lc  SensorTag.o [1]
appMsg                  0x20000880    0xc  Data  Lc  SensorTag.o [1]
appMsgQueue             0x20000848    0x4  Data  Lc  SensorTag.o [1]
asc2_1206               0x000038f0  0x474  Data  Gb  oled.o [1]
asc2_1608               0x00003d64  0x5f0  Data  Gb  oled.o [1]
attDeviceName           0x00007dd8   0x18  Data  Lc  SensorTag.o [1]
batteryBmp              0x00004354  0x100  Data  Gb  oled.o [1]
bitRate                 0x000098c8    0x8  Data  Lc  I2CCC26XX.o [1]
bspI2cDeselect          0x0000896b    0x6  Code  Gb  bsp_i2c.o [1]
bspI2cInit              0x00008971   0x50  Code  Gb  bsp_i2c.o [1]
bspI2cSelect            0x00008927   0x44  Code  Gb  bsp_i2c.o [1]
bspI2cWrite             0x000088e5   0x10  Code  Gb  bsp_i2c.o [1]
bspI2cWriteRead         0x00008919    0xe  Code  Gb  bsp_i2c.o [1]
bspI2cWriteSingle       0x000088f5   0x10  Code  Gb  bsp_i2c.o [1]
bspSpiClose             0x00009403   0x38  Code  Gb  bsp_spi.o [1]
bspSpiFlush             0x0000943b   0x10  Code  Gb  bsp_spi.o [1]
bspSpiOpen              0x000093c5   0x3e  Code  Gb  bsp_spi.o [1]
bspSpiRead              0x00009395   0x26  Code  Gb  bsp_spi.o [1]
bspSpiWrite             0x00009375   0x20  Code  Gb  bsp_spi.o [1]
bspUartInit             0x00007e65   0x2c  Code  Gb  bsp_uart.o [1]
bspUartWrite            0x00007e59    0xc  Code  Gb  bsp_uart.o [1]
buffer                  0x20003608   0x20  Data  Lc  sensor.o [1]
ccChangeCB              0x00008517    0x8  Code  Lc  SensorTag_ConnCtrl.o [1]
ccDataConfig            0x20000978    0x4  Data  Lc  ccservice.o [1]
ccServiceAttrTbl        0x2000098c   0x80  Data  Lc  ccservice.o [1]
ccServiceCBs            0x00008e9c    0xc  Data  Gb  ccservice.o [1]
ccServiceChar1          0x2000097c    0x8  Data  Lc  ccservice.o [1]
ccServiceChar1Props     0x20000f66    0x1  Data  Lc  ccservice.o [1]
ccServiceChar2          0x20000984    0x8  Data  Lc  ccservice.o [1]
ccServiceChar2Props     0x20000f67    0x1  Data  Lc  ccservice.o [1]
ccServiceChar3          0x20000970    0x1  Data  Lc  ccservice.o [1]
ccServiceChar3Props     0x20000f68    0x1  Data  Lc  ccservice.o [1]
ccServiceServUUID       0x00009e74   0x10  Data  Gb  ccservice.o [1]
ccServiceService        0x00009eb4    0x8  Data  Lc  ccservice.o [1]
ccService_AppCBs        0x20000974    0x4  Data  Lc  ccservice.o [1]
ccService_ReadAttrCB    0x00008da1   0x52  Code  Lc  ccservice.o [1]
ccService_WriteAttrCB   0x00008df3   0x9e  Code  Lc  ccservice.o [1]
ccServicechar1UUID      0x00009e84   0x10  Data  Gb  ccservice.o [1]
ccServicechar2UUID      0x00009e94   0x10  Data  Gb  ccservice.o [1]
ccServicechar3UUID      0x00009ea4   0x10  Data  Gb  ccservice.o [1]
charUserDescUUID        0x0000a414    0x2  Data  Gb  gatt_uuid.o [1]
characterUUID           0x0000a410    0x2  Data  Gb  gatt_uuid.o [1]
clientCharCfgUUID       0x0000a418    0x2  Data  Gb  gatt_uuid.o [1]
crc16                   0x00008891   0x26  Code  Lc  oad.o [1]
crcCalcDL               0x00008801   0x7c  Code  Lc  oad.o [1]
dataLength              0x00006ec8   0x10  Data  Lc  UARTCC26XX.o [1]
defaultDevInfo11073Cert
                        0x2000080c   0x10  Data  Lc  devinfoservice.o [1]
devInfo11073Cert        0x20000770    0x4  Data  Lc  devinfoservice.o [1]
devInfo11073CertLen     0x2000076c    0x1  Data  Lc  devinfoservice.o [1]
devInfo11073CertProps   0x20000f70    0x1  Data  Lc  devinfoservice.o [1]
devInfo11073CertUUID    0x0000a328    0x2  Data  Gb  devinfoservice.o [1]
devInfoAttrTbl          0x20000520  0x130  Data  Lc  devinfoservice.o [1]
devInfoCBs              0x00008134    0xc  Data  Gb  devinfoservice.o [1]
devInfoFirmwareRev      0x200007ac   0x18  Data  Lc  devinfoservice.o [1]
devInfoFirmwareRev      0x00007e0c   0x14  Data  Lc  SensorTag.o [1]
devInfoFirmwareRevProps
                        0x20000f6c    0x1  Data  Lc  devinfoservice.o [1]
devInfoFirmwareRevUUID  0x0000a320    0x2  Data  Gb  devinfoservice.o [1]
devInfoHardwareRev      0x200007c4   0x18  Data  Lc  devinfoservice.o [1]
devInfoHardwareRev      0x00007e28    0x8  Data  Lc  SensorTag.o [1]
devInfoHardwareRevProps
                        0x20000f6d    0x1  Data  Lc  devinfoservice.o [1]
devInfoHardwareRevUUID  0x0000a322    0x2  Data  Gb  devinfoservice.o [1]
devInfoMfrName          0x200007f4   0x18  Data  Lc  devinfoservice.o [1]
devInfoMfrName          0x00007e20    0x8  Data  Lc  SensorTag.o [1]
devInfoMfrNameProps     0x20000f6f    0x1  Data  Lc  devinfoservice.o [1]
devInfoMfrNameUUID      0x0000a326    0x2  Data  Gb  devinfoservice.o [1]
devInfoModelNumber      0x2000077c   0x18  Data  Lc  devinfoservice.o [1]
devInfoModelNumber      0x00007df0   0x14  Data  Lc  SensorTag.o [1]
devInfoModelNumberProps
                        0x20000f6a    0x1  Data  Lc  devinfoservice.o [1]
devInfoModelNumberUUID  0x0000a31c    0x2  Data  Gb  devinfoservice.o [1]
devInfoNA               0x00007e04    0x8  Data  Lc  SensorTag.o [1]
devInfoPnpId            0x2000081c    0x8  Data  Lc  devinfoservice.o [1]
devInfoPnpIdProps       0x20000f71    0x1  Data  Lc  devinfoservice.o [1]
devInfoPnpIdUUID        0x0000a32a    0x2  Data  Gb  devinfoservice.o [1]
devInfoSerialNumber     0x20000794   0x18  Data  Lc  devinfoservice.o [1]
devInfoSerialNumberProps
                        0x20000f6b    0x1  Data  Lc  devinfoservice.o [1]
devInfoSerialNumberUUID
                        0x0000a31e    0x2  Data  Gb  devinfoservice.o [1]
devInfoServUUID         0x0000a318    0x2  Data  Gb  devinfoservice.o [1]
devInfoService          0x0000a32c    0x8  Data  Lc  devinfoservice.o [1]
devInfoSoftwareRev      0x200007dc   0x18  Data  Lc  devinfoservice.o [1]
devInfoSoftwareRevProps
                        0x20000f6e    0x1  Data  Lc  devinfoservice.o [1]
devInfoSoftwareRevUUID  0x0000a324    0x2  Data  Gb  devinfoservice.o [1]
devInfoSystemId         0x20000774    0x8  Data  Lc  devinfoservice.o [1]
devInfoSystemIdProps    0x20000f69    0x1  Data  Lc  devinfoservice.o [1]
devInfoSystemIdUUID     0x0000a31a    0x2  Data  Gb  devinfoservice.o [1]
devInfo_ReadAttrCB      0x00008071   0xb8  Code  Lc  devinfoservice.o [1]
dmaNullConfig           0x000076d0    0x8  Data  Lc  SPICC26XXDMA.o [1]
dmaRxConfig             0x000076c8    0x8  Data  Lc  SPICC26XXDMA.o [1]
dmaRxControlTableEntry0
                        0x20000430   0x10  Data  Lc  SPICC26XXDMA.o [1]
dmaRxControlTableEntry1
                        0x20000500   0x10  Data  Lc  SPICC26XXDMA.o [1]
dmaTxConfig             0x000076c0    0x8  Data  Lc  SPICC26XXDMA.o [1]
dmaTxControlTableEntry0
                        0x20000440   0x10  Data  Lc  SPICC26XXDMA.o [1]
dmaTxControlTableEntry1
                        0x20000510   0x10  Data  Lc  SPICC26XXDMA.o [1]
driverlib_release_0_43243
                        0x200036c6    0x1  Data  Gb  driverlib_release.o [6]
events                  0x20000662    0x2  Data  Lc  peripheral.o [1]
events                  0x2000083e    0x2  Data  Lc  SensorTag.o [1]
extFlashClose           0x000091e5   0x36  Code  Gb  ext_flash.o [1]
extFlashDeselect        0x000090dd    0x6  Code  Lc  ext_flash.o [1]
extFlashErase           0x000092dd   0x5e  Code  Gb  ext_flash.o [1]
extFlashOpen            0x000091a9   0x3c  Code  Gb  ext_flash.o [1]
extFlashRead            0x00009221   0x4e  Code  Gb  ext_flash.o [1]
extFlashSelect          0x000090d5    0x8  Code  Lc  ext_flash.o [1]
extFlashVerifyPart      0x000090e9   0x46  Code  Lc  ext_flash.o [1]
extFlashWaitReady       0x0000912f   0x48  Code  Lc  ext_flash.o [1]
extFlashWrite           0x0000926f   0x6e  Code  Gb  ext_flash.o [1]
extFlashWriteEnable     0x00009177   0x26  Code  Lc  ext_flash.o [1]
frameFormat             0x000076a8   0x18  Data  Lc  SPICC26XXDMA.o [1]
gapProfileState         0x20000834    0x1  Data  Gb  SensorTag.o [1]
gapRoleTask             0x20002c40   0x50  Data  Gb  peripheral.o [1]
gapRoleTaskStack        0x20002c90  0x1b8  Data  Gb  peripheral.o [1]
gapRole_AdvChanMap      0x20000659    0x1  Data  Lc  peripheral.o [1]
gapRole_AdvDirectAddr   0x2000075c    0x8  Data  Lc  peripheral.o [1]
gapRole_AdvDirectType   0x20000658    0x1  Data  Lc  peripheral.o [1]
gapRole_AdvEnabled      0x20000653    0x1  Data  Lc  peripheral.o [1]
gapRole_AdvEventType    0x20000657    0x1  Data  Lc  peripheral.o [1]
gapRole_AdvFilterPolicy
                        0x2000065a    0x1  Data  Lc  peripheral.o [1]
gapRole_AdvNonConnEnabled
                        0x20000654    0x1  Data  Lc  peripheral.o [1]
gapRole_AdvertData      0x2000071c   0x20  Data  Lc  peripheral.o [1]
gapRole_AdvertDataLen   0x20000655    0x1  Data  Lc  peripheral.o [1]
gapRole_AdvertOffTime   0x20000664    0x2  Data  Lc  peripheral.o [1]
gapRole_ConnInterval    0x20000670    0x2  Data  Lc  peripheral.o [1]
gapRole_ConnSlaveLatency
                        0x20000672    0x2  Data  Lc  peripheral.o [1]
gapRole_ConnTermReason  0x2000065d    0x1  Data  Lc  peripheral.o [1]
gapRole_ConnTimeout     0x20000674    0x2  Data  Lc  peripheral.o [1]
gapRole_ConnectedDevAddr
                        0x20000764    0x8  Data  Lc  peripheral.o [1]
gapRole_ConnectedDevAddrType
                        0x2000065c    0x1  Data  Lc  peripheral.o [1]
gapRole_ConnectionHandle
                        0x20000666    0x2  Data  Lc  peripheral.o [1]
gapRole_IRK             0x200006f4   0x10  Data  Lc  peripheral.o [1]
gapRole_MaxConnInterval
                        0x2000066a    0x2  Data  Lc  peripheral.o [1]
gapRole_MinConnInterval
                        0x20000668    0x2  Data  Lc  peripheral.o [1]
gapRole_ParamUpdateEnable
                        0x2000065b    0x1  Data  Lc  peripheral.o [1]
gapRole_SRK             0x20000704   0x10  Data  Lc  peripheral.o [1]
gapRole_ScanRspData     0x2000073c   0x20  Data  Lc  peripheral.o [1]
gapRole_ScanRspDataLen  0x20000656    0x1  Data  Lc  peripheral.o [1]
gapRole_SlaveLatency    0x2000066c    0x2  Data  Lc  peripheral.o [1]
gapRole_TimeoutMultiplier
                        0x2000066e    0x2  Data  Lc  peripheral.o [1]
gapRole_bdAddr          0x20000714    0x8  Data  Lc  peripheral.o [1]
gapRole_clockHandler    0x00005d8d    0x2  Code  Gb  peripheral.o [1]
gapRole_init            0x0000586d   0xb6  Code  Lc  peripheral.o [1]
gapRole_processGAPMsg   0x00005aa7  0x216  Code  Lc  peripheral.o [1]
gapRole_profileRole     0x20000652    0x1  Data  Lc  peripheral.o [1]
gapRole_setEvent        0x00005d73    0xe  Code  Lc  peripheral.o [1]
gapRole_signCounter     0x2000067c    0x4  Data  Lc  peripheral.o [1]
gapRole_startConnUpdate
                        0x00005cbd   0x68  Code  Lc  peripheral.o [1]
gapRole_state           0x20000651    0x1  Data  Lc  peripheral.o [1]
gapRole_taskFxn         0x00005931  0x16e  Code  Lc  peripheral.o [1]
gapSendParamAndPtrCmd   0x000063c1   0x1e  Code  Lc  ICallBleAPI.o [1]
gapSendParamsCmd        0x00006375   0x22  Code  Lc  ICallBleAPI.o [1]
gapSendPtrParamsCmd     0x0000639f   0x1a  Code  Lc  ICallBleAPI.o [1]
gattIndNoti             0x000062f9   0x34  Code  Lc  ICallBleAPI.o [1]
gattServApp_FindCharCfgItem
                        0x00008b9b   0x22  Code  Lc  gattservapp_util.o [1]
gattServApp_SendNotiInd
                        0x00008bc1   0x7a  Code  Lc  gattservapp_util.o [1]
getStatusValueFromErrNo
                        0x00005e77   0x1a  Code  Lc  ICallBleAPI.o [1]
hFlashPin               0x20000ea8    0x4  Data  Lc  ext_flash.o [1]
hGpioPin                0x20000844    0x4  Data  Gb  SensorTag.o [1]
hOadQ                   0x2000084c    0x4  Data  Lc  SensorTag.o [1]
hPin                    0x20003650    0x4  Data  Lc  I2CCC26XX.o [1]
hPin                    0x20003670    0x4  Data  Lc  UARTCC26XX.o [1]
hSpiPin                 0x20000be0    0x4  Data  Lc  bsp_spi.o [1]
heapmgrFf1              0x20003684    0x4  Data  Lc  ICall.o [1]
heapmgrFf2              0x20003688    0x4  Data  Lc  ICall.o [1]
heapmgrHeapStore        0x20000f78  0xb38  Data  Lc  ICall.o [1]
i2cCC26xxHWAttrs        0x00009e00   0x10  Data  Gb  Board.o [1]
i2cCC26xxObjects        0x200033ec   0x9c  Data  Gb  Board.o [1]
i2cHandle               0x20003580    0x4  Data  Lc  bsp_i2c.o [1]
[...]
ti_sysbios_knl_Clock_setTimeout__E
                        0x000002c9    0x4  Code  Gb  BIOS.o [9]
ti_sysbios_knl_Clock_startI__E
                        0x0000024f   0x5c  Code  Gb  BIOS.o [9]
ti_sysbios_knl_Clock_start__E
                        0x000002ad   0x16  Code  Gb  BIOS.o [9]
ti_sysbios_knl_Clock_stop__E
                        0x000002c3    0x6  Code  Gb  BIOS.o [9]
ti_sysbios_knl_Clock_tickPeriod__C
                        0x0000a488    0x4  Data  Gb  appBLE_prm3.orm3 [2]
ti_sysbios_knl_Clock_walkQueueDynamic__E
                        0x000000eb   0x62  Code  Gb  BIOS.o [9]
ti_sysbios_knl_Clock_workFuncDynamic__E
                        0x00000151   0x94  Code  Gb  BIOS.o [9]
ti_sysbios_knl_Idle_funcList__A
                        0x0000a48c    0x4  Data  Gb  appBLE_prm3.orm3 [2]
ti_sysbios_knl_Idle_funcList__C
                        0x0000a428    0x8  Data  Gb  appBLE_prm3.orm3 [2]
ti_sysbios_knl_Idle_loop__E
                        0x000002d3    0x8  Code  Gb  BIOS.o [9]
ti_sysbios_knl_Idle_run__E
                        0x000002db   0x1c  Code  Gb  BIOS.o [9]
ti_sysbios_knl_Queue_Instance_init__E
                        0x000002f7    0x2  Code  Gb  BIOS.o [9]
ti_sysbios_knl_Queue_Module__root__V
                        0x20000f24    0x8  Data  Gb  appBLE_prm3.orm3 [2]
ti_sysbios_knl_Queue_Object__DESC__C
                        0x0000a238   0x20  Data  Gb  appBLE_prm3.orm3 [2]
ti_sysbios_knl_Queue_Object__PARAMS__C
                        0x0000a3a0   0x18  Data  Gb  appBLE_prm3.orm3 [2]
ti_sysbios_knl_Queue_Object__get__S
                        0x00002569    0x8  Code  Gb  appBLE_prm3.orm3 [2]
ti_sysbios_knl_Queue_construct
                        0x00002575   0x28  Code  Gb  appBLE_prm3.orm3 [2]
ti_sysbios_knl_Queue_dequeue__E
                        0x000002f9    0xc  Code  Gb  BIOS.o [9]
ti_sysbios_knl_Queue_destruct
                        0x0000259d   0x1c  Code  Gb  appBLE_prm3.orm3 [2]
ti_sysbios_knl_Queue_elemClear__E
                        0x0000031f    0x2  Code  Gb  BIOS.o [9]
ti_sysbios_knl_Queue_empty__E
                        0x00000305    0xe  Code  Gb  BIOS.o [9]
ti_sysbios_knl_Queue_enqueue__E
                        0x00000313    0xc  Code  Gb  BIOS.o [9]
ti_sysbios_knl_Queue_put__E
                        0x00000329   0x1c  Code  Gb  BIOS.o [9]
ti_sysbios_knl_Queue_remove__E
                        0x00000345    0xe  Code  Gb  BIOS.o [9]
ti_sysbios_knl_Semaphore_Instance_State_pendQ__O
                        0x0000a490    0x4  Data  Gb  appBLE_prm3.orm3 [2]
ti_sysbios_knl_Semaphore_Instance_finalize__E
                        0x00000375    0xc  Code  Gb  BIOS.o [9]
ti_sysbios_knl_Semaphore_Instance_init__E
                        0x00000353   0x22  Code  Gb  BIOS.o [9]
ti_sysbios_knl_Semaphore_Module__root__V
                        0x20000f2c    0x8  Data  Gb  appBLE_prm3.orm3 [2]
ti_sysbios_knl_Semaphore_Object__DESC__C
                        0x0000a258   0x20  Data  Gb  appBLE_prm3.orm3 [2]
ti_sysbios_knl_Semaphore_Object__PARAMS__C
                        0x0000a124   0x24  Data  Gb  appBLE_prm3.orm3 [2]
ti_sysbios_knl_Semaphore_Params__init__S
                        0x000025b9    0xa  Code  Gb  appBLE_prm3.orm3 [2]
ti_sysbios_knl_Semaphore_construct
                        0x000025f3   0x2c  Code  Gb  appBLE_prm3.orm3 [2]
ti_sysbios_knl_Semaphore_create
                        0x000025c3   0x30  Code  Gb  appBLE_prm3.orm3 [2]
ti_sysbios_knl_Semaphore_destruct
                        0x0000261f   0x1e  Code  Gb  appBLE_prm3.orm3 [2]
ti_sysbios_knl_Semaphore_pendTimeout__I
                        0x00000381   0x2c  Code  Gb  BIOS.o [9]
ti_sysbios_knl_Semaphore_pend__E
                        0x000003ad   0xc4  Code  Gb  BIOS.o [9]
ti_sysbios_knl_Semaphore_post__E
                        0x00000471   0x5e  Code  Gb  BIOS.o [9]
ti_sysbios_knl_Swi_Module_State_0_readyQ__A
                        0x20000d50   0x30  Data  Gb  appBLE_prm3.orm3 [2]
ti_sysbios_knl_Swi_Module__state__V
                        0x20000e8c   0x1c  Data  Gb  appBLE_prm3.orm3 [2]
ti_sysbios_knl_Swi_Module_startup__E
                        0x000005c7   0x2e  Code  Gb  BIOS.o [9]
ti_sysbios_knl_Swi_Object__count__C
                        0x0000a494    0x4  Data  Gb  appBLE_prm3.orm3 [2]
ti_sysbios_knl_Swi_Object__get__S
                        0x0000263d   0x10  Code  Gb  appBLE_prm3.orm3 [2]
ti_sysbios_knl_Swi_Object__table__V
                        0x20000d20   0x30  Data  Gb  appBLE_prm3.orm3 [2]
ti_sysbios_knl_Swi_disable__E
                        0x00000605    0x6  Code  Gb  BIOS.o [9]
ti_sysbios_knl_Swi_enabled__E
                        0x000005f7    0xe  Code  Gb  BIOS.o [9]
ti_sysbios_knl_Swi_numConstructedSwis__C
                        0x0000a498    0x4  Data  Gb  appBLE_prm3.orm3 [2]
ti_sysbios_knl_Swi_post__E
                        0x0000069d   0x48  Code  Gb  BIOS.o [9]
ti_sysbios_knl_Swi_restoreHwi__E
                        0x00000645   0x4a  Code  Gb  BIOS.o [9]
ti_sysbios_knl_Swi_restore__E
                        0x00000611   0x32  Code  Gb  BIOS.o [9]
ti_sysbios_knl_Swi_runLoop__I
                        0x00000535   0x42  Code  Gb  BIOS.o [9]
ti_sysbios_knl_Swi_run__I
                        0x000004d1   0x62  Code  Gb  BIOS.o [9]
ti_sysbios_knl_Swi_schedule__I
                        0x00000579   0x4e  Code  Gb  BIOS.o [9]
ti_sysbios_knl_Swi_startup__E
                        0x000005f5    0x2  Code  Gb  BIOS.o [9]
ti_sysbios_knl_Task_Instance_State_0_stack__A
                        0x20002e48  0x200  Data  Gb  appBLE_prm3.orm3 [2]
ti_sysbios_knl_Task_Instance_init__E
                        0x00000985   0xaa  Code  Gb  BIOS.o [9]
ti_sysbios_knl_Task_Module_State_0_idleTask__A
                        0x20000f5c    0x4  Data  Gb  appBLE_prm3.orm3 [2]
ti_sysbios_knl_Task_Module_State_0_readyQ__A
                        0x20000d80   0x30  Data  Gb  appBLE_prm3.orm3 [2]
ti_sysbios_knl_Task_Module_State_inactiveQ__O
                        0x0000a49c    0x4  Data  Gb  appBLE_prm3.orm3 [2]
ti_sysbios_knl_Task_Module__root__V
                        0x20000f34    0x8  Data  Gb  appBLE_prm3.orm3 [2]
ti_sysbios_knl_Task_Module__state__V
                        0x20000c48   0x44  Data  Gb  appBLE_prm3.orm3 [2]
ti_sysbios_knl_Task_Module_startup__E
                        0x0000074d   0x4c  Code  Gb  BIOS.o [9]
ti_sysbios_knl_Task_Object__DESC__C
                        0x0000a278   0x20  Data  Gb  appBLE_prm3.orm3 [2]
ti_sysbios_knl_Task_Object__PARAMS__C
                        0x00009f44   0x3c  Data  Gb  appBLE_prm3.orm3 [2]
ti_sysbios_knl_Task_Object__count__C
                        0x0000a4a0    0x4  Data  Gb  appBLE_prm3.orm3 [2]
ti_sysbios_knl_Task_Object__get__S
                        0x00002657    0xc  Code  Gb  appBLE_prm3.orm3 [2]
ti_sysbios_knl_Task_Object__table__V
                        0x20000b6c   0x4c  Data  Gb  appBLE_prm3.orm3 [2]
ti_sysbios_knl_Task_Params__init__S
                        0x0000264d    0xa  Code  Gb  appBLE_prm3.orm3 [2]
ti_sysbios_knl_Task_Params_init
                        0x000049db    0xe  Code  Lc  ICall.o [1]
ti_sysbios_knl_Task_SupportProxy_Module__startupDone__S
                        0x00002375    0x4  Code  Gb  appBLE_prm3.orm3 [2]
ti_sysbios_knl_Task_SupportProxy_getStackAlignment__E
                        0x00002381    0x4  Code  Gb  appBLE_prm3.orm3 [2]
ti_sysbios_knl_Task_SupportProxy_start__E
                        0x00002379    0x4  Code  Gb  appBLE_prm3.orm3 [2]
ti_sysbios_knl_Task_SupportProxy_swap__E
                        0x0000237d    0x4  Code  Gb  appBLE_prm3.orm3 [2]
ti_sysbios_knl_Task_allBlockedFunc__C
                        0x0000a4a4    0x4  Data  Gb  appBLE_prm3.orm3 [2]
ti_sysbios_knl_Task_allBlockedFunction__I
                        0x00000b45   0x66  Code  Gb  BIOS.o [9]
ti_sysbios_knl_Task_blockI__E
                        0x00000ab1   0x3a  Code  Gb  BIOS.o [9]
ti_sysbios_knl_Task_construct
                        0x000026a5   0x32  Code  Gb  appBLE_prm3.orm3 [2]
ti_sysbios_knl_Task_create
                        0x00002669   0x3c  Code  Gb  appBLE_prm3.orm3 [2]
ti_sysbios_knl_Task_defaultStackHeap__C
                        0x0000a4a8    0x4  Data  Gb  appBLE_prm3.orm3 [2]
ti_sysbios_knl_Task_defaultStackSize__C
                        0x0000a4ac    0x4  Data  Gb  appBLE_prm3.orm3 [2]
ti_sysbios_knl_Task_disable__E
                        0x00000805    0x4  Code  Gb  BIOS.o [9]
ti_sysbios_knl_Task_enable__E
                        0x00000811    0x4  Code  Gb  BIOS.o [9]
ti_sysbios_knl_Task_enter__I
                        0x0000072d   0x20  Code  Gb  BIOS.o [9]
ti_sysbios_knl_Task_exit__E
                        0x000008a1   0x36  Code  Gb  BIOS.o [9]
ti_sysbios_knl_Task_initStackFlag__C
                        0x00002e1a    0x2  Data  Gb  appBLE_prm3.orm3 [2]
ti_sysbios_knl_Task_numConstructedTasks__C
                        0x0000a4b0    0x4  Data  Gb  appBLE_prm3.orm3 [2]
ti_sysbios_knl_Task_postInit__I
                        0x00000a31   0x7c  Code  Gb  BIOS.o [9]
ti_sysbios_knl_Task_processVitalTaskFlag__I
                        0x00000871   0x30  Code  Gb  BIOS.o [9]
ti_sysbios_knl_Task_restoreHwi__E
                        0x00000849   0x1e  Code  Gb  BIOS.o [9]
ti_sysbios_knl_Task_restore__E
                        0x00000815   0x34  Code  Gb  BIOS.o [9]
ti_sysbios_knl_Task_schedule__I
                        0x000006e5   0x48  Code  Gb  BIOS.o [9]
ti_sysbios_knl_Task_self__E
                        0x00000867    0x8  Code  Gb  BIOS.o [9]
ti_sysbios_knl_Task_sleepTimeout__I
                        0x000008dd   0x1a  Code  Gb  BIOS.o [9]
ti_sysbios_knl_Task_sleep__E
                        0x000008f9   0x6c  Code  Gb  BIOS.o [9]
ti_sysbios_knl_Task_startCore__E
                        0x0000079d   0x68  Code  Gb  BIOS.o [9]
ti_sysbios_knl_Task_startup__E
                        0x00000799    0x4  Code  Gb  BIOS.o [9]
ti_sysbios_knl_Task_swapReturn
                        0x00002865         Code  Gb  m3_TaskSupport_asm_iar.obj [9]
ti_sysbios_knl_Task_unblockI__E
                        0x00000b05   0x38  Code  Gb  BIOS.o [9]
ti_sysbios_knl_Task_unblock__E
                        0x00000aed   0x18  Code  Gb  BIOS.o [9]
trimDevice              0x0000287d   0x84  Code  Gb  setup.o [6]
txPowerTable            0x00009fe4   0x28  Data  Gb  bleUserConfig.o [1]
txPwrTbl                0x0000a00c    0x8  Data  Gb  bleUserConfig.o [1]
uartCC26XXHWAttrs       0x00009d74   0x10  Data  Gb  Board.o [1]
uartCC26XXObjects       0x20003198   0xd0  Data  Gb  Board.o [1]
uartHandle              0x200035c4    0x4  Data  Lc  bsp_uart.o [1]
uartParams              0x200035a0   0x24  Data  Lc  bsp_uart.o [1]
uartPostNotify          0x00006ea5   0x10  Code  Lc  UARTCC26XX.o [1]
uartPowerConstraint     0x200036c5    0x1  Data  Lc  UARTCC26XX.o [1]
udmaHWAttrs             0x00009d9c    0x8  Data  Gb  Board.o [1]
updateTimeoutClock      0x200006d0   0x24  Data  Lc  peripheral.o [1]
user0Cfg                0x20000e1c   0x1c  Data  Gb  main.o [1]
utilExtractUuid16       0x00008c3b   0x2c  Code  Gb  st_util.o [1]
waitMatchCS             0x00005eb3   0x40  Code  Lc  ICallBleAPI.o [1]
wifiPowerDown           0x00007ee1    0x6  Code  Gb  keyScan.o [1]
wifiPowerOn             0x00007ed9    0x8  Code  Gb  keyScan.o [1]
writeData               0x0000670b   0x32  Code  Lc  UARTCC26XX.o [1]
writeFinishedDoCallback
                        0x000067cd   0x5c  Code  Lc  UARTCC26XX.o [1]
writeSemCallback        0x000066fb    0x8  Code  Lc  UARTCC26XX.o [1]
writeTxFifoFlush        0x00006829   0x78  Code  Lc  UARTCC26XX.o [1]
xdc_runtime_Core_assignParams__I
                        0x00001d65   0x44  Code  Gb  BIOS.o [9]
xdc_runtime_Core_constructObject__I
                        0x00001cf1   0x42  Code  Gb  BIOS.o [9]
xdc_runtime_Core_createObject__I
                        0x00001c71   0x80  Code  Gb  BIOS.o [9]
xdc_runtime_Core_destructObject__I
                        0x00001d3f   0x16  Code  Gb  BIOS.o [9]
xdc_runtime_Error_E_memory__C
                        0x0000a4b4    0x4  Data  Gb  appBLE_prm3.orm3 [2]
xdc_runtime_Error_check__E
                        0x00001da9   0x1a  Code  Gb  BIOS.o [9]
xdc_runtime_Error_policyFxn__C
                        0x0000a4b8    0x4  Data  Gb  appBLE_prm3.orm3 [2]
xdc_runtime_Error_policySpin__E
                        0x00001dfd    0x2  Code  Gb  BIOS.o [9]
xdc_runtime_Error_policy__C
                        0x000033d2    0x1  Data  Gb  appBLE_prm3.orm3 [2]
xdc_runtime_Error_raiseX__E
                        0x00001dd5   0x1a  Code  Gb  BIOS.o [9]
xdc_runtime_Gate_leaveSystem__E
                        0x00001dff    0xc  Code  Gb  BIOS.o [9]
xdc_runtime_HeapMin_E_freeError__C
                        0x0000a4bc    0x4  Data  Gb  appBLE_prm3.orm3 [2]
xdc_runtime_HeapMin_Instance_State_0_buf__A
                        0x200022b0  0x684  Data  Gb  appBLE_prm3.orm3 [2]
xdc_runtime_HeapMin_Instance_init__E
                        0x00001ed1    0xe  Code  Gb  BIOS.o [9]
xdc_runtime_HeapMin_Module__FXNS__C
                        0x0000a040   0x28  Data  Gb  appBLE_prm3.orm3 [2]
xdc_runtime_HeapMin_Module__id__C
                        0x00003326    0x2  Data  Gb  appBLE_prm3.orm3 [2]
xdc_runtime_HeapMin_Module__root__V
                        0x20000f3c    0x8  Data  Gb  appBLE_prm3.orm3 [2]
xdc_runtime_HeapMin_Object__DESC__C
                        0x0000a298   0x20  Data  Gb  appBLE_prm3.orm3 [2]
xdc_runtime_HeapMin_Object__PARAMS__C
                        0x0000a2b8   0x20  Data  Gb  appBLE_prm3.orm3 [2]
xdc_runtime_HeapMin_Object__create__S
                        0x000026dd   0x2a  Code  Gb  appBLE_prm3.orm3 [2]
xdc_runtime_HeapMin_Object__table__V
                        0x20000ec0   0x10  Data  Gb  appBLE_prm3.orm3 [2]
xdc_runtime_HeapMin_alloc__E
                        0x00001edf   0x42  Code  Gb  BIOS.o [9]
xdc_runtime_HeapMin_freeError__C
                        0x000033c2    0x2  Data  Gb  appBLE_prm3.orm3 [2]
xdc_runtime_HeapMin_free__E
                        0x00001f21   0x2e  Code  Gb  BIOS.o [9]
xdc_runtime_HeapMin_getStats__E
                        0x00001f53    0xc  Code  Gb  BIOS.o [9]
xdc_runtime_HeapMin_isBlocking__E
                        0x00001f4f    0x4  Code  Gb  BIOS.o [9]
xdc_runtime_IGateProvider_Interface__BASE__C
                        0x0000a4c0    0x4  Data  Gb  appBLE_prm3.orm3 [2]
xdc_runtime_IHeap_Interface__BASE__C
                        0x0000a4c4    0x4  Data  Gb  appBLE_prm3.orm3 [2]
xdc_runtime_IModule_Interface__BASE__C
                        0x0000a4c8    0x4  Data  Gb  appBLE_prm3.orm3 [2]
xdc_runtime_Memory_HeapProxy_alloc__E
                        0x00002385    0xa  Code  Gb  appBLE_prm3.orm3 [2]
xdc_runtime_Memory_Module__id__C
                        0x000033ca    0x2  Data  Gb  appBLE_prm3.orm3 [2]
xdc_runtime_Memory_Module__state__V
                        0x20000f60    0x4  Data  Gb  appBLE_prm3.orm3 [2]
xdc_runtime_Memory_alloc__E
                        0x00001e39   0x66  Code  Gb  BIOS.o [9]
xdc_runtime_Memory_calloc__E
                        0x00001e9f    0xc  Code  Gb  BIOS.o [9]
xdc_runtime_Memory_defaultHeapInstance__C
                        0x0000a4cc    0x4  Data  Gb  appBLE_prm3.orm3 [2]
xdc_runtime_Memory_valloc__E
                        0x00001eb5   0x1c  Code  Gb  BIOS.o [9]
xdc_runtime_Startup_Module__state__V
                        0x2000369c    0x8  Data  Gb  appBLE_prm3.orm3 [2]
xdc_runtime_Startup__EXECFXN__C {Abs}
                        0x00000001          --   Gb  command line/config [3]
xdc_runtime_Startup__RESETFXN__C {Abs}
                        0x00000001          --   Gb  command line/config [3]
xdc_runtime_Startup_execImpl__C
                        0x0000a4d0    0x4  Data  Gb  appBLE_prm3.orm3 [2]
xdc_runtime_Startup_exec__E
                        0x00001f65   0x4a  Code  Gb  BIOS.o [9]
xdc_runtime_Startup_exec__I
                        0x000021a1   0x10  Code  Gb  appBLE_prm3.orm3 [2]
xdc_runtime_Startup_firstFxns__A
                        0x0000a41c    0xc  Data  Gb  appBLE_prm3.orm3 [2]
xdc_runtime_Startup_firstFxns__C
                        0x0000a430    0x8  Data  Gb  appBLE_prm3.orm3 [2]
xdc_runtime_Startup_lastFxns__C
                        0x0000a438    0x8  Data  Gb  appBLE_prm3.orm3 [2]
xdc_runtime_Startup_maxPasses__C
                        0x0000a4d4    0x4  Data  Gb  appBLE_prm3.orm3 [2]
xdc_runtime_Startup_reset__I
                        0x000021b1    0x4  Code  Gb  appBLE_prm3.orm3 [2]
xdc_runtime_Startup_sfxnRts__A
                        0x0000a3fc   0x10  Data  Gb  appBLE_prm3.orm3 [2]
xdc_runtime_Startup_sfxnRts__C
                        0x0000a4d8    0x4  Data  Gb  appBLE_prm3.orm3 [2]
xdc_runtime_Startup_sfxnTab__A
                        0x0000a2d8   0x20  Data  Gb  appBLE_prm3.orm3 [2]
xdc_runtime_Startup_sfxnTab__C
                        0x0000a4dc    0x4  Data  Gb  appBLE_prm3.orm3 [2]
xdc_runtime_Startup_startMods__I
                        0x00001faf   0xa0  Code  Gb  BIOS.o [9]
xdc_runtime_SysCallback_abortFxn__C
                        0x0000a4e0    0x4  Data  Gb  appBLE_prm3.orm3 [2]
xdc_runtime_SysCallback_abort__E
                        0x00002109    0x6  Code  Gb  BIOS.o [9]
xdc_runtime_SysCallback_defaultAbort
                        0x00002115    0x2  Code  Gb  BIOS.o [9]
xdc_runtime_SysCallback_defaultExit
                        0x00002117    0x2  Code  Gb  BIOS.o [9]
xdc_runtime_SysCallback_exitFxn__C
                        0x0000a4e4    0x4  Data  Gb  appBLE_prm3.orm3 [2]
xdc_runtime_SysCallback_exit__E
                        0x0000210f    0x6  Code  Gb  BIOS.o [9]
xdc_runtime_System_Module_GateProxy_enter__E
                        0x0000238f    0x4  Code  Gb  appBLE_prm3.orm3 [2]
xdc_runtime_System_Module_GateProxy_leave__E
                        0x00002393    0x4  Code  Gb  appBLE_prm3.orm3 [2]
xdc_runtime_System_Module__gateObj__C
                        0x0000a4e8    0x4  Data  Gb  appBLE_prm3.orm3 [2]
xdc_runtime_System_Module__state__V
                        0x200036a4    0x8  Data  Gb  appBLE_prm3.orm3 [2]
xdc_runtime_System_Module_startup__E
                        0x0000204f    0x2  Code  Gb  BIOS.o [9]
xdc_runtime_System_SupportProxy_abort__E
                        0x00002397    0x4  Code  Gb  appBLE_prm3.orm3 [2]
xdc_runtime_System_SupportProxy_exit__E
                        0x0000239b    0x4  Code  Gb  appBLE_prm3.orm3 [2]
xdc_runtime_System_abortFxn__C
                        0x0000a4ec    0x4  Data  Gb  appBLE_prm3.orm3 [2]
xdc_runtime_System_abortSpin__E
                        0x000020cd    0x2  Code  Gb  BIOS.o [9]
xdc_runtime_System_abort__E
                        0x00002057   0x1a  Code  Gb  BIOS.o [9]
xdc_runtime_System_atexit__E
                        0x00002081   0x32  Code  Gb  BIOS.o [9]
xdc_runtime_System_exitFxn__C
                        0x0000a4f0    0x4  Data  Gb  appBLE_prm3.orm3 [2]
xdc_runtime_System_exitSpin__E
                        0x000020cf    0x2  Code  Gb  BIOS.o [9]
xdc_runtime_System_exit__E
                        0x000020b3   0x16  Code  Gb  BIOS.o [9]
xdc_runtime_System_maxAtexitHandlers__C
                        0x0000a4f4    0x4  Data  Gb  appBLE_prm3.orm3 [2]
xdc_runtime_System_processAtExit__E
                        0x000020d1   0x30  Code  Gb  BIOS.o [9]


[1] = C:\work\source\ALL_SmartBatterySwitch_CC2640\simplelink\ble_cc26xx_2_01_01_44627\Projects\ble\SensorTag\CC26xx\IAR\Application\CC2650\FlashOnlyOAD\Obj
[2] = C:\work\source\ALL_SmartBatterySwitch_CC2640\simplelink\ble_cc26xx_2_01_01_44627\Projects\ble\SensorTag\CC26xx\IAR\Application\CC2650\configPkg\package\cfg
[3] = command line
[4] = boot.arm3
[5] = dl7M_tln.a
[6] = driverlib.lib
[7] = m7M_tl.a
[8] = rt7M_tl.a
[9] = sysbios.arm3

  40 501 bytes of readonly  code memory
   2 722 bytes of readonly  data memory
  13 735 bytes of readwrite data memory (+ 64 absolute)

Errors: none
Warnings: none
