<?xml version="1.0"?>
<link_info>
   <banner>TI ARM Linker PC v5.2.5</banner>
   <copyright>Copyright (c) 1996-2015 Texas Instruments Incorporated</copyright>
   <link_time>0x571f259d</link_time>
   <link_errors>0x0</link_errors>
   <output_file>SensorTagStack.out</output_file>
   <entry_point>
      <name>startup_entry</name>
      <address>0xf001</address>
   </entry_point>
   <input_file_list>
      <input_file id="fl-1f">
         <path>C:\ti\simplelink\ble_cc26xx_2_01_01_44627\Projects\common\BLE_ROM_Releases\04242014\</path>
         <kind>object</kind>
         <file>ble_rom_PATCH.symbols</file>
         <name>ble_rom_PATCH.symbols</name>
      </input_file>
      <input_file id="fl-144">
         <path>C:\ti\ccs613\ccsv6\tools\compiler\ti-cgt-arm_5.2.5\lib\</path>
         <kind>archive</kind>
         <file>rtsv7M3_T_le_eabi.lib</file>
         <name>autoinit.obj</name>
      </input_file>
      <input_file id="fl-149">
         <path>C:\ti\ccs613\ccsv6\tools\compiler\ti-cgt-arm_5.2.5\lib\</path>
         <kind>archive</kind>
         <file>rtsv7M3_T_le_eabi.lib</file>
         <name>ll_mul_t2.obj</name>
      </input_file>
      <input_file id="fl-14b">
         <path>C:\ti\ccs613\ccsv6\tools\compiler\ti-cgt-arm_5.2.5\lib\</path>
         <kind>archive</kind>
         <file>rtsv7M3_T_le_eabi.lib</file>
         <name>memcpy_t2.obj</name>
      </input_file>
      <input_file id="fl-14c">
         <path>C:\ti\ccs613\ccsv6\tools\compiler\ti-cgt-arm_5.2.5\lib\</path>
         <kind>archive</kind>
         <file>rtsv7M3_T_le_eabi.lib</file>
         <name>memset_t2.obj</name>
      </input_file>
      <input_file id="fl-14e">
         <path>C:\ti\ccs613\ccsv6\tools\compiler\ti-cgt-arm_5.2.5\lib\</path>
         <kind>archive</kind>
         <file>rtsv7M3_T_le_eabi.lib</file>
         <name>ull_div_t2.obj</name>
      </input_file>
      <input_file id="fl-14f">
         <path>C:\ti\simplelink\ble_cc26xx_2_01_01_44627\Projects\ble\SensorTag\CC26xx\IAR\Lib\</path>
         <kind>archive</kind>
         <file>CC2650Stack.a</file>
         <name>att_server.o</name>
      </input_file>
      <input_file id="fl-150">
         <path>C:\ti\simplelink\ble_cc26xx_2_01_01_44627\Projects\ble\SensorTag\CC26xx\IAR\Lib\</path>
         <kind>archive</kind>
         <file>CC2650Stack.a</file>
         <name>att_util.o</name>
      </input_file>
      <input_file id="fl-151">
         <path>C:\ti\simplelink\ble_cc26xx_2_01_01_44627\Projects\ble\SensorTag\CC26xx\IAR\Lib\</path>
         <kind>archive</kind>
         <file>CC2650Stack.a</file>
         <name>ble_PATCH.o</name>
      </input_file>
      <input_file id="fl-152">
         <path>C:\ti\simplelink\ble_cc26xx_2_01_01_44627\Projects\ble\SensorTag\CC26xx\IAR\Lib\</path>
         <kind>archive</kind>
         <file>CC2650Stack.a</file>
         <name>gap_configmgr.o</name>
      </input_file>
      <input_file id="fl-153">
         <path>C:\ti\simplelink\ble_cc26xx_2_01_01_44627\Projects\ble\SensorTag\CC26xx\IAR\Lib\</path>
         <kind>archive</kind>
         <file>CC2650Stack.a</file>
         <name>gap_devmgr.o</name>
      </input_file>
      <input_file id="fl-154">
         <path>C:\ti\simplelink\ble_cc26xx_2_01_01_44627\Projects\ble\SensorTag\CC26xx\IAR\Lib\</path>
         <kind>archive</kind>
         <file>CC2650Stack.a</file>
         <name>gap_linkmgr.o</name>
      </input_file>
      <input_file id="fl-155">
         <path>C:\ti\simplelink\ble_cc26xx_2_01_01_44627\Projects\ble\SensorTag\CC26xx\IAR\Lib\</path>
         <kind>archive</kind>
         <file>CC2650Stack.a</file>
         <name>gap_peridevmgr.o</name>
      </input_file>
      <input_file id="fl-156">
         <path>C:\ti\simplelink\ble_cc26xx_2_01_01_44627\Projects\ble\SensorTag\CC26xx\IAR\Lib\</path>
         <kind>archive</kind>
         <file>CC2650Stack.a</file>
         <name>gap_perilinkmgr.o</name>
      </input_file>
      <input_file id="fl-157">
         <path>C:\ti\simplelink\ble_cc26xx_2_01_01_44627\Projects\ble\SensorTag\CC26xx\IAR\Lib\</path>
         <kind>archive</kind>
         <file>CC2650Stack.a</file>
         <name>gap_task.o</name>
      </input_file>
      <input_file id="fl-158">
         <path>C:\ti\simplelink\ble_cc26xx_2_01_01_44627\Projects\ble\SensorTag\CC26xx\IAR\Lib\</path>
         <kind>archive</kind>
         <file>CC2650Stack.a</file>
         <name>gapgattserver.o</name>
      </input_file>
      <input_file id="fl-159">
         <path>C:\ti\simplelink\ble_cc26xx_2_01_01_44627\Projects\ble\SensorTag\CC26xx\IAR\Lib\</path>
         <kind>archive</kind>
         <file>CC2650Stack.a</file>
         <name>gatt_server.o</name>
      </input_file>
      <input_file id="fl-15a">
         <path>C:\ti\simplelink\ble_cc26xx_2_01_01_44627\Projects\ble\SensorTag\CC26xx\IAR\Lib\</path>
         <kind>archive</kind>
         <file>CC2650Stack.a</file>
         <name>gatt_task.o</name>
      </input_file>
      <input_file id="fl-15b">
         <path>C:\ti\simplelink\ble_cc26xx_2_01_01_44627\Projects\ble\SensorTag\CC26xx\IAR\Lib\</path>
         <kind>archive</kind>
         <file>CC2650Stack.a</file>
         <name>gatt_uuid.o</name>
      </input_file>
      <input_file id="fl-15c">
         <path>C:\ti\simplelink\ble_cc26xx_2_01_01_44627\Projects\ble\SensorTag\CC26xx\IAR\Lib\</path>
         <kind>archive</kind>
         <file>CC2650Stack.a</file>
         <name>gattservapp.o</name>
      </input_file>
      <input_file id="fl-15d">
         <path>C:\ti\simplelink\ble_cc26xx_2_01_01_44627\Projects\ble\SensorTag\CC26xx\IAR\Lib\</path>
         <kind>archive</kind>
         <file>CC2650Stack.a</file>
         <name>hci_data_PATCH.o</name>
      </input_file>
      <input_file id="fl-15e">
         <path>C:\ti\simplelink\ble_cc26xx_2_01_01_44627\Projects\ble\SensorTag\CC26xx\IAR\Lib\</path>
         <kind>archive</kind>
         <file>CC2650Stack.a</file>
         <name>hci_event_PATCH.o</name>
      </input_file>
      <input_file id="fl-15f">
         <path>C:\ti\simplelink\ble_cc26xx_2_01_01_44627\Projects\ble\SensorTag\CC26xx\IAR\Lib\</path>
         <kind>archive</kind>
         <file>CC2650Stack.a</file>
         <name>hci_PATCH.o</name>
      </input_file>
      <input_file id="fl-160">
         <path>C:\ti\simplelink\ble_cc26xx_2_01_01_44627\Projects\ble\SensorTag\CC26xx\IAR\Lib\</path>
         <kind>archive</kind>
         <file>CC2650Stack.a</file>
         <name>l2cap_if.o</name>
      </input_file>
      <input_file id="fl-161">
         <path>C:\ti\simplelink\ble_cc26xx_2_01_01_44627\Projects\ble\SensorTag\CC26xx\IAR\Lib\</path>
         <kind>archive</kind>
         <file>CC2650Stack.a</file>
         <name>l2cap_task.o</name>
      </input_file>
      <input_file id="fl-162">
         <path>C:\ti\simplelink\ble_cc26xx_2_01_01_44627\Projects\ble\SensorTag\CC26xx\IAR\Lib\</path>
         <kind>archive</kind>
         <file>CC2650Stack.a</file>
         <name>l2cap_util.o</name>
      </input_file>
      <input_file id="fl-163">
         <path>C:\ti\simplelink\ble_cc26xx_2_01_01_44627\Projects\ble\SensorTag\CC26xx\IAR\Lib\</path>
         <kind>archive</kind>
         <file>CC2650Stack.a</file>
         <name>linkdb.o</name>
      </input_file>
      <input_file id="fl-164">
         <path>C:\ti\simplelink\ble_cc26xx_2_01_01_44627\Projects\ble\SensorTag\CC26xx\IAR\Lib\</path>
         <kind>archive</kind>
         <file>CC2650Stack.a</file>
         <name>ll_advEndCauses_PATCH.o</name>
      </input_file>
      <input_file id="fl-165">
         <path>C:\ti\simplelink\ble_cc26xx_2_01_01_44627\Projects\ble\SensorTag\CC26xx\IAR\Lib\</path>
         <kind>archive</kind>
         <file>CC2650Stack.a</file>
         <name>ll_common_PATCH.o</name>
      </input_file>
      <input_file id="fl-166">
         <path>C:\ti\simplelink\ble_cc26xx_2_01_01_44627\Projects\ble\SensorTag\CC26xx\IAR\Lib\</path>
         <kind>archive</kind>
         <file>CC2650Stack.a</file>
         <name>ll_config.o</name>
      </input_file>
      <input_file id="fl-167">
         <path>C:\ti\simplelink\ble_cc26xx_2_01_01_44627\Projects\ble\SensorTag\CC26xx\IAR\Lib\</path>
         <kind>archive</kind>
         <file>CC2650Stack.a</file>
         <name>ll_isr.o</name>
      </input_file>
      <input_file id="fl-168">
         <path>C:\ti\simplelink\ble_cc26xx_2_01_01_44627\Projects\ble\SensorTag\CC26xx\IAR\Lib\</path>
         <kind>archive</kind>
         <file>CC2650Stack.a</file>
         <name>ll_PATCH.o</name>
      </input_file>
      <input_file id="fl-169">
         <path>C:\ti\simplelink\ble_cc26xx_2_01_01_44627\Projects\ble\SensorTag\CC26xx\IAR\Lib\</path>
         <kind>archive</kind>
         <file>CC2650Stack.a</file>
         <name>ll_scheduler_PATCH.o</name>
      </input_file>
      <input_file id="fl-16a">
         <path>C:\ti\simplelink\ble_cc26xx_2_01_01_44627\Projects\ble\SensorTag\CC26xx\IAR\Lib\</path>
         <kind>archive</kind>
         <file>CC2650Stack.a</file>
         <name>ll_slaveEndCauses_PATCH.o</name>
      </input_file>
      <input_file id="fl-16b">
         <path>C:\ti\simplelink\ble_cc26xx_2_01_01_44627\Projects\ble\SensorTag\CC26xx\IAR\Lib\</path>
         <kind>archive</kind>
         <file>CC2650Stack.a</file>
         <name>ll_sleep.o</name>
      </input_file>
      <input_file id="fl-16c">
         <path>C:\ti\simplelink\ble_cc26xx_2_01_01_44627\Projects\ble\SensorTag\CC26xx\IAR\Lib\</path>
         <kind>archive</kind>
         <file>CC2650Stack.a</file>
         <name>sm_mgr.o</name>
      </input_file>
      <input_file id="fl-16d">
         <path>C:\ti\simplelink\ble_cc26xx_2_01_01_44627\Projects\ble\SensorTag\CC26xx\IAR\Lib\</path>
         <kind>archive</kind>
         <file>CC2650Stack.a</file>
         <name>sm_pairing.o</name>
      </input_file>
      <input_file id="fl-16e">
         <path>C:\ti\simplelink\ble_cc26xx_2_01_01_44627\Projects\ble\SensorTag\CC26xx\IAR\Lib\</path>
         <kind>archive</kind>
         <file>CC2650Stack.a</file>
         <name>sm_rsppairing.o</name>
      </input_file>
      <input_file id="fl-16f">
         <path>C:\ti\simplelink\ble_cc26xx_2_01_01_44627\Projects\ble\SensorTag\CC26xx\IAR\Lib\</path>
         <kind>archive</kind>
         <file>CC2650Stack.a</file>
         <name>sm_task.o</name>
      </input_file>
      <input_file id="fl-170">
         <path>C:\ti\simplelink\ble_cc26xx_2_01_01_44627\Projects\ble\SensorTag\CC26xx\IAR\Lib\</path>
         <kind>archive</kind>
         <file>CC2650Stack.a</file>
         <name>smp.o</name>
      </input_file>
      <input_file id="fl-171">
         <path>C:\ti\simplelink\ble_cc26xx_2_01_01_44627\Projects\ble\SensorTag\CC26xx\IAR\Lib\</path>
         <kind>archive</kind>
         <file>CC2650Stack_HCI_TL.a</file>
         <name>hci_tl.o</name>
      </input_file>
      <input_file id="fl-172">
         <path>C:\ti\tirtos_simplelink_2_13_00_06\products\cc26xxware_2_21_01_15600\driverlib\bin\ccs\</path>
         <kind>archive</kind>
         <file>driverlib.lib</file>
         <name>cpu.obj</name>
      </input_file>
      <input_file id="fl-176">
         <path>C:\Users\tqy\AppData\Local\Temp\</path>
         <kind>object</kind>
         <file>111762</file>
         <name>111762</name>
      </input_file>
   </input_file_list>
   <object_component_list>
      <object_component id="oc-2b1">
         <name>.text</name>
         <load_address>0xf02c</load_address>
         <run_address>0xf02c</run_address>
         <size>0x10c0</size>
         <input_file_ref idref="fl-165"/>
      </object_component>
      <object_component id="oc-15d">
         <name>.text</name>
         <load_address>0x100ec</load_address>
         <run_address>0x100ec</run_address>
         <size>0x1060</size>
         <input_file_ref idref="fl-168"/>
      </object_component>
      <object_component id="oc-1bd">
         <name>.text</name>
         <load_address>0x1114c</load_address>
         <run_address>0x1114c</run_address>
         <size>0x1044</size>
         <input_file_ref idref="fl-15c"/>
      </object_component>
      <object_component id="oc-32f">
         <name>.text</name>
         <load_address>0x12190</load_address>
         <run_address>0x12190</run_address>
         <size>0xed4</size>
         <input_file_ref idref="fl-162"/>
      </object_component>
      <object_component id="oc-413">
         <name>.text</name>
         <load_address>0x13064</load_address>
         <run_address>0x13064</run_address>
         <size>0xa4c</size>
         <input_file_ref idref="fl-159"/>
      </object_component>
      <object_component id="oc-2e8">
         <name>.text</name>
         <load_address>0x13ab0</load_address>
         <run_address>0x13ab0</run_address>
         <size>0x93e</size>
         <input_file_ref idref="fl-16a"/>
      </object_component>
      <object_component id="oc-218">
         <name>.text</name>
         <load_address>0x143ee</load_address>
         <run_address>0x143ee</run_address>
         <size>0x2</size>
         <input_file_ref idref="fl-4"/>
      </object_component>
      <object_component id="oc-3d0">
         <name>.text</name>
         <load_address>0x143f0</load_address>
         <run_address>0x143f0</run_address>
         <size>0x8dc</size>
         <input_file_ref idref="fl-154"/>
      </object_component>
      <object_component id="oc-1e8">
         <name>.text</name>
         <load_address>0x14ccc</load_address>
         <run_address>0x14ccc</run_address>
         <size>0x8dc</size>
         <input_file_ref idref="fl-9"/>
      </object_component>
      <object_component id="oc-157">
         <name>.text</name>
         <load_address>0x155a8</load_address>
         <run_address>0x155a8</run_address>
         <size>0x794</size>
         <input_file_ref idref="fl-b"/>
      </object_component>
      <object_component id="oc-3f2">
         <name>.text</name>
         <load_address>0x15d3c</load_address>
         <run_address>0x15d3c</run_address>
         <size>0x75c</size>
         <input_file_ref idref="fl-16d"/>
      </object_component>
      <object_component id="oc-3ad">
         <name>.text</name>
         <load_address>0x16498</load_address>
         <run_address>0x16498</run_address>
         <size>0x708</size>
         <input_file_ref idref="fl-16c"/>
      </object_component>
      <object_component id="oc-24c">
         <name>.text</name>
         <load_address>0x16ba0</load_address>
         <run_address>0x16ba0</run_address>
         <size>0x6d4</size>
         <input_file_ref idref="fl-16b"/>
      </object_component>
      <object_component id="oc-50a">
         <name>.text</name>
         <load_address>0x17274</load_address>
         <run_address>0x17274</run_address>
         <size>0x6a4</size>
         <input_file_ref idref="fl-166"/>
      </object_component>
      <object_component id="oc-4b7">
         <name>.text</name>
         <load_address>0x17918</load_address>
         <run_address>0x17918</run_address>
         <size>0x69c</size>
         <input_file_ref idref="fl-155"/>
      </object_component>
      <object_component id="oc-43c">
         <name>.text</name>
         <load_address>0x17fb4</load_address>
         <run_address>0x17fb4</run_address>
         <size>0x5b0</size>
         <input_file_ref idref="fl-150"/>
      </object_component>
      <object_component id="oc-2e2">
         <name>.text</name>
         <load_address>0x18564</load_address>
         <run_address>0x18564</run_address>
         <size>0x57e</size>
         <input_file_ref idref="fl-151"/>
      </object_component>
      <object_component id="oc-54f">
         <name>.text</name>
         <load_address>0x18ae4</load_address>
         <run_address>0x18ae4</run_address>
         <size>0x558</size>
         <input_file_ref idref="fl-16e"/>
      </object_component>
      <object_component id="oc-194">
         <name>.text</name>
         <load_address>0x1903c</load_address>
         <run_address>0x1903c</run_address>
         <size>0x530</size>
         <input_file_ref idref="fl-161"/>
      </object_component>
      <object_component id="oc-2f2">
         <name>.text</name>
         <load_address>0x1956c</load_address>
         <run_address>0x1956c</run_address>
         <size>0x4b0</size>
         <input_file_ref idref="fl-167"/>
      </object_component>
      <object_component id="oc-2ab">
         <name>.text</name>
         <load_address>0x19a1c</load_address>
         <run_address>0x19a1c</run_address>
         <size>0x432</size>
         <input_file_ref idref="fl-164"/>
      </object_component>
      <object_component id="oc-377">
         <name>.text</name>
         <load_address>0x19e50</load_address>
         <run_address>0x19e50</run_address>
         <size>0x3fc</size>
         <input_file_ref idref="fl-160"/>
      </object_component>
      <object_component id="oc-291">
         <name>.text</name>
         <load_address>0x1a24c</load_address>
         <run_address>0x1a24c</run_address>
         <size>0x3dc</size>
         <input_file_ref idref="fl-15e"/>
      </object_component>
      <object_component id="oc-525">
         <name>.text</name>
         <load_address>0x1a628</load_address>
         <run_address>0x1a628</run_address>
         <size>0x39a</size>
         <input_file_ref idref="fl-170"/>
      </object_component>
      <object_component id="oc-278">
         <name>.text</name>
         <load_address>0x1a9c4</load_address>
         <run_address>0x1a9c4</run_address>
         <size>0x37c</size>
         <input_file_ref idref="fl-15f"/>
      </object_component>
      <object_component id="oc-607">
         <name>.tramp.HCI_CommandCompleteEvent.1</name>
         <load_address>0x1ad40</load_address>
         <run_address>0x1ad40</run_address>
         <size>0x8</size>
         <input_file_ref idref="fl-1f"/>
      </object_component>
      <object_component id="oc-608">
         <name>.tramp.HCI_CommandStatusEvent.1</name>
         <load_address>0x1ad48</load_address>
         <run_address>0x1ad48</run_address>
         <size>0x8</size>
         <input_file_ref idref="fl-1f"/>
      </object_component>
      <object_component id="oc-609">
         <name>.tramp.LL_EXT_ResetSystem.1</name>
         <load_address>0x1ad50</load_address>
         <run_address>0x1ad50</run_address>
         <size>0x8</size>
         <input_file_ref idref="fl-1f"/>
      </object_component>
      <object_component id="oc-60a">
         <name>.tramp.LL_ReadLocalVersionInfo.1</name>
         <load_address>0x1ad58</load_address>
         <run_address>0x1ad58</run_address>
         <size>0x8</size>
         <input_file_ref idref="fl-1f"/>
      </object_component>
      <object_component id="oc-21e">
         <name>.text</name>
         <load_address>0x1ad60</load_address>
         <run_address>0x1ad60</run_address>
         <size>0x36c</size>
         <input_file_ref idref="fl-8"/>
      </object_component>
      <object_component id="oc-399">
         <name>.text</name>
         <load_address>0x1b0cc</load_address>
         <run_address>0x1b0cc</run_address>
         <size>0x358</size>
         <input_file_ref idref="fl-152"/>
      </object_component>
      <object_component id="oc-60b">
         <name>.tramp.HCI_LE_SetRandomAddressCmd.1</name>
         <load_address>0x1b424</load_address>
         <run_address>0x1b424</run_address>
         <size>0x8</size>
         <input_file_ref idref="fl-1f"/>
      </object_component>
      <object_component id="oc-4a5">
         <name>.text</name>
         <load_address>0x1b42c</load_address>
         <run_address>0x1b42c</run_address>
         <size>0x308</size>
         <input_file_ref idref="fl-158"/>
      </object_component>
      <object_component id="oc-1ab">
         <name>.text</name>
         <load_address>0x1b734</load_address>
         <run_address>0x1b734</run_address>
         <size>0x2fc</size>
         <input_file_ref idref="fl-15a"/>
      </object_component>
      <object_component id="oc-31e">
         <name>.text</name>
         <load_address>0x1ba30</load_address>
         <run_address>0x1ba30</run_address>
         <size>0x294</size>
         <input_file_ref idref="fl-163"/>
      </object_component>
      <object_component id="oc-19e">
         <name>.text</name>
         <load_address>0x1bcc4</load_address>
         <run_address>0x1bcc4</run_address>
         <size>0x28c</size>
         <input_file_ref idref="fl-157"/>
      </object_component>
      <object_component id="oc-22e">
         <name>.text</name>
         <load_address>0x1bf50</load_address>
         <run_address>0x1bf50</run_address>
         <size>0x244</size>
         <input_file_ref idref="fl-f"/>
      </object_component>
      <object_component id="oc-18e">
         <name>.text</name>
         <load_address>0x1c194</load_address>
         <run_address>0x1c194</run_address>
         <size>0x1f8</size>
         <input_file_ref idref="fl-11"/>
      </object_component>
      <object_component id="oc-2fc">
         <name>.text</name>
         <load_address>0x1c38c</load_address>
         <run_address>0x1c38c</run_address>
         <size>0x1f4</size>
         <input_file_ref idref="fl-14e"/>
      </object_component>
      <object_component id="oc-47f">
         <name>.text</name>
         <load_address>0x1c580</load_address>
         <run_address>0x1c580</run_address>
         <size>0x1ec</size>
         <input_file_ref idref="fl-14f"/>
      </object_component>
      <object_component id="oc-4a3">
         <name>.text</name>
         <load_address>0x1c76c</load_address>
         <run_address>0x1c76c</run_address>
         <size>0x13e</size>
         <input_file_ref idref="fl-15b"/>
      </object_component>
      <object_component id="oc-2a3">
         <name>.text</name>
         <load_address>0x1c8ac</load_address>
         <run_address>0x1c8ac</run_address>
         <size>0x138</size>
         <input_file_ref idref="fl-169"/>
      </object_component>
      <object_component id="oc-4d2">
         <name>.text</name>
         <load_address>0x1c9e4</load_address>
         <run_address>0x1c9e4</run_address>
         <size>0x10c</size>
         <input_file_ref idref="fl-156"/>
      </object_component>
      <object_component id="oc-59">
         <name>.text</name>
         <load_address>0x1caf0</load_address>
         <run_address>0x1caf0</run_address>
         <size>0x108</size>
         <input_file_ref idref="fl-18"/>
      </object_component>
      <object_component id="oc-1a7">
         <name>.text</name>
         <load_address>0x1cbf8</load_address>
         <run_address>0x1cbf8</run_address>
         <size>0x104</size>
         <input_file_ref idref="fl-16f"/>
      </object_component>
      <object_component id="oc-499">
         <name>.text</name>
         <load_address>0x1ccfc</load_address>
         <run_address>0x1ccfc</run_address>
         <size>0xd8</size>
         <input_file_ref idref="fl-15"/>
      </object_component>
      <object_component id="oc-212">
         <name>.text</name>
         <load_address>0x1cdd4</load_address>
         <run_address>0x1cdd4</run_address>
         <size>0xd0</size>
         <input_file_ref idref="fl-10"/>
      </object_component>
      <object_component id="oc-2a1">
         <name>.text</name>
         <load_address>0x1cea4</load_address>
         <run_address>0x1cea4</run_address>
         <size>0xa8</size>
         <input_file_ref idref="fl-15d"/>
      </object_component>
      <object_component id="oc-60c">
         <name>.tramp.LL_CtrlToHostFlowControl.1</name>
         <load_address>0x1cf4c</load_address>
         <run_address>0x1cf4c</run_address>
         <size>0x8</size>
         <input_file_ref idref="fl-1f"/>
      </object_component>
      <object_component id="oc-186">
         <name>.text</name>
         <load_address>0x1cf54</load_address>
         <run_address>0x1cf54</run_address>
         <size>0xa8</size>
         <input_file_ref idref="fl-171"/>
      </object_component>
      <object_component id="oc-2c">
         <name>.text</name>
         <load_address>0x1cffc</load_address>
         <run_address>0x1cffc</run_address>
         <size>0x9c</size>
         <input_file_ref idref="fl-14b"/>
      </object_component>
      <object_component id="oc-228">
         <name>.text</name>
         <load_address>0x1d098</load_address>
         <run_address>0x1d098</run_address>
         <size>0x90</size>
         <input_file_ref idref="fl-e"/>
      </object_component>
      <object_component id="oc-392">
         <name>.text</name>
         <load_address>0x1d128</load_address>
         <run_address>0x1d128</run_address>
         <size>0x82</size>
         <input_file_ref idref="fl-153"/>
      </object_component>
      <object_component id="oc-41">
         <name>.text</name>
         <load_address>0x1d1aa</load_address>
         <run_address>0x1d1aa</run_address>
         <size>0x7a</size>
         <input_file_ref idref="fl-14c"/>
      </object_component>
      <object_component id="oc-240">
         <name>.text:NOROM_IntDisable</name>
         <load_address>0x1d224</load_address>
         <run_address>0x1d224</run_address>
         <size>0x78</size>
         <input_file_ref idref="fl-174"/>
      </object_component>
      <object_component id="oc-23a">
         <name>.text:NOROM_IntEnable</name>
         <load_address>0x1d29c</load_address>
         <run_address>0x1d29c</run_address>
         <size>0x78</size>
         <input_file_ref idref="fl-174"/>
      </object_component>
      <object_component id="oc-47">
         <name>.text</name>
         <load_address>0x1d314</load_address>
         <run_address>0x1d314</run_address>
         <size>0x6c</size>
         <input_file_ref idref="fl-144"/>
      </object_component>
      <object_component id="oc-3a">
         <name>.text</name>
         <load_address>0x1d380</load_address>
         <run_address>0x1d380</run_address>
         <size>0x6a</size>
         <input_file_ref idref="fl-146"/>
      </object_component>
      <object_component id="oc-306">
         <name>.text</name>
         <load_address>0x1d3ec</load_address>
         <run_address>0x1d3ec</run_address>
         <size>0x68</size>
         <input_file_ref idref="fl-c"/>
      </object_component>
      <object_component id="oc-53">
         <name>.text</name>
         <load_address>0x1d454</load_address>
         <run_address>0x1d454</run_address>
         <size>0x68</size>
         <input_file_ref idref="fl-19"/>
      </object_component>
      <object_component id="oc-246">
         <name>.text</name>
         <load_address>0x1d4bc</load_address>
         <run_address>0x1d4bc</run_address>
         <size>0x64</size>
         <input_file_ref idref="fl-7"/>
      </object_component>
      <object_component id="oc-1ee">
         <name>.text</name>
         <load_address>0x1d520</load_address>
         <run_address>0x1d520</run_address>
         <size>0x54</size>
         <input_file_ref idref="fl-1a"/>
      </object_component>
      <object_component id="oc-130">
         <name>.text</name>
         <load_address>0x1d574</load_address>
         <run_address>0x1d574</run_address>
         <size>0x4c</size>
         <input_file_ref idref="fl-148"/>
      </object_component>
      <object_component id="oc-151">
         <name>.text</name>
         <load_address>0x1d5c0</load_address>
         <run_address>0x1d5c0</run_address>
         <size>0x44</size>
         <input_file_ref idref="fl-d"/>
      </object_component>
      <object_component id="oc-4da">
         <name>.text</name>
         <load_address>0x1d604</load_address>
         <run_address>0x1d604</run_address>
         <size>0x3e</size>
         <input_file_ref idref="fl-13"/>
      </object_component>
      <object_component id="oc-4d">
         <name>.text</name>
         <load_address>0x1d644</load_address>
         <run_address>0x1d644</run_address>
         <size>0x30</size>
         <input_file_ref idref="fl-16"/>
      </object_component>
      <object_component id="oc-4ff">
         <name>.text:NOROM_TRNGConfigure</name>
         <load_address>0x1d674</load_address>
         <run_address>0x1d674</run_address>
         <size>0x26</size>
         <input_file_ref idref="fl-175"/>
      </object_component>
      <object_component id="oc-301">
         <name>.text</name>
         <load_address>0x1d69a</load_address>
         <run_address>0x1d69a</run_address>
         <size>0x18</size>
         <input_file_ref idref="fl-149"/>
      </object_component>
      <object_component id="oc-234">
         <name>.text</name>
         <load_address>0x1d6b2</load_address>
         <run_address>0x1d6b2</run_address>
         <size>0x14</size>
         <input_file_ref idref="fl-1b"/>
      </object_component>
      <object_component id="oc-60d">
         <name>.tramp.LL_PseudoRand.1</name>
         <load_address>0x1d6c8</load_address>
         <run_address>0x1d6c8</run_address>
         <size>0x8</size>
         <input_file_ref idref="fl-1f"/>
      </object_component>
      <object_component id="oc-30c">
         <name>.text</name>
         <load_address>0x1d6d0</load_address>
         <run_address>0x1d6d0</run_address>
         <size>0x14</size>
         <input_file_ref idref="fl-14d"/>
      </object_component>
      <object_component id="oc-14">
         <name>.text:decompress:none</name>
         <load_address>0x1d6e4</load_address>
         <run_address>0x1d6e4</run_address>
         <size>0xe</size>
         <input_file_ref idref="fl-145"/>
      </object_component>
      <object_component id="oc-141">
         <name>.text:NOROM_CPUcpsid</name>
         <load_address>0x1d6f2</load_address>
         <run_address>0x1d6f2</run_address>
         <size>0xc</size>
         <input_file_ref idref="fl-172"/>
      </object_component>
      <object_component id="oc-147">
         <name>.text:NOROM_CPUcpsie</name>
         <load_address>0x1d6fe</load_address>
         <run_address>0x1d6fe</run_address>
         <size>0xc</size>
         <input_file_ref idref="fl-172"/>
      </object_component>
      <object_component id="oc-20">
         <name>.text:decompress:ZI</name>
         <load_address>0x1d70a</load_address>
         <run_address>0x1d70a</run_address>
         <size>0xc</size>
         <input_file_ref idref="fl-147"/>
      </object_component>
      <object_component id="oc-4b1">
         <name>.text</name>
         <load_address>0x1d716</load_address>
         <run_address>0x1d716</run_address>
         <size>0x8</size>
         <input_file_ref idref="fl-12"/>
      </object_component>
      <object_component id="oc-1a">
         <name>.text:decompress:rle24</name>
         <load_address>0x1d71e</load_address>
         <run_address>0x1d71e</run_address>
         <size>0x6</size>
         <input_file_ref idref="fl-146"/>
      </object_component>
      <object_component id="oc-606">
         <name>.tramp.HCI_SendCommandCompleteEvent.1</name>
         <load_address>0x1d724</load_address>
         <run_address>0x1d724</run_address>
         <size>0x8</size>
         <input_file_ref idref="fl-1f"/>
      </object_component>
      <object_component id="oc-605">
         <name>.tramp.HCI_HostNumCompletedPktCmd.1</name>
         <load_address>0x1d72c</load_address>
         <run_address>0x1d72c</run_address>
         <size>0x8</size>
         <input_file_ref idref="fl-1f"/>
      </object_component>
      <object_component id="oc-604">
         <name>.tramp.HCI_HostBufferSizeCmd.1</name>
         <load_address>0x1d734</load_address>
         <run_address>0x1d734</run_address>
         <size>0x8</size>
         <input_file_ref idref="fl-1f"/>
      </object_component>
      <object_component id="oc-603">
         <name>.tramp.HCI_SetControllerToHostFlowCtrlCmd.1</name>
         <load_address>0x1d73c</load_address>
         <run_address>0x1d73c</run_address>
         <size>0x8</size>
         <input_file_ref idref="fl-1f"/>
      </object_component>
      <object_component id="oc-602">
         <name>.tramp.llCalcScaFactor.1</name>
         <load_address>0x1d744</load_address>
         <run_address>0x1d744</run_address>
         <size>0x8</size>
         <input_file_ref idref="fl-1f"/>
      </object_component>
      <object_component id="oc-601">
         <name>.tramp.LL_ENC_Decrypt.1</name>
         <load_address>0x1d74c</load_address>
         <run_address>0x1d74c</run_address>
         <size>0x8</size>
         <input_file_ref idref="fl-1f"/>
      </object_component>
      <object_component id="oc-600">
         <name>.tramp.HCI_LE_LtkReqNegReplyCmd.1</name>
         <load_address>0x1d754</load_address>
         <run_address>0x1d754</run_address>
         <size>0x8</size>
         <input_file_ref idref="fl-1f"/>
      </object_component>
      <object_component id="oc-5ff">
         <name>.tramp.HCI_LE_LtkReqReplyCmd.1</name>
         <load_address>0x1d75c</load_address>
         <run_address>0x1d75c</run_address>
         <size>0x8</size>
         <input_file_ref idref="fl-1f"/>
      </object_component>
      <object_component id="oc-5fe">
         <name>.tramp.llGetNumTxDataEntries.1</name>
         <load_address>0x1d764</load_address>
         <run_address>0x1d764</run_address>
         <size>0x8</size>
         <input_file_ref idref="fl-1f"/>
      </object_component>
      <object_component id="oc-5fd">
         <name>.tramp.LL_ENC_GenDeviceIV.1</name>
         <load_address>0x1d76c</load_address>
         <run_address>0x1d76c</run_address>
         <size>0x8</size>
         <input_file_ref idref="fl-1f"/>
      </object_component>
      <object_component id="oc-5fc">
         <name>.tramp.LL_ENC_GenDeviceSKD.1</name>
         <load_address>0x1d774</load_address>
         <run_address>0x1d774</run_address>
         <size>0x8</size>
         <input_file_ref idref="fl-1f"/>
      </object_component>
      <object_component id="oc-5fb">
         <name>.tramp.LL_ENC_ReverseBytes.1</name>
         <load_address>0x1d77c</load_address>
         <run_address>0x1d77c</run_address>
         <size>0x8</size>
         <input_file_ref idref="fl-1f"/>
      </object_component>
      <object_component id="oc-5fa">
         <name>.tramp.llMemCopySrc.1</name>
         <load_address>0x1d784</load_address>
         <run_address>0x1d784</run_address>
         <size>0x8</size>
         <input_file_ref idref="fl-1f"/>
      </object_component>
      <object_component id="oc-5f9">
         <name>.tramp.HCI_LE_SetAdvParamCmd.1</name>
         <load_address>0x1d78c</load_address>
         <run_address>0x1d78c</run_address>
         <size>0x8</size>
         <input_file_ref idref="fl-1f"/>
      </object_component>
      <object_component id="oc-5f8">
         <name>.tramp.HCI_LE_SetAdvEnableCmd.1</name>
         <load_address>0x1d794</load_address>
         <run_address>0x1d794</run_address>
         <size>0x8</size>
         <input_file_ref idref="fl-1f"/>
      </object_component>
      <object_component id="oc-5f7">
         <name>.tramp.HCI_LE_SetScanRspDataCmd.1</name>
         <load_address>0x1d79c</load_address>
         <run_address>0x1d79c</run_address>
         <size>0x8</size>
         <input_file_ref idref="fl-1f"/>
      </object_component>
      <object_component id="oc-5f6">
         <name>.tramp.HCI_LE_SetAdvDataCmd.1</name>
         <load_address>0x1d7a4</load_address>
         <run_address>0x1d7a4</run_address>
         <size>0x8</size>
         <input_file_ref idref="fl-1f"/>
      </object_component>
      <object_component id="oc-5f5">
         <name>.tramp.llPatchCM0.1</name>
         <load_address>0x1d7ac</load_address>
         <run_address>0x1d7ac</run_address>
         <size>0x8</size>
         <input_file_ref idref="fl-1f"/>
      </object_component>
      <object_component id="oc-5f4">
         <name>.tramp.LL_Encrypt.1</name>
         <load_address>0x1d7b4</load_address>
         <run_address>0x1d7b4</run_address>
         <size>0x8</size>
         <input_file_ref idref="fl-1f"/>
      </object_component>
      <object_component id="oc-5f3">
         <name>.tramp.HCI_LE_RandCmd.1</name>
         <load_address>0x1d7bc</load_address>
         <run_address>0x1d7bc</run_address>
         <size>0x8</size>
         <input_file_ref idref="fl-1f"/>
      </object_component>
      <object_component id="oc-5f2">
         <name>.tramp.HCI_ReadRemoteVersionInfoCmd.1</name>
         <load_address>0x1d7c4</load_address>
         <run_address>0x1d7c4</run_address>
         <size>0x8</size>
         <input_file_ref idref="fl-1f"/>
      </object_component>
      <object_component id="oc-5f1">
         <name>.tramp.HCI_SetEventMaskCmd.1</name>
         <load_address>0x1d7cc</load_address>
         <run_address>0x1d7cc</run_address>
         <size>0x8</size>
         <input_file_ref idref="fl-1f"/>
      </object_component>
      <object_component id="oc-5f0">
         <name>.tramp.HCI_ReadTransmitPowerLevelCmd.1</name>
         <load_address>0x1d7d4</load_address>
         <run_address>0x1d7d4</run_address>
         <size>0x8</size>
         <input_file_ref idref="fl-1f"/>
      </object_component>
      <object_component id="oc-5ef">
         <name>.tramp.HCI_ReadLocalSupportedFeaturesCmd.1</name>
         <load_address>0x1d7dc</load_address>
         <run_address>0x1d7dc</run_address>
         <size>0x8</size>
         <input_file_ref idref="fl-1f"/>
      </object_component>
      <object_component id="oc-5ee">
         <name>.tramp.HCI_ReadBDADDRCmd.1</name>
         <load_address>0x1d7e4</load_address>
         <run_address>0x1d7e4</run_address>
         <size>0x8</size>
         <input_file_ref idref="fl-1f"/>
      </object_component>
      <object_component id="oc-5ed">
         <name>.tramp.HCI_ReadRssiCmd.1</name>
         <load_address>0x1d7ec</load_address>
         <run_address>0x1d7ec</run_address>
         <size>0x8</size>
         <input_file_ref idref="fl-1f"/>
      </object_component>
      <object_component id="oc-5ec">
         <name>.tramp.HCI_LE_ReadLocalSupportedFeaturesCmd.1</name>
         <load_address>0x1d7f4</load_address>
         <run_address>0x1d7f4</run_address>
         <size>0x8</size>
         <input_file_ref idref="fl-1f"/>
      </object_component>
      <object_component id="oc-5eb">
         <name>.tramp.HCI_LE_ReadAdvChanTxPowerCmd.1</name>
         <load_address>0x1d7fc</load_address>
         <run_address>0x1d7fc</run_address>
         <size>0x8</size>
         <input_file_ref idref="fl-1f"/>
      </object_component>
      <object_component id="oc-5ea">
         <name>.tramp.HCI_LE_ReadWhiteListSizeCmd.1</name>
         <load_address>0x1d804</load_address>
         <run_address>0x1d804</run_address>
         <size>0x8</size>
         <input_file_ref idref="fl-1f"/>
      </object_component>
      <object_component id="oc-5e9">
         <name>.tramp.HCI_LE_ClearWhiteListCmd.1</name>
         <load_address>0x1d80c</load_address>
         <run_address>0x1d80c</run_address>
         <size>0x8</size>
         <input_file_ref idref="fl-1f"/>
      </object_component>
      <object_component id="oc-5e8">
         <name>.tramp.HCI_LE_AddWhiteListCmd.1</name>
         <load_address>0x1d814</load_address>
         <run_address>0x1d814</run_address>
         <size>0x8</size>
         <input_file_ref idref="fl-1f"/>
      </object_component>
      <object_component id="oc-5e7">
         <name>.tramp.HCI_LE_RemoveWhiteListCmd.1</name>
         <load_address>0x1d81c</load_address>
         <run_address>0x1d81c</run_address>
         <size>0x8</size>
         <input_file_ref idref="fl-1f"/>
      </object_component>
      <object_component id="oc-5e6">
         <name>.tramp.HCI_LE_ReadChannelMapCmd.1</name>
         <load_address>0x1d824</load_address>
         <run_address>0x1d824</run_address>
         <size>0x8</size>
         <input_file_ref idref="fl-1f"/>
      </object_component>
      <object_component id="oc-5e5">
         <name>.tramp.HCI_LE_EncryptCmd.1</name>
         <load_address>0x1d82c</load_address>
         <run_address>0x1d82c</run_address>
         <size>0x8</size>
         <input_file_ref idref="fl-1f"/>
      </object_component>
      <object_component id="oc-5e4">
         <name>.tramp.HCI_LE_ReadSupportedStatesCmd.1</name>
         <load_address>0x1d834</load_address>
         <run_address>0x1d834</run_address>
         <size>0x8</size>
         <input_file_ref idref="fl-1f"/>
      </object_component>
      <object_component id="oc-5e3">
         <name>.tramp.HCI_LE_TestEndCmd.1</name>
         <load_address>0x1d83c</load_address>
         <run_address>0x1d83c</run_address>
         <size>0x8</size>
         <input_file_ref idref="fl-1f"/>
      </object_component>
      <object_component id="oc-5e2">
         <name>.tramp.HCI_EXT_SetTxPowerCmd.1</name>
         <load_address>0x1d844</load_address>
         <run_address>0x1d844</run_address>
         <size>0x8</size>
         <input_file_ref idref="fl-1f"/>
      </object_component>
      <object_component id="oc-5e1">
         <name>.tramp.HCI_EXT_OnePktPerEvtCmd.1</name>
         <load_address>0x1d84c</load_address>
         <run_address>0x1d84c</run_address>
         <size>0x8</size>
         <input_file_ref idref="fl-1f"/>
      </object_component>
      <object_component id="oc-5e0">
         <name>.tramp.HCI_EXT_DecryptCmd.1</name>
         <load_address>0x1d854</load_address>
         <run_address>0x1d854</run_address>
         <size>0x8</size>
         <input_file_ref idref="fl-1f"/>
      </object_component>
      <object_component id="oc-5df">
         <name>.tramp.HCI_EXT_SetLocalSupportedFeaturesCmd.1</name>
         <load_address>0x1d85c</load_address>
         <run_address>0x1d85c</run_address>
         <size>0x8</size>
         <input_file_ref idref="fl-1f"/>
      </object_component>
      <object_component id="oc-5de">
         <name>.tramp.HCI_EXT_SetFastTxResponseTimeCmd.1</name>
         <load_address>0x1d864</load_address>
         <run_address>0x1d864</run_address>
         <size>0x8</size>
         <input_file_ref idref="fl-1f"/>
      </object_component>
      <object_component id="oc-5dd">
         <name>.tramp.HCI_EXT_ModemTestTxCmd.1</name>
         <load_address>0x1d86c</load_address>
         <run_address>0x1d86c</run_address>
         <size>0x8</size>
         <input_file_ref idref="fl-1f"/>
      </object_component>
      <object_component id="oc-5dc">
         <name>.tramp.HCI_EXT_ModemHopTestTxCmd.1</name>
         <load_address>0x1d874</load_address>
         <run_address>0x1d874</run_address>
         <size>0x8</size>
         <input_file_ref idref="fl-1f"/>
      </object_component>
      <object_component id="oc-5db">
         <name>.tramp.HCI_EXT_ModemTestRxCmd.1</name>
         <load_address>0x1d87c</load_address>
         <run_address>0x1d87c</run_address>
         <size>0x8</size>
         <input_file_ref idref="fl-1f"/>
      </object_component>
      <object_component id="oc-5da">
         <name>.tramp.HCI_EXT_EndModemTestCmd.1</name>
         <load_address>0x1d884</load_address>
         <run_address>0x1d884</run_address>
         <size>0x8</size>
         <input_file_ref idref="fl-1f"/>
      </object_component>
      <object_component id="oc-5d9">
         <name>.tramp.HCI_EXT_SetBDADDRCmd.1</name>
         <load_address>0x1d88c</load_address>
         <run_address>0x1d88c</run_address>
         <size>0x8</size>
         <input_file_ref idref="fl-1f"/>
      </object_component>
      <object_component id="oc-5d8">
         <name>.tramp.HCI_EXT_SetSCACmd.1</name>
         <load_address>0x1d894</load_address>
         <run_address>0x1d894</run_address>
         <size>0x8</size>
         <input_file_ref idref="fl-1f"/>
      </object_component>
      <object_component id="oc-5d7">
         <name>.tramp.HCI_EXT_EnablePTMCmd.1</name>
         <load_address>0x1d89c</load_address>
         <run_address>0x1d89c</run_address>
         <size>0x8</size>
         <input_file_ref idref="fl-1f"/>
      </object_component>
      <object_component id="oc-5d6">
         <name>.tramp.HCI_EXT_SetMaxDtmTxPowerCmd.1</name>
         <load_address>0x1d8a4</load_address>
         <run_address>0x1d8a4</run_address>
         <size>0x8</size>
         <input_file_ref idref="fl-1f"/>
      </object_component>
      <object_component id="oc-5d5">
         <name>.tramp.HCI_EXT_DisconnectImmedCmd.1</name>
         <load_address>0x1d8ac</load_address>
         <run_address>0x1d8ac</run_address>
         <size>0x8</size>
         <input_file_ref idref="fl-1f"/>
      </object_component>
      <object_component id="oc-5d4">
         <name>.tramp.HCI_EXT_PacketErrorRateCmd.1</name>
         <load_address>0x1d8b4</load_address>
         <run_address>0x1d8b4</run_address>
         <size>0x8</size>
         <input_file_ref idref="fl-1f"/>
      </object_component>
      <object_component id="oc-5d3">
         <name>.tramp.HCI_EXT_PERbyChanCmd.1</name>
         <load_address>0x1d8bc</load_address>
         <run_address>0x1d8bc</run_address>
         <size>0x8</size>
         <input_file_ref idref="fl-1f"/>
      </object_component>
      <object_component id="oc-5d2">
         <name>.tramp.HCI_EXT_AdvEventNoticeCmd.1</name>
         <load_address>0x1d8c4</load_address>
         <run_address>0x1d8c4</run_address>
         <size>0x8</size>
         <input_file_ref idref="fl-1f"/>
      </object_component>
      <object_component id="oc-5d1">
         <name>.tramp.HCI_EXT_SetSlaveLatencyOverrideCmd.1</name>
         <load_address>0x1d8cc</load_address>
         <run_address>0x1d8cc</run_address>
         <size>0x8</size>
         <input_file_ref idref="fl-1f"/>
      </object_component>
      <object_component id="oc-5d0">
         <name>.tramp.HCI_EXT_BuildRevisionCmd.1</name>
         <load_address>0x1d8d4</load_address>
         <run_address>0x1d8d4</run_address>
         <size>0x8</size>
         <input_file_ref idref="fl-1f"/>
      </object_component>
      <object_component id="oc-5cf">
         <name>.tramp.HCI_EXT_NumComplPktsLimitCmd.1</name>
         <load_address>0x1d8dc</load_address>
         <run_address>0x1d8dc</run_address>
         <size>0x8</size>
         <input_file_ref idref="fl-1f"/>
      </object_component>
      <object_component id="oc-5ce">
         <name>.tramp.HCI_DisconnectCmd.1</name>
         <load_address>0x1d8e4</load_address>
         <run_address>0x1d8e4</run_address>
         <size>0x8</size>
         <input_file_ref idref="fl-1f"/>
      </object_component>
      <object_component id="oc-5cd">
         <name>.tramp.llMoveTempTxDataEntries.1</name>
         <load_address>0x1d8ec</load_address>
         <run_address>0x1d8ec</run_address>
         <size>0x8</size>
         <input_file_ref idref="fl-1f"/>
      </object_component>
      <object_component id="oc-5cc">
         <name>.tramp.llSetupVersionIndReq.1</name>
         <load_address>0x1d8f4</load_address>
         <run_address>0x1d8f4</run_address>
         <size>0x8</size>
         <input_file_ref idref="fl-1f"/>
      </object_component>
      <object_component id="oc-5cb">
         <name>.tramp.LL_ReadRemoteVersionInfoCback.1</name>
         <load_address>0x1d8fc</load_address>
         <run_address>0x1d8fc</run_address>
         <size>0x8</size>
         <input_file_ref idref="fl-1f"/>
      </object_component>
      <object_component id="oc-5ca">
         <name>.tramp.llSetupPauseEncRsp.1</name>
         <load_address>0x1d904</load_address>
         <run_address>0x1d904</run_address>
         <size>0x8</size>
         <input_file_ref idref="fl-1f"/>
      </object_component>
      <object_component id="oc-5c9">
         <name>.tramp.llSetupStartEncRsp.1</name>
         <load_address>0x1d90c</load_address>
         <run_address>0x1d90c</run_address>
         <size>0x8</size>
         <input_file_ref idref="fl-1f"/>
      </object_component>
      <object_component id="oc-5c8">
         <name>.tramp.LL_EncChangeCback.1</name>
         <load_address>0x1d914</load_address>
         <run_address>0x1d914</run_address>
         <size>0x8</size>
         <input_file_ref idref="fl-1f"/>
      </object_component>
      <object_component id="oc-5c7">
         <name>.tramp.LL_EncKeyRefreshCback.1</name>
         <load_address>0x1d91c</load_address>
         <run_address>0x1d91c</run_address>
         <size>0x8</size>
         <input_file_ref idref="fl-1f"/>
      </object_component>
      <object_component id="oc-5c6">
         <name>.tramp.LL_ENC_AES128_Encrypt.1</name>
         <load_address>0x1d924</load_address>
         <run_address>0x1d924</run_address>
         <size>0x8</size>
         <input_file_ref idref="fl-1f"/>
      </object_component>
      <object_component id="oc-5c5">
         <name>.tramp.llSetupStartEncReq.1</name>
         <load_address>0x1d92c</load_address>
         <run_address>0x1d92c</run_address>
         <size>0x8</size>
         <input_file_ref idref="fl-1f"/>
      </object_component>
      <object_component id="oc-5c4">
         <name>.tramp.llSetupEncRsp.1</name>
         <load_address>0x1d934</load_address>
         <run_address>0x1d934</run_address>
         <size>0x8</size>
         <input_file_ref idref="fl-1f"/>
      </object_component>
      <object_component id="oc-5c3">
         <name>.tramp.LL_EncLtkReqCback.1</name>
         <load_address>0x1d93c</load_address>
         <run_address>0x1d93c</run_address>
         <size>0x8</size>
         <input_file_ref idref="fl-1f"/>
      </object_component>
      <object_component id="oc-5c2">
         <name>.tramp.llSetupUnknownRsp.1</name>
         <load_address>0x1d944</load_address>
         <run_address>0x1d944</run_address>
         <size>0x8</size>
         <input_file_ref idref="fl-1f"/>
      </object_component>
      <object_component id="oc-5c1">
         <name>.tramp.llEventInRange.1</name>
         <load_address>0x1d94c</load_address>
         <run_address>0x1d94c</run_address>
         <size>0x8</size>
         <input_file_ref idref="fl-1f"/>
      </object_component>
      <object_component id="oc-5c0">
         <name>.tramp.llCheckForLstoDuringSL.1</name>
         <load_address>0x1d954</load_address>
         <run_address>0x1d954</run_address>
         <size>0x8</size>
         <input_file_ref idref="fl-1f"/>
      </object_component>
      <object_component id="oc-5bf">
         <name>.tramp.llConnTerminate.1</name>
         <load_address>0x1d95c</load_address>
         <run_address>0x1d95c</run_address>
         <size>0x8</size>
         <input_file_ref idref="fl-1f"/>
      </object_component>
      <object_component id="oc-5be">
         <name>.tramp.HCI_SendDataPkt.1</name>
         <load_address>0x1d964</load_address>
         <run_address>0x1d964</run_address>
         <size>0x8</size>
         <input_file_ref idref="fl-1f"/>
      </object_component>
      <object_component id="oc-5bd">
         <name>.tramp.llGetNumTasks.1</name>
         <load_address>0x1d96c</load_address>
         <run_address>0x1d96c</run_address>
         <size>0x8</size>
         <input_file_ref idref="fl-1f"/>
      </object_component>
      <object_component id="oc-5bc">
         <name>.tramp.llScheduler.1</name>
         <load_address>0x1d974</load_address>
         <run_address>0x1d974</run_address>
         <size>0x8</size>
         <input_file_ref idref="fl-1f"/>
      </object_component>
      <object_component id="oc-5bb">
         <name>.tramp.llSetupAdv.1</name>
         <load_address>0x1d97c</load_address>
         <run_address>0x1d97c</run_address>
         <size>0x8</size>
         <input_file_ref idref="fl-1f"/>
      </object_component>
      <object_component id="oc-5ba">
         <name>.tramp.LL_DirectTestEndDoneCback.1</name>
         <load_address>0x1d984</load_address>
         <run_address>0x1d984</run_address>
         <size>0x8</size>
         <input_file_ref idref="fl-1f"/>
      </object_component>
      <object_component id="oc-5b9">
         <name>.tramp.llRfStartFS.1</name>
         <load_address>0x1d98c</load_address>
         <run_address>0x1d98c</run_address>
         <size>0x8</size>
         <input_file_ref idref="fl-1f"/>
      </object_component>
      <object_component id="oc-5b8">
         <name>.tramp.HCI_DataBufferOverflowEvent.1</name>
         <load_address>0x1d994</load_address>
         <run_address>0x1d994</run_address>
         <size>0x8</size>
         <input_file_ref idref="fl-1f"/>
      </object_component>
      <object_component id="oc-5b7">
         <name>.tramp.llReleaseAllConnId.1</name>
         <load_address>0x1d99c</load_address>
         <run_address>0x1d99c</run_address>
         <size>0x8</size>
         <input_file_ref idref="fl-1f"/>
      </object_component>
      <object_component id="oc-5b6">
         <name>.tramp.LL_ClearWhiteList.1</name>
         <load_address>0x1d9a4</load_address>
         <run_address>0x1d9a4</run_address>
         <size>0x8</size>
         <input_file_ref idref="fl-1f"/>
      </object_component>
      <object_component id="oc-5b5">
         <name>.tramp.LL_ENC_Init.1</name>
         <load_address>0x1d9ac</load_address>
         <run_address>0x1d9ac</run_address>
         <size>0x8</size>
         <input_file_ref idref="fl-1f"/>
      </object_component>
      <object_component id="oc-5b4">
         <name>.tramp.WL_Init.1</name>
         <load_address>0x1d9b4</load_address>
         <run_address>0x1d9b4</run_address>
         <size>0x8</size>
         <input_file_ref idref="fl-1f"/>
      </object_component>
      <object_component id="oc-5b3">
         <name>.tramp.LL_ConnectionCompleteCback.1</name>
         <load_address>0x1d9bc</load_address>
         <run_address>0x1d9bc</run_address>
         <size>0x8</size>
         <input_file_ref idref="fl-1f"/>
      </object_component>
      <object_component id="oc-5b2">
         <name>.tramp.LL_ENC_GenerateTrueRandNum.1</name>
         <load_address>0x1d9c4</load_address>
         <run_address>0x1d9c4</run_address>
         <size>0x8</size>
         <input_file_ref idref="fl-1f"/>
      </object_component>
      <object_component id="oc-5b1">
         <name>.tramp.llInitRAT.1</name>
         <load_address>0x1d9cc</load_address>
         <run_address>0x1d9cc</run_address>
         <size>0x8</size>
         <input_file_ref idref="fl-1f"/>
      </object_component>
      <object_component id="oc-5b0">
         <name>.tramp.llSetupRfHal.1</name>
         <load_address>0x1d9d4</load_address>
         <run_address>0x1d9d4</run_address>
         <size>0x8</size>
         <input_file_ref idref="fl-1f"/>
      </object_component>
      <object_component id="oc-5af">
         <name>.tramp.llSetupMailbox.1</name>
         <load_address>0x1d9dc</load_address>
         <run_address>0x1d9dc</run_address>
         <size>0x8</size>
         <input_file_ref idref="fl-1f"/>
      </object_component>
      <object_component id="oc-5ae">
         <name>.tramp.llResetRadio.1</name>
         <load_address>0x1d9e4</load_address>
         <run_address>0x1d9e4</run_address>
         <size>0x8</size>
         <input_file_ref idref="fl-1f"/>
      </object_component>
      <object_component id="oc-5ad">
         <name>.tramp.llSetupRejectInd.1</name>
         <load_address>0x1d9ec</load_address>
         <run_address>0x1d9ec</run_address>
         <size>0x8</size>
         <input_file_ref idref="fl-1f"/>
      </object_component>
      <object_component id="oc-5ac">
         <name>.tramp.WL_FindEntry.1</name>
         <load_address>0x1d9f4</load_address>
         <run_address>0x1d9f4</run_address>
         <size>0x8</size>
         <input_file_ref idref="fl-1f"/>
      </object_component>
      <object_component id="oc-5ab">
         <name>.tramp.llEnqueueCtrlPkt.1</name>
         <load_address>0x1d9fc</load_address>
         <run_address>0x1d9fc</run_address>
         <size>0x8</size>
         <input_file_ref idref="fl-1f"/>
      </object_component>
      <object_component id="oc-5aa">
         <name>.tramp.LL_ConnActive.1</name>
         <load_address>0x1da04</load_address>
         <run_address>0x1da04</run_address>
         <size>0x8</size>
         <input_file_ref idref="fl-1f"/>
      </object_component>
      <object_component id="oc-5a9">
         <name>.tramp.llHaltRadio.1</name>
         <load_address>0x1da0c</load_address>
         <run_address>0x1da0c</run_address>
         <size>0x8</size>
         <input_file_ref idref="fl-1f"/>
      </object_component>
      <object_component id="oc-5a8">
         <name>.tramp.llGetCurrentTask.1</name>
         <load_address>0x1da14</load_address>
         <run_address>0x1da14</run_address>
         <size>0x8</size>
         <input_file_ref idref="fl-1f"/>
      </object_component>
      <object_component id="oc-5a7">
         <name>.tramp.LL_RX_bm_alloc.1</name>
         <load_address>0x1da1c</load_address>
         <run_address>0x1da1c</run_address>
         <size>0x8</size>
         <input_file_ref idref="fl-1f"/>
      </object_component>
      <object_component id="oc-5a6">
         <name>.tramp.HCI_HardwareErrorEvent.1</name>
         <load_address>0x1da24</load_address>
         <run_address>0x1da24</run_address>
         <size>0x8</size>
         <input_file_ref idref="fl-1f"/>
      </object_component>
      <object_component id="oc-5a5">
         <name>.tramp.HCI_bm_alloc.1</name>
         <load_address>0x1da2c</load_address>
         <run_address>0x1da2c</run_address>
         <size>0x8</size>
         <input_file_ref idref="fl-1f"/>
      </object_component>
      <object_component id="oc-5a4">
         <name>.tramp.llWriteTxData.1</name>
         <load_address>0x1da34</load_address>
         <run_address>0x1da34</run_address>
         <size>0x8</size>
         <input_file_ref idref="fl-1f"/>
      </object_component>
      <object_component id="oc-5a3">
         <name>.tramp.llGetCurrentTime.1</name>
         <load_address>0x1da3c</load_address>
         <run_address>0x1da3c</run_address>
         <size>0x8</size>
         <input_file_ref idref="fl-1f"/>
      </object_component>
      <object_component id="oc-5a2">
         <name>.tramp.llConvertCtrlProcTimeoutToEvent.1</name>
         <load_address>0x1da44</load_address>
         <run_address>0x1da44</run_address>
         <size>0x8</size>
         <input_file_ref idref="fl-1f"/>
      </object_component>
      <object_component id="oc-5a1">
         <name>.tramp.llConvertLstoToEvent.1</name>
         <load_address>0x1da4c</load_address>
         <run_address>0x1da4c</run_address>
         <size>0x8</size>
         <input_file_ref idref="fl-1f"/>
      </object_component>
      <object_component id="oc-5a0">
         <name>.tramp.llTimeDelta.1</name>
         <load_address>0x1da54</load_address>
         <run_address>0x1da54</run_address>
         <size>0x8</size>
         <input_file_ref idref="fl-1f"/>
      </object_component>
      <object_component id="oc-59f">
         <name>.tramp.llTimeCompare.1</name>
         <load_address>0x1da5c</load_address>
         <run_address>0x1da5c</run_address>
         <size>0x8</size>
         <input_file_ref idref="fl-1f"/>
      </object_component>
      <object_component id="oc-59e">
         <name>.tramp.llFreeTask.1</name>
         <load_address>0x1da64</load_address>
         <run_address>0x1da64</run_address>
         <size>0x8</size>
         <input_file_ref idref="fl-1f"/>
      </object_component>
      <object_component id="oc-59d">
         <name>.tramp.llReleaseConnId.1</name>
         <load_address>0x1da6c</load_address>
         <run_address>0x1da6c</run_address>
         <size>0x8</size>
         <input_file_ref idref="fl-1f"/>
      </object_component>
      <object_component id="oc-59c">
         <name>.tramp.LL_ENC_Encrypt.1</name>
         <load_address>0x1da74</load_address>
         <run_address>0x1da74</run_address>
         <size>0x8</size>
         <input_file_ref idref="fl-1f"/>
      </object_component>
      <object_component id="oc-59b">
         <name>.tramp.LL_TX_bm_alloc.1</name>
         <load_address>0x1da7c</load_address>
         <run_address>0x1da7c</run_address>
         <size>0x8</size>
         <input_file_ref idref="fl-1f"/>
      </object_component>
      <object_component id="oc-59a">
         <name>.tramp.llEventDelta.1</name>
         <load_address>0x1da84</load_address>
         <run_address>0x1da84</run_address>
         <size>0x8</size>
         <input_file_ref idref="fl-1f"/>
      </object_component>
      <object_component id="oc-14d">
         <name>.const</name>
         <load_address>0x1da8c</load_address>
         <run_address>0x1da8c</run_address>
         <size>0x664</size>
         <input_file_ref idref="fl-19"/>
      </object_component>
      <object_component id="oc-13d">
         <name>.const</name>
         <load_address>0x1e0f0</load_address>
         <run_address>0x1e0f0</run_address>
         <size>0x10c</size>
         <input_file_ref idref="fl-16"/>
      </object_component>
      <object_component id="oc-312">
         <name>.const:tasksArr</name>
         <load_address>0x1e1fc</load_address>
         <run_address>0x1e1fc</run_address>
         <size>0x24</size>
         <input_file_ref idref="fl-18"/>
      </object_component>
      <object_component id="oc-277">
         <name>.rodata</name>
         <load_address>0x1e220</load_address>
         <run_address>0x1e220</run_address>
         <size>0x5c</size>
         <input_file_ref idref="fl-166"/>
      </object_component>
      <object_component id="oc-569">
         <name>.rodata</name>
         <load_address>0x1e27c</load_address>
         <run_address>0x1e27c</run_address>
         <size>0x8</size>
         <input_file_ref idref="fl-158"/>
      </object_component>
      <object_component id="oc-544">
         <name>.rodata</name>
         <load_address>0x1e284</load_address>
         <run_address>0x1e284</run_address>
         <size>0x8</size>
         <input_file_ref idref="fl-15c"/>
      </object_component>
      <object_component id="oc-4e0">
         <name>.rodata</name>
         <load_address>0x1e28c</load_address>
         <run_address>0x1e28c</run_address>
         <size>0x2</size>
         <input_file_ref idref="fl-168"/>
      </object_component>
      <object_component id="oc-597">
         <name>.cinit..data.load</name>
         <load_address>0x1e290</load_address>
         <run_address>0x1e290</run_address>
         <size>0x170</size>
      </object_component>
      <object_component id="oc-595">
         <name>__TI_handler_table</name>
         <load_address>0x1e400</load_address>
         <run_address>0x1e400</run_address>
         <size>0xc</size>
      </object_component>
      <object_component id="oc-599">
         <name>.cinit..TI.bound:mbIntCbackTable.load</name>
         <load_address>0x1e410</load_address>
         <run_address>0x1e410</run_address>
         <size>0x8</size>
      </object_component>
      <object_component id="oc-598">
         <name>.cinit..bss.load</name>
         <load_address>0x1e418</load_address>
         <run_address>0x1e418</run_address>
         <size>0x8</size>
      </object_component>
      <object_component id="oc-596">
         <name>__TI_cinit_table</name>
         <load_address>0x1e420</load_address>
         <run_address>0x1e420</run_address>
         <size>0x18</size>
      </object_component>
      <object_component id="oc-26">
         <name>EntrySection</name>
         <load_address>0xf000</load_address>
         <run_address>0xf000</run_address>
         <size>0x2c</size>
         <input_file_ref idref="fl-17"/>
      </object_component>
      <object_component id="oc-542">
         <name>.bss</name>
         <uninitialized>true</uninitialized>
         <run_address>0x2000487c</run_address>
         <size>0x4</size>
         <input_file_ref idref="fl-14f"/>
      </object_component>
      <object_component id="oc-317">
         <name>.bss</name>
         <uninitialized>true</uninitialized>
         <run_address>0x20004880</run_address>
         <size>0x4</size>
         <input_file_ref idref="fl-151"/>
      </object_component>
      <object_component id="oc-318">
         <name>.bss</name>
         <uninitialized>true</uninitialized>
         <run_address>0x20004884</run_address>
         <size>0x4</size>
         <input_file_ref idref="fl-151"/>
      </object_component>
      <object_component id="oc-522">
         <name>.bss</name>
         <uninitialized>true</uninitialized>
         <run_address>0x2000488c</run_address>
         <size>0x4</size>
         <input_file_ref idref="fl-153"/>
      </object_component>
      <object_component id="oc-521">
         <name>.bss</name>
         <uninitialized>true</uninitialized>
         <run_address>0x20004888</run_address>
         <size>0x4</size>
         <input_file_ref idref="fl-153"/>
      </object_component>
      <object_component id="oc-3f1">
         <name>.bss</name>
         <uninitialized>true</uninitialized>
         <run_address>0x20004890</run_address>
         <size>0x4</size>
         <input_file_ref idref="fl-154"/>
      </object_component>
      <object_component id="oc-54b">
         <name>.bss</name>
         <uninitialized>true</uninitialized>
         <run_address>0x200048ac</run_address>
         <size>0x2</size>
         <input_file_ref idref="fl-155"/>
      </object_component>
      <object_component id="oc-548">
         <name>.bss</name>
         <uninitialized>true</uninitialized>
         <run_address>0x20004894</run_address>
         <size>0x4</size>
         <input_file_ref idref="fl-158"/>
      </object_component>
      <object_component id="oc-53f">
         <name>.bss</name>
         <uninitialized>true</uninitialized>
         <run_address>0x20004898</run_address>
         <size>0x4</size>
         <input_file_ref idref="fl-159"/>
      </object_component>
      <object_component id="oc-498">
         <name>.bss</name>
         <uninitialized>true</uninitialized>
         <run_address>0x200048ae</run_address>
         <size>0x2</size>
         <input_file_ref idref="fl-15a"/>
      </object_component>
      <object_component id="oc-496">
         <name>.bss</name>
         <uninitialized>true</uninitialized>
         <run_address>0x2000486c</run_address>
         <size>0x8</size>
         <input_file_ref idref="fl-15a"/>
      </object_component>
      <object_component id="oc-4a0">
         <name>.bss</name>
         <uninitialized>true</uninitialized>
         <run_address>0x200047e8</run_address>
         <size>0x28</size>
         <input_file_ref idref="fl-15c"/>
      </object_component>
      <object_component id="oc-4a1">
         <name>.bss</name>
         <uninitialized>true</uninitialized>
         <run_address>0x2000489c</run_address>
         <size>0x4</size>
         <input_file_ref idref="fl-15c"/>
      </object_component>
      <object_component id="oc-50e">
         <name>.bss</name>
         <uninitialized>true</uninitialized>
         <run_address>0x20004844</run_address>
         <size>0x10</size>
         <input_file_ref idref="fl-15e"/>
      </object_component>
      <object_component id="oc-520">
         <name>.bss</name>
         <uninitialized>true</uninitialized>
         <run_address>0x200048b2</run_address>
         <size>0x1</size>
         <input_file_ref idref="fl-160"/>
      </object_component>
      <object_component id="oc-390">
         <name>.bss</name>
         <uninitialized>true</uninitialized>
         <run_address>0x200047b8</run_address>
         <size>0x30</size>
         <input_file_ref idref="fl-161"/>
      </object_component>
      <object_component id="oc-51d">
         <name>.bss</name>
         <uninitialized>true</uninitialized>
         <run_address>0x200048b3</run_address>
         <size>0x1</size>
         <input_file_ref idref="fl-162"/>
      </object_component>
      <object_component id="oc-51e">
         <name>.bss</name>
         <uninitialized>true</uninitialized>
         <run_address>0x200048b4</run_address>
         <size>0x1</size>
         <input_file_ref idref="fl-162"/>
      </object_component>
      <object_component id="oc-391">
         <name>.bss</name>
         <uninitialized>true</uninitialized>
         <run_address>0x20004780</run_address>
         <size>0x38</size>
         <input_file_ref idref="fl-163"/>
      </object_component>
      <object_component id="oc-50f">
         <name>.bss</name>
         <uninitialized>true</uninitialized>
         <run_address>0x200048b5</run_address>
         <size>0x1</size>
         <input_file_ref idref="fl-165"/>
      </object_component>
      <object_component id="oc-316">
         <name>.bss</name>
         <uninitialized>true</uninitialized>
         <run_address>0x20004810</run_address>
         <size>0x1c</size>
         <input_file_ref idref="fl-168"/>
      </object_component>
      <object_component id="oc-511">
         <name>.bss</name>
         <uninitialized>true</uninitialized>
         <run_address>0x200048b0</run_address>
         <size>0x2</size>
         <input_file_ref idref="fl-16a"/>
      </object_component>
      <object_component id="oc-508">
         <name>.bss</name>
         <uninitialized>true</uninitialized>
         <run_address>0x2000482c</run_address>
         <size>0x18</size>
         <input_file_ref idref="fl-16b"/>
      </object_component>
      <object_component id="oc-509">
         <name>.bss</name>
         <uninitialized>true</uninitialized>
         <run_address>0x200048b6</run_address>
         <size>0x1</size>
         <input_file_ref idref="fl-16b"/>
      </object_component>
      <object_component id="oc-524">
         <name>.bss</name>
         <uninitialized>true</uninitialized>
         <run_address>0x200048a0</run_address>
         <size>0x4</size>
         <input_file_ref idref="fl-16c"/>
      </object_component>
      <object_component id="oc-412">
         <name>.bss</name>
         <uninitialized>true</uninitialized>
         <run_address>0x20004854</run_address>
         <size>0xc</size>
         <input_file_ref idref="fl-16d"/>
      </object_component>
      <object_component id="oc-411">
         <name>.bss</name>
         <uninitialized>true</uninitialized>
         <run_address>0x200048b7</run_address>
         <size>0x1</size>
         <input_file_ref idref="fl-16f"/>
      </object_component>
      <object_component id="oc-272">
         <name>.bss</name>
         <uninitialized>true</uninitialized>
         <run_address>0x200048b8</run_address>
         <size>0x1</size>
         <input_file_ref idref="fl-171"/>
      </object_component>
      <object_component id="oc-276">
         <name>.bss</name>
         <uninitialized>true</uninitialized>
         <run_address>0x200048bc</run_address>
         <size>0x1</size>
         <input_file_ref idref="fl-171"/>
      </object_component>
      <object_component id="oc-274">
         <name>.bss</name>
         <uninitialized>true</uninitialized>
         <run_address>0x200048ba</run_address>
         <size>0x1</size>
         <input_file_ref idref="fl-171"/>
      </object_component>
      <object_component id="oc-273">
         <name>.bss</name>
         <uninitialized>true</uninitialized>
         <run_address>0x200048b9</run_address>
         <size>0x1</size>
         <input_file_ref idref="fl-171"/>
      </object_component>
      <object_component id="oc-275">
         <name>.bss</name>
         <uninitialized>true</uninitialized>
         <run_address>0x200048bb</run_address>
         <size>0x1</size>
         <input_file_ref idref="fl-171"/>
      </object_component>
      <object_component id="oc-319">
         <name>.bss</name>
         <uninitialized>true</uninitialized>
         <run_address>0x200048bd</run_address>
         <size>0x1</size>
         <input_file_ref idref="fl-171"/>
      </object_component>
      <object_component id="oc-4d7">
         <name>.bss</name>
         <uninitialized>true</uninitialized>
         <run_address>0x20004744</run_address>
         <size>0x3c</size>
         <input_file_ref idref="fl-9"/>
      </object_component>
      <object_component id="oc-4f8">
         <name>.bss</name>
         <uninitialized>true</uninitialized>
         <run_address>0x20004874</run_address>
         <size>0x8</size>
         <input_file_ref idref="fl-f"/>
      </object_component>
      <object_component id="oc-5f">
         <name>.bss</name>
         <uninitialized>true</uninitialized>
         <run_address>0x20004860</run_address>
         <size>0xc</size>
         <input_file_ref idref="fl-17"/>
      </object_component>
      <object_component id="oc-505">
         <name>.common:lastTrngVal$3</name>
         <uninitialized>true</uninitialized>
         <run_address>0x200048a4</run_address>
         <size>0x4</size>
      </object_component>
      <object_component id="oc-1f4">
         <name>.common:tasksEvents</name>
         <uninitialized>true</uninitialized>
         <run_address>0x200048a8</run_address>
         <size>0x4</size>
      </object_component>
      <object_component id="oc-3ef">
         <name>.data</name>
         <load_address>0x2000464c</load_address>
         <run_address>0x2000464c</run_address>
         <size>0x2c</size>
         <input_file_ref idref="fl-152"/>
      </object_component>
      <object_component id="oc-523">
         <name>.data</name>
         <load_address>0x20004550</load_address>
         <run_address>0x20004550</run_address>
         <size>0x50</size>
         <input_file_ref idref="fl-152"/>
      </object_component>
      <object_component id="oc-3f0">
         <name>.data</name>
         <load_address>0x2000469c</load_address>
         <run_address>0x2000469c</run_address>
         <size>0x1c</size>
         <input_file_ref idref="fl-154"/>
      </object_component>
      <object_component id="oc-54a">
         <name>.data</name>
         <load_address>0x200046b8</load_address>
         <run_address>0x200046b8</run_address>
         <size>0x1c</size>
         <input_file_ref idref="fl-155"/>
      </object_component>
      <object_component id="oc-54c">
         <name>.data</name>
         <load_address>0x2000472c</load_address>
         <run_address>0x2000472c</run_address>
         <size>0x4</size>
         <input_file_ref idref="fl-156"/>
      </object_component>
      <object_component id="oc-3ee">
         <name>.data</name>
         <load_address>0x200046f8</load_address>
         <run_address>0x200046f8</run_address>
         <size>0xc</size>
         <input_file_ref idref="fl-157"/>
      </object_component>
      <object_component id="oc-56a">
         <name>.data</name>
         <load_address>0x2000473a</load_address>
         <run_address>0x2000473a</run_address>
         <size>0x1</size>
         <input_file_ref idref="fl-158"/>
      </object_component>
      <object_component id="oc-546">
         <name>.data</name>
         <load_address>0x20004678</load_address>
         <run_address>0x20004678</run_address>
         <size>0x24</size>
         <input_file_ref idref="fl-158"/>
      </object_component>
      <object_component id="oc-56b">
         <name>.data</name>
         <load_address>0x2000473b</load_address>
         <run_address>0x2000473b</run_address>
         <size>0x1</size>
         <input_file_ref idref="fl-158"/>
      </object_component>
      <object_component id="oc-56c">
         <name>.data</name>
         <load_address>0x2000473c</load_address>
         <run_address>0x2000473c</run_address>
         <size>0x1</size>
         <input_file_ref idref="fl-158"/>
      </object_component>
      <object_component id="oc-547">
         <name>.data</name>
         <load_address>0x200044e0</load_address>
         <run_address>0x200044e0</run_address>
         <size>0x70</size>
         <input_file_ref idref="fl-158"/>
      </object_component>
      <object_component id="oc-541">
         <name>.data</name>
         <load_address>0x2000473d</load_address>
         <run_address>0x2000473d</run_address>
         <size>0x1</size>
         <input_file_ref idref="fl-159"/>
      </object_component>
      <object_component id="oc-540">
         <name>.data</name>
         <load_address>0x2000471c</load_address>
         <run_address>0x2000471c</run_address>
         <size>0x8</size>
         <input_file_ref idref="fl-159"/>
      </object_component>
      <object_component id="oc-497">
         <name>.data</name>
         <load_address>0x2000473e</load_address>
         <run_address>0x2000473e</run_address>
         <size>0x1</size>
         <input_file_ref idref="fl-15a"/>
      </object_component>
      <object_component id="oc-49f">
         <name>.data</name>
         <load_address>0x2000473f</load_address>
         <run_address>0x2000473f</run_address>
         <size>0x1</size>
         <input_file_ref idref="fl-15c"/>
      </object_component>
      <object_component id="oc-545">
         <name>.data</name>
         <load_address>0x20004740</load_address>
         <run_address>0x20004740</run_address>
         <size>0x1</size>
         <input_file_ref idref="fl-15c"/>
      </object_component>
      <object_component id="oc-4a2">
         <name>.data</name>
         <load_address>0x200045a0</load_address>
         <run_address>0x200045a0</run_address>
         <size>0x40</size>
         <input_file_ref idref="fl-15c"/>
      </object_component>
      <object_component id="oc-38f">
         <name>.data</name>
         <load_address>0x200046d4</load_address>
         <run_address>0x200046d4</run_address>
         <size>0x14</size>
         <input_file_ref idref="fl-161"/>
      </object_component>
      <object_component id="oc-51f">
         <name>.data</name>
         <load_address>0x20004738</load_address>
         <run_address>0x20004738</run_address>
         <size>0x2</size>
         <input_file_ref idref="fl-161"/>
      </object_component>
      <object_component id="oc-510">
         <name>.data</name>
         <load_address>0x20004704</load_address>
         <run_address>0x20004704</run_address>
         <size>0xc</size>
         <input_file_ref idref="fl-165"/>
      </object_component>
      <object_component id="oc-4e2">
         <name>.data</name>
         <load_address>0x200046e8</load_address>
         <run_address>0x200046e8</run_address>
         <size>0x10</size>
         <input_file_ref idref="fl-166"/>
      </object_component>
      <object_component id="oc-507">
         <name>.data</name>
         <load_address>0x200045e0</load_address>
         <run_address>0x200045e0</run_address>
         <size>0x3c</size>
         <input_file_ref idref="fl-16b"/>
      </object_component>
      <object_component id="oc-56d">
         <name>.data</name>
         <load_address>0x20004710</load_address>
         <run_address>0x20004710</run_address>
         <size>0xc</size>
         <input_file_ref idref="fl-16e"/>
      </object_component>
      <object_component id="oc-4eb">
         <name>.data</name>
         <load_address>0x20004734</load_address>
         <run_address>0x20004734</run_address>
         <size>0x4</size>
         <input_file_ref idref="fl-10"/>
      </object_component>
      <object_component id="oc-1f5">
         <name>.data</name>
         <load_address>0x2000461c</load_address>
         <run_address>0x2000461c</run_address>
         <size>0x30</size>
         <input_file_ref idref="fl-b"/>
      </object_component>
      <object_component id="oc-514">
         <name>.data</name>
         <load_address>0x20004724</load_address>
         <run_address>0x20004724</run_address>
         <size>0x8</size>
         <input_file_ref idref="fl-c"/>
      </object_component>
      <object_component id="oc-4f4">
         <name>.data</name>
         <load_address>0x20004730</load_address>
         <run_address>0x20004730</run_address>
         <size>0x4</size>
         <input_file_ref idref="fl-e"/>
      </object_component>
      <object_component id="oc-31a">
[...]
         <value>0x200048b8</value>
         <object_component_ref idref="oc-272"/>
      </symbol>
      <symbol id="sm-fbe">
         <name>hciTestTaskID</name>
         <value>0x200048bc</value>
         <object_component_ref idref="oc-276"/>
      </symbol>
      <symbol id="sm-fd5">
         <name>NOROM_CPUcpsie</name>
         <value>0x1d6ff</value>
         <object_component_ref idref="oc-147"/>
      </symbol>
      <symbol id="sm-fd6">
         <name>NOROM_CPUcpsid</name>
         <value>0x1d6f3</value>
         <object_component_ref idref="oc-141"/>
      </symbol>
      <symbol id="sm-148a">
         <name>tasksEvents</name>
         <value>0x200048a8</value>
      </symbol>
      <symbol id="sm-148b">
         <name>osalTimerUpdate</name>
         <value>0x1c09d</value>
         <object_component_ref idref="oc-22e"/>
      </symbol>
      <symbol id="sm-148c">
         <name>osal_CbTimerInit</name>
         <value>0x1c21f</value>
         <object_component_ref idref="oc-18e"/>
      </symbol>
      <symbol id="sm-148d">
         <name>osal_build_uint32</name>
         <value>0x15cdb</value>
         <object_component_ref idref="oc-157"/>
      </symbol>
      <symbol id="sm-148e">
         <name>osal_msg_extract</name>
         <value>0x15625</value>
         <object_component_ref idref="oc-157"/>
      </symbol>
      <symbol id="sm-148f">
         <name>osal_CbTimerStop</name>
         <value>0x1c295</value>
         <object_component_ref idref="oc-18e"/>
      </symbol>
      <symbol id="sm-1490">
         <name>osal_buffer_uint32</name>
         <value>0x15d09</value>
         <object_component_ref idref="oc-157"/>
      </symbol>
      <symbol id="sm-1491">
         <name>MB_ClearInts</name>
         <value>0x1ae81</value>
         <object_component_ref idref="oc-21e"/>
      </symbol>
      <symbol id="sm-1492">
         <name>__TI_decompress_rle24</name>
         <value>0x1d71f</value>
         <object_component_ref idref="oc-1a"/>
      </symbol>
      <symbol id="sm-1493">
         <name>CommonROM_Init</name>
         <value>0x1d645</value>
         <object_component_ref idref="oc-4d"/>
      </symbol>
      <symbol id="sm-1494">
         <name>osalDeleteTimer</name>
         <value>0x1bfaf</value>
         <object_component_ref idref="oc-22e"/>
      </symbol>
      <symbol id="sm-1495">
         <name>osal_set_event</name>
         <value>0x157e7</value>
         <object_component_ref idref="oc-157"/>
      </symbol>
      <symbol id="sm-1496">
         <name>osal_start_reload_timer</name>
         <value>0x1c03f</value>
         <object_component_ref idref="oc-22e"/>
      </symbol>
      <symbol id="sm-1497">
         <name>baseTaskID</name>
         <value>0x20004464</value>
         <object_component_ref idref="oc-31a"/>
      </symbol>
      <symbol id="sm-1498">
         <name>strlen</name>
         <value>0x1d6d1</value>
         <object_component_ref idref="oc-30c"/>
      </symbol>
      <symbol id="sm-1499">
         <name>osal_memcmp</name>
         <value>0x15c9d</value>
         <object_component_ref idref="oc-157"/>
      </symbol>
      <symbol id="sm-149a">
         <name>tasksArr</name>
         <value>0x1e1fc</value>
         <object_component_ref idref="oc-312"/>
      </symbol>
      <symbol id="sm-149b">
         <name>MB_DisableInts</name>
         <value>0x1ae45</value>
         <object_component_ref idref="oc-21e"/>
      </symbol>
      <symbol id="sm-149c">
         <name>copy_in</name>
         <value>0x1d575</value>
         <object_component_ref idref="oc-130"/>
      </symbol>
      <symbol id="sm-149d">
         <name>osal_init_system</name>
         <value>0x159e7</value>
         <object_component_ref idref="oc-157"/>
      </symbol>
      <symbol id="sm-149e">
         <name>osal_msg_enqueue</name>
         <value>0x156b9</value>
         <object_component_ref idref="oc-157"/>
      </symbol>
      <symbol id="sm-149f">
         <name>osal_pwrmgr_init</name>
         <value>0x1d115</value>
         <object_component_ref idref="oc-228"/>
      </symbol>
      <symbol id="sm-14a0">
         <name>ROM_Init</name>
         <value>0x1d48b</value>
         <object_component_ref idref="oc-53"/>
      </symbol>
      <symbol id="sm-14a1">
         <name>osal_msg_push</name>
         <value>0x156e9</value>
         <object_component_ref idref="oc-157"/>
      </symbol>
      <symbol id="sm-14a2">
         <name>MB_SendCommand</name>
         <value>0x1aee9</value>
         <object_component_ref idref="oc-21e"/>
      </symbol>
      <symbol id="sm-14a3">
         <name>mbIntCbackTable</name>
         <value>0x20004fec</value>
         <object_component_ref idref="oc-4f0"/>
      </symbol>
      <symbol id="sm-14a4">
         <name>osal_semaphore</name>
         <value>0x20004628</value>
         <object_component_ref idref="oc-1f5"/>
      </symbol>
      <symbol id="sm-14a5">
         <name>osal_eventloop_hook</name>
         <value>0x20004624</value>
         <object_component_ref idref="oc-1f5"/>
      </symbol>
      <symbol id="sm-14a6">
         <name>mbCpe1Isr</name>
         <value>0x1b063</value>
         <object_component_ref idref="oc-21e"/>
      </symbol>
      <symbol id="sm-14a7">
         <name>osal_start_timerEx</name>
         <value>0x1bfdf</value>
         <object_component_ref idref="oc-22e"/>
      </symbol>
      <symbol id="sm-14a8">
         <name>ICall_dispatcher</name>
         <value>0x20004860</value>
         <object_component_ref idref="oc-5f"/>
      </symbol>
      <symbol id="sm-14a9">
         <name>osal_enroll_dispatchid</name>
         <value>0x1597d</value>
         <object_component_ref idref="oc-157"/>
      </symbol>
      <symbol id="sm-14aa">
         <name>osal_stop_timerEx</name>
         <value>0x1c00f</value>
         <object_component_ref idref="oc-22e"/>
      </symbol>
      <symbol id="sm-14ab">
         <name>HalTRNG_GetTRNG</name>
         <value>0x1d4dd</value>
         <object_component_ref idref="oc-246"/>
      </symbol>
      <symbol id="sm-14ac">
         <name>bleDispatch_BMFree</name>
         <value>0x1557f</value>
         <object_component_ref idref="oc-1e8"/>
      </symbol>
      <symbol id="sm-14ad">
         <name>halAssertHandler</name>
         <value>0x143ef</value>
         <object_component_ref idref="oc-218"/>
      </symbol>
      <symbol id="sm-14ae">
         <name>osal_bm_alloc</name>
         <value>0x1ce1d</value>
         <object_component_ref idref="oc-212"/>
      </symbol>
      <symbol id="sm-14af">
         <name>osal_msg_send</name>
         <value>0x15761</value>
         <object_component_ref idref="oc-157"/>
      </symbol>
      <symbol id="sm-14b0">
         <name>stack_main</name>
         <value>0x1cbb1</value>
         <object_component_ref idref="oc-59"/>
      </symbol>
      <symbol id="sm-14b1">
         <name>__TI_zero_init</name>
         <value>0x1d70b</value>
         <object_component_ref idref="oc-20"/>
      </symbol>
      <symbol id="sm-14b2">
         <name>Onboard_soft_reset</name>
         <value>0x1d6b3</value>
         <object_component_ref idref="oc-234"/>
      </symbol>
      <symbol id="sm-14b3">
         <name>mbHwIsr</name>
         <value>0x1b08b</value>
         <object_component_ref idref="oc-21e"/>
      </symbol>
      <symbol id="sm-14b4">
         <name>R2F_Flash_JT</name>
         <value>0x1da8c</value>
         <object_component_ref idref="oc-14d"/>
      </symbol>
      <symbol id="sm-14b5">
         <name>R2R_Flash_JT</name>
         <value>0x1db28</value>
         <object_component_ref idref="oc-14d"/>
      </symbol>
      <symbol id="sm-14b6">
         <name>osal_bm_free</name>
         <value>0x1ce4f</value>
         <object_component_ref idref="oc-212"/>
      </symbol>
      <symbol id="sm-14b7">
         <name>OSAL_timeSeconds</name>
         <value>0x20004728</value>
         <object_component_ref idref="oc-514"/>
      </symbol>
      <symbol id="sm-14b8">
         <name>osal_msg_receive</name>
         <value>0x15659</value>
         <object_component_ref idref="oc-157"/>
      </symbol>
      <symbol id="sm-14b9">
         <name>osal_mem_alloc</name>
         <value>0x1d5c1</value>
         <object_component_ref idref="oc-151"/>
      </symbol>
      <symbol id="sm-14ba">
         <name>ROM_Spinlock</name>
         <value>0x1d455</value>
         <object_component_ref idref="oc-53"/>
      </symbol>
      <symbol id="sm-14bb">
         <name>GATTServApp_WriteCharCfg</name>
         <value>0x1cd2f</value>
         <object_component_ref idref="oc-499"/>
      </symbol>
      <symbol id="sm-14bc">
         <name>NOROM_IntEnable</name>
         <value>0x1d29d</value>
         <object_component_ref idref="oc-23a"/>
      </symbol>
      <symbol id="sm-14bd">
         <name>pwrmgr_attribute</name>
         <value>0x20004732</value>
         <object_component_ref idref="oc-4f4"/>
      </symbol>
      <symbol id="sm-14be">
         <name>osalAddTimer</name>
         <value>0x1bf6b</value>
         <object_component_ref idref="oc-22e"/>
      </symbol>
      <symbol id="sm-14bf">
         <name>osal_snv_write</name>
         <value>0x1d717</value>
         <object_component_ref idref="oc-4b1"/>
      </symbol>
      <symbol id="sm-14c0">
         <name>osalFindTimer</name>
         <value>0x1bf51</value>
         <object_component_ref idref="oc-22e"/>
      </symbol>
      <symbol id="sm-14c1">
         <name>mbCpe0Isr</name>
         <value>0x1b03d</value>
         <object_component_ref idref="oc-21e"/>
      </symbol>
      <symbol id="sm-14c2">
         <name>MB_Init</name>
         <value>0x1ad87</value>
         <object_component_ref idref="oc-21e"/>
      </symbol>
      <symbol id="sm-14c3">
         <name>rspBuf</name>
         <value>0x20004745</value>
         <object_component_ref idref="oc-4d7"/>
      </symbol>
      <symbol id="sm-14c4">
         <name>osal_strlen</name>
         <value>0x15c59</value>
         <object_component_ref idref="oc-157"/>
      </symbol>
      <symbol id="sm-14c5">
         <name>osal_memset</name>
         <value>0x15609</value>
         <object_component_ref idref="oc-157"/>
      </symbol>
      <symbol id="sm-14c6">
         <name>osal_rand</name>
         <value>0x1d6b7</value>
         <object_component_ref idref="oc-234"/>
      </symbol>
      <symbol id="sm-14c7">
         <name>bleDispatch_TaskID</name>
         <value>0x20004744</value>
         <object_component_ref idref="oc-4d7"/>
      </symbol>
      <symbol id="sm-14c8">
         <name>osal_revmemcpy</name>
         <value>0x15c5d</value>
         <object_component_ref idref="oc-157"/>
      </symbol>
      <symbol id="sm-14c9">
         <name>osal_msg_allocate</name>
         <value>0x155a9</value>
         <object_component_ref idref="oc-157"/>
      </symbol>
      <symbol id="sm-14ca">
         <name>startup_entry</name>
         <value>0xf001</value>
         <object_component_ref idref="oc-26"/>
      </symbol>
      <symbol id="sm-14cb">
         <name>osal_pwrmgr_task_state</name>
         <value>0x1d0b5</value>
         <object_component_ref idref="oc-228"/>
      </symbol>
      <symbol id="sm-14cc">
         <name>osal_bm_adjust_header</name>
         <value>0x1cdf5</value>
         <object_component_ref idref="oc-212"/>
      </symbol>
      <symbol id="sm-14cd">
         <name>osal_last_timestamp</name>
         <value>0x2000462c</value>
         <object_component_ref idref="oc-1f5"/>
      </symbol>
      <symbol id="sm-14ce">
         <name>osal_memcpy</name>
         <value>0x1560d</value>
         <object_component_ref idref="oc-157"/>
      </symbol>
      <symbol id="sm-14cf">
         <name>Onboard_rand</name>
         <value>0x1d6b7</value>
         <object_component_ref idref="oc-234"/>
      </symbol>
      <symbol id="sm-14d0">
         <name>osal_entity</name>
         <value>0x2000461e</value>
         <object_component_ref idref="oc-1f5"/>
      </symbol>
      <symbol id="sm-14d1">
         <name>osal_mem_free</name>
         <value>0x1d5e3</value>
         <object_component_ref idref="oc-151"/>
      </symbol>
      <symbol id="sm-14d2">
         <name>cbTimers</name>
         <value>0x20004468</value>
         <object_component_ref idref="oc-31a"/>
      </symbol>
      <symbol id="sm-14d3">
         <name>osal_max_msecs</name>
         <value>0x20004634</value>
         <object_component_ref idref="oc-1f5"/>
      </symbol>
      <symbol id="sm-14d4">
         <name>MB_SendCommandSynch</name>
         <value>0x1af5d</value>
         <object_component_ref idref="oc-21e"/>
      </symbol>
      <symbol id="sm-14d5">
         <name>osal_isbufset</name>
         <value>0x15cc1</value>
         <object_component_ref idref="oc-157"/>
      </symbol>
      <symbol id="sm-14d6">
         <name>MB_EnableInts</name>
         <value>0x1ade5</value>
         <object_component_ref idref="oc-21e"/>
      </symbol>
      <symbol id="sm-14d7">
         <name>R2F_Flash_JT_CommonROM</name>
         <value>0x1e0f0</value>
         <object_component_ref idref="oc-13d"/>
      </symbol>
      <symbol id="sm-14d8">
         <name>pwrmgr_initialized</name>
         <value>0x20004730</value>
         <object_component_ref idref="oc-4f4"/>
      </symbol>
      <symbol id="sm-14d9">
         <name>GATTServApp_ReadCharCfg</name>
         <value>0x1cd1f</value>
         <object_component_ref idref="oc-499"/>
      </symbol>
      <symbol id="sm-14da">
         <name>osal_tickperiod</name>
         <value>0x20004630</value>
         <object_component_ref idref="oc-1f5"/>
      </symbol>
      <symbol id="sm-14db">
         <name>bleDispatch_ProcessEvent</name>
         <value>0x154f3</value>
         <object_component_ref idref="oc-1e8"/>
      </symbol>
      <symbol id="sm-14dc">
         <name>osal_enroll_senderid</name>
         <value>0x15989</value>
         <object_component_ref idref="oc-157"/>
      </symbol>
      <symbol id="sm-14dd">
         <name>osal_CbTimerUpdate</name>
         <value>0x1c237</value>
         <object_component_ref idref="oc-18e"/>
      </symbol>
      <symbol id="sm-14de">
         <name>setBleUserConfig</name>
         <value>0x1d521</value>
         <object_component_ref idref="oc-1ee"/>
      </symbol>
      <symbol id="sm-14df">
         <name>osal_CbTimerProcessEvent</name>
         <value>0x1c195</value>
         <object_component_ref idref="oc-18e"/>
      </symbol>
      <symbol id="sm-14e0">
         <name>osalTimerInit</name>
         <value>0x1c075</value>
         <object_component_ref idref="oc-22e"/>
      </symbol>
      <symbol id="sm-14e1">
         <name>osal_self</name>
         <value>0x155cd</value>
         <object_component_ref idref="oc-157"/>
      </symbol>
      <symbol id="sm-14e2">
         <name>osalInitTasks</name>
         <value>0x1cb3b</value>
         <object_component_ref idref="oc-59"/>
      </symbol>
      <symbol id="sm-14e3">
         <name>osal_clear_event</name>
         <value>0x1587b</value>
         <object_component_ref idref="oc-157"/>
      </symbol>
      <symbol id="sm-14e4">
         <name>osal_snv_read</name>
         <value>0x1d71b</value>
         <object_component_ref idref="oc-4b1"/>
      </symbol>
      <symbol id="sm-14e5">
         <name>ICall_leaveCriticalSection</name>
         <value>0x20004868</value>
         <object_component_ref idref="oc-5f"/>
      </symbol>
      <symbol id="sm-14e6">
         <name>NOROM_IntDisable</name>
         <value>0x1d225</value>
         <object_component_ref idref="oc-240"/>
      </symbol>
      <symbol id="sm-14e7">
         <name>MB_EnableHWInts</name>
         <value>0x1aeb7</value>
         <object_component_ref idref="oc-21e"/>
      </symbol>
      <symbol id="sm-14e8">
         <name>bleDispatch_BMAlloc</name>
         <value>0x15553</value>
         <object_component_ref idref="oc-1e8"/>
      </symbol>
      <symbol id="sm-14e9">
         <name>ICall_enterCriticalSection</name>
         <value>0x20004864</value>
         <object_component_ref idref="oc-5f"/>
      </symbol>
      <symbol id="sm-14ea">
         <name>GATTServApp_ProcessCCCWriteReq</name>
         <value>0x1cd57</value>
         <object_component_ref idref="oc-499"/>
      </symbol>
      <symbol id="sm-14eb">
         <name>R2R_Flash_JT_CommonROM</name>
         <value>0x1e108</value>
         <object_component_ref idref="oc-13d"/>
      </symbol>
      <symbol id="sm-14ec">
         <name>HalTRNG_InitTRNG</name>
         <value>0x1d4bd</value>
         <object_component_ref idref="oc-246"/>
      </symbol>
      <symbol id="sm-14ed">
         <name>appForceBoot</name>
         <value>0x1d6b5</value>
         <object_component_ref idref="oc-234"/>
      </symbol>
      <symbol id="sm-14ee">
         <name>osal_qHead</name>
         <value>0x20004620</value>
         <object_component_ref idref="oc-1f5"/>
      </symbol>
      <symbol id="sm-14ef">
         <name>osal_service_entry</name>
         <value>0x15935</value>
         <object_component_ref idref="oc-157"/>
      </symbol>
      <symbol id="sm-14f0">
         <name>osal_next_timeout</name>
         <value>0x1c07d</value>
         <object_component_ref idref="oc-22e"/>
      </symbol>
      <symbol id="sm-14f1">
         <name>GAP_DeviceInit</name>
         <value>0x1d605</value>
         <object_component_ref idref="oc-4da"/>
      </symbol>
      <symbol id="sm-14f2">
         <name>osal_get_timeoutEx</name>
         <value>0x1bfb7</value>
         <object_component_ref idref="oc-22e"/>
      </symbol>
      <symbol id="sm-14f3">
         <name>osal_msg_deallocate</name>
         <value>0x155d3</value>
         <object_component_ref idref="oc-157"/>
      </symbol>
      <symbol id="sm-14f4">
         <name>osal_CbTimerStart</name>
         <value>0x1c36d</value>
         <object_component_ref idref="oc-18e"/>
      </symbol>
      <symbol id="sm-14f5">
         <name>osal_run_system</name>
         <value>0x15af1</value>
         <object_component_ref idref="oc-157"/>
      </symbol>
      <symbol id="sm-14f6">
         <name>osal_memdup</name>
         <value>0x15c7d</value>
         <object_component_ref idref="oc-157"/>
      </symbol>
      <symbol id="sm-14f7">
         <name>mbCmdAckIsr</name>
         <value>0x1b027</value>
         <object_component_ref idref="oc-21e"/>
      </symbol>
      <symbol id="sm-14f8">
         <name>osal_start_system</name>
         <value>0x15c3f</value>
         <object_component_ref idref="oc-157"/>
      </symbol>
      <symbol id="sm-14f9">
         <name>osalAdjustTimer</name>
         <value>0x1d425</value>
         <object_component_ref idref="oc-306"/>
      </symbol>
      <symbol id="sm-14fa">
         <name>GATTServApp_InitCharCfg</name>
         <value>0x1cda3</value>
         <object_component_ref idref="oc-499"/>
      </symbol>
      <symbol id="sm-14fb">
         <name>__TI_decompress_none</name>
         <value>0x1d6e5</value>
         <object_component_ref idref="oc-14"/>
      </symbol>
      <symbol id="sm-14fc">
         <name>NOROM_TRNGConfigure</name>
         <value>0x1d675</value>
         <object_component_ref idref="oc-4ff"/>
      </symbol>
      <symbol id="sm-14fd">
         <name>timerHead</name>
         <value>0x20004874</value>
         <object_component_ref idref="oc-4f8"/>
      </symbol>
      <symbol id="sm-14fe">
         <name>bleDispatch_Init</name>
         <value>0x15597</value>
         <object_component_ref idref="oc-1e8"/>
      </symbol>
      <symbol id="sm-14ff">
         <name>__TI_static_base__</name>
         <value>0x1e290</value>
      </symbol>
      <symbol id="sm-1504">
         <name>SHT$$INIT_ARRAY$$Limit</name>
         <value>0x0</value>
      </symbol>
      <symbol id="sm-1505">
         <name>SHT$$INIT_ARRAY$$Base</name>
         <value>0x0</value>
      </symbol>
   </symbol_table>
   <title>Link successful</title>
</link_info>
