<?xml version="1.0"?>
<link_info>
   <banner>TI ARM Linker PC v5.2.5</banner>
   <copyright>Copyright (c) 1996-2015 Texas Instruments Incorporated</copyright>
   <link_time>0x571f0cf0</link_time>
   <link_errors>0x0</link_errors>
   <output_file>SimpleBLEPeripheralStack.out</output_file>
   <entry_point>
      <name>startup_entry</name>
      <address>0xe001</address>
   </entry_point>
   <input_file_list>
      <input_file id="fl-1f">
         <path>C:\ti\simplelink\ble_cc26xx_2_01_01_44627\Projects\common\BLE_ROM_Releases\04242014\</path>
         <kind>object</kind>
         <file>ble_rom_PATCH.symbols</file>
         <name>ble_rom_PATCH.symbols</name>
      </input_file>
      <input_file id="fl-144">
         <path>C:\ti\ccs613\ccsv6\tools\compiler\ti-cgt-arm_5.2.5\lib\</path>
         <kind>archive</kind>
         <file>rtsv7M3_T_le_eabi.lib</file>
         <name>autoinit.obj</name>
      </input_file>
      <input_file id="fl-149">
         <path>C:\ti\ccs613\ccsv6\tools\compiler\ti-cgt-arm_5.2.5\lib\</path>
         <kind>archive</kind>
         <file>rtsv7M3_T_le_eabi.lib</file>
         <name>ll_mul_t2.obj</name>
      </input_file>
      <input_file id="fl-14b">
         <path>C:\ti\ccs613\ccsv6\tools\compiler\ti-cgt-arm_5.2.5\lib\</path>
         <kind>archive</kind>
         <file>rtsv7M3_T_le_eabi.lib</file>
         <name>memcpy_t2.obj</name>
      </input_file>
      <input_file id="fl-14c">
         <path>C:\ti\ccs613\ccsv6\tools\compiler\ti-cgt-arm_5.2.5\lib\</path>
         <kind>archive</kind>
         <file>rtsv7M3_T_le_eabi.lib</file>
         <name>memset_t2.obj</name>
      </input_file>
      <input_file id="fl-14e">
         <path>C:\ti\ccs613\ccsv6\tools\compiler\ti-cgt-arm_5.2.5\lib\</path>
         <kind>archive</kind>
         <file>rtsv7M3_T_le_eabi.lib</file>
         <name>ull_div_t2.obj</name>
      </input_file>
      <input_file id="fl-14f">
         <path>C:\ti\simplelink\ble_cc26xx_2_01_01_44627\Projects\ble\SimpleBLEPeripheral\CC26xx\IAR\Lib\</path>
         <kind>archive</kind>
         <file>CC2640Stack.a</file>
         <name>att_server.o</name>
      </input_file>
      <input_file id="fl-150">
         <path>C:\ti\simplelink\ble_cc26xx_2_01_01_44627\Projects\ble\SimpleBLEPeripheral\CC26xx\IAR\Lib\</path>
         <kind>archive</kind>
         <file>CC2640Stack.a</file>
         <name>att_util.o</name>
      </input_file>
      <input_file id="fl-151">
         <path>C:\ti\simplelink\ble_cc26xx_2_01_01_44627\Projects\ble\SimpleBLEPeripheral\CC26xx\IAR\Lib\</path>
         <kind>archive</kind>
         <file>CC2640Stack.a</file>
         <name>ble_PATCH.o</name>
      </input_file>
      <input_file id="fl-152">
         <path>C:\ti\simplelink\ble_cc26xx_2_01_01_44627\Projects\ble\SimpleBLEPeripheral\CC26xx\IAR\Lib\</path>
         <kind>archive</kind>
         <file>CC2640Stack.a</file>
         <name>gap_configmgr.o</name>
      </input_file>
      <input_file id="fl-153">
         <path>C:\ti\simplelink\ble_cc26xx_2_01_01_44627\Projects\ble\SimpleBLEPeripheral\CC26xx\IAR\Lib\</path>
         <kind>archive</kind>
         <file>CC2640Stack.a</file>
         <name>gap_devmgr.o</name>
      </input_file>
      <input_file id="fl-154">
         <path>C:\ti\simplelink\ble_cc26xx_2_01_01_44627\Projects\ble\SimpleBLEPeripheral\CC26xx\IAR\Lib\</path>
         <kind>archive</kind>
         <file>CC2640Stack.a</file>
         <name>gap_linkmgr.o</name>
      </input_file>
      <input_file id="fl-155">
         <path>C:\ti\simplelink\ble_cc26xx_2_01_01_44627\Projects\ble\SimpleBLEPeripheral\CC26xx\IAR\Lib\</path>
         <kind>archive</kind>
         <file>CC2640Stack.a</file>
         <name>gap_peridevmgr.o</name>
      </input_file>
      <input_file id="fl-156">
         <path>C:\ti\simplelink\ble_cc26xx_2_01_01_44627\Projects\ble\SimpleBLEPeripheral\CC26xx\IAR\Lib\</path>
         <kind>archive</kind>
         <file>CC2640Stack.a</file>
         <name>gap_perilinkmgr.o</name>
      </input_file>
      <input_file id="fl-157">
         <path>C:\ti\simplelink\ble_cc26xx_2_01_01_44627\Projects\ble\SimpleBLEPeripheral\CC26xx\IAR\Lib\</path>
         <kind>archive</kind>
         <file>CC2640Stack.a</file>
         <name>gap_task.o</name>
      </input_file>
      <input_file id="fl-158">
         <path>C:\ti\simplelink\ble_cc26xx_2_01_01_44627\Projects\ble\SimpleBLEPeripheral\CC26xx\IAR\Lib\</path>
         <kind>archive</kind>
         <file>CC2640Stack.a</file>
         <name>gapgattserver.o</name>
      </input_file>
      <input_file id="fl-159">
         <path>C:\ti\simplelink\ble_cc26xx_2_01_01_44627\Projects\ble\SimpleBLEPeripheral\CC26xx\IAR\Lib\</path>
         <kind>archive</kind>
         <file>CC2640Stack.a</file>
         <name>gatt_server.o</name>
      </input_file>
      <input_file id="fl-15a">
         <path>C:\ti\simplelink\ble_cc26xx_2_01_01_44627\Projects\ble\SimpleBLEPeripheral\CC26xx\IAR\Lib\</path>
         <kind>archive</kind>
         <file>CC2640Stack.a</file>
         <name>gatt_task.o</name>
      </input_file>
      <input_file id="fl-15b">
         <path>C:\ti\simplelink\ble_cc26xx_2_01_01_44627\Projects\ble\SimpleBLEPeripheral\CC26xx\IAR\Lib\</path>
         <kind>archive</kind>
         <file>CC2640Stack.a</file>
         <name>gatt_uuid.o</name>
      </input_file>
      <input_file id="fl-15c">
         <path>C:\ti\simplelink\ble_cc26xx_2_01_01_44627\Projects\ble\SimpleBLEPeripheral\CC26xx\IAR\Lib\</path>
         <kind>archive</kind>
         <file>CC2640Stack.a</file>
         <name>gattservapp.o</name>
      </input_file>
      <input_file id="fl-15d">
         <path>C:\ti\simplelink\ble_cc26xx_2_01_01_44627\Projects\ble\SimpleBLEPeripheral\CC26xx\IAR\Lib\</path>
         <kind>archive</kind>
         <file>CC2640Stack.a</file>
         <name>hci_data_PATCH.o</name>
      </input_file>
      <input_file id="fl-15e">
         <path>C:\ti\simplelink\ble_cc26xx_2_01_01_44627\Projects\ble\SimpleBLEPeripheral\CC26xx\IAR\Lib\</path>
         <kind>archive</kind>
         <file>CC2640Stack.a</file>
         <name>hci_event_PATCH.o</name>
      </input_file>
      <input_file id="fl-15f">
         <path>C:\ti\simplelink\ble_cc26xx_2_01_01_44627\Projects\ble\SimpleBLEPeripheral\CC26xx\IAR\Lib\</path>
         <kind>archive</kind>
         <file>CC2640Stack.a</file>
         <name>hci_PATCH.o</name>
      </input_file>
      <input_file id="fl-160">
         <path>C:\ti\simplelink\ble_cc26xx_2_01_01_44627\Projects\ble\SimpleBLEPeripheral\CC26xx\IAR\Lib\</path>
         <kind>archive</kind>
         <file>CC2640Stack.a</file>
         <name>l2cap_if.o</name>
      </input_file>
      <input_file id="fl-161">
         <path>C:\ti\simplelink\ble_cc26xx_2_01_01_44627\Projects\ble\SimpleBLEPeripheral\CC26xx\IAR\Lib\</path>
         <kind>archive</kind>
         <file>CC2640Stack.a</file>
         <name>l2cap_task.o</name>
      </input_file>
      <input_file id="fl-162">
         <path>C:\ti\simplelink\ble_cc26xx_2_01_01_44627\Projects\ble\SimpleBLEPeripheral\CC26xx\IAR\Lib\</path>
         <kind>archive</kind>
         <file>CC2640Stack.a</file>
         <name>l2cap_util.o</name>
      </input_file>
      <input_file id="fl-163">
         <path>C:\ti\simplelink\ble_cc26xx_2_01_01_44627\Projects\ble\SimpleBLEPeripheral\CC26xx\IAR\Lib\</path>
         <kind>archive</kind>
         <file>CC2640Stack.a</file>
         <name>linkdb.o</name>
      </input_file>
      <input_file id="fl-164">
         <path>C:\ti\simplelink\ble_cc26xx_2_01_01_44627\Projects\ble\SimpleBLEPeripheral\CC26xx\IAR\Lib\</path>
         <kind>archive</kind>
         <file>CC2640Stack.a</file>
         <name>ll_advEndCauses_PATCH.o</name>
      </input_file>
      <input_file id="fl-165">
         <path>C:\ti\simplelink\ble_cc26xx_2_01_01_44627\Projects\ble\SimpleBLEPeripheral\CC26xx\IAR\Lib\</path>
         <kind>archive</kind>
         <file>CC2640Stack.a</file>
         <name>ll_common_PATCH.o</name>
      </input_file>
      <input_file id="fl-166">
         <path>C:\ti\simplelink\ble_cc26xx_2_01_01_44627\Projects\ble\SimpleBLEPeripheral\CC26xx\IAR\Lib\</path>
         <kind>archive</kind>
         <file>CC2640Stack.a</file>
         <name>ll_config.o</name>
      </input_file>
      <input_file id="fl-167">
         <path>C:\ti\simplelink\ble_cc26xx_2_01_01_44627\Projects\ble\SimpleBLEPeripheral\CC26xx\IAR\Lib\</path>
         <kind>archive</kind>
         <file>CC2640Stack.a</file>
         <name>ll_isr.o</name>
      </input_file>
      <input_file id="fl-168">
         <path>C:\ti\simplelink\ble_cc26xx_2_01_01_44627\Projects\ble\SimpleBLEPeripheral\CC26xx\IAR\Lib\</path>
         <kind>archive</kind>
         <file>CC2640Stack.a</file>
         <name>ll_PATCH.o</name>
      </input_file>
      <input_file id="fl-169">
         <path>C:\ti\simplelink\ble_cc26xx_2_01_01_44627\Projects\ble\SimpleBLEPeripheral\CC26xx\IAR\Lib\</path>
         <kind>archive</kind>
         <file>CC2640Stack.a</file>
         <name>ll_scheduler_PATCH.o</name>
      </input_file>
      <input_file id="fl-16a">
         <path>C:\ti\simplelink\ble_cc26xx_2_01_01_44627\Projects\ble\SimpleBLEPeripheral\CC26xx\IAR\Lib\</path>
         <kind>archive</kind>
         <file>CC2640Stack.a</file>
         <name>ll_slaveEndCauses_PATCH.o</name>
      </input_file>
      <input_file id="fl-16b">
         <path>C:\ti\simplelink\ble_cc26xx_2_01_01_44627\Projects\ble\SimpleBLEPeripheral\CC26xx\IAR\Lib\</path>
         <kind>archive</kind>
         <file>CC2640Stack.a</file>
         <name>ll_sleep.o</name>
      </input_file>
      <input_file id="fl-16c">
         <path>C:\ti\simplelink\ble_cc26xx_2_01_01_44627\Projects\ble\SimpleBLEPeripheral\CC26xx\IAR\Lib\</path>
         <kind>archive</kind>
         <file>CC2640Stack.a</file>
         <name>sm_mgr.o</name>
      </input_file>
      <input_file id="fl-16d">
         <path>C:\ti\simplelink\ble_cc26xx_2_01_01_44627\Projects\ble\SimpleBLEPeripheral\CC26xx\IAR\Lib\</path>
         <kind>archive</kind>
         <file>CC2640Stack.a</file>
         <name>sm_pairing.o</name>
      </input_file>
      <input_file id="fl-16e">
         <path>C:\ti\simplelink\ble_cc26xx_2_01_01_44627\Projects\ble\SimpleBLEPeripheral\CC26xx\IAR\Lib\</path>
         <kind>archive</kind>
         <file>CC2640Stack.a</file>
         <name>sm_rsppairing.o</name>
      </input_file>
      <input_file id="fl-16f">
         <path>C:\ti\simplelink\ble_cc26xx_2_01_01_44627\Projects\ble\SimpleBLEPeripheral\CC26xx\IAR\Lib\</path>
         <kind>archive</kind>
         <file>CC2640Stack.a</file>
         <name>sm_task.o</name>
      </input_file>
      <input_file id="fl-170">
         <path>C:\ti\simplelink\ble_cc26xx_2_01_01_44627\Projects\ble\SimpleBLEPeripheral\CC26xx\IAR\Lib\</path>
         <kind>archive</kind>
         <file>CC2640Stack.a</file>
         <name>smp.o</name>
      </input_file>
      <input_file id="fl-171">
         <path>C:\ti\simplelink\ble_cc26xx_2_01_01_44627\Projects\ble\SimpleBLEPeripheral\CC26xx\IAR\Lib\</path>
         <kind>archive</kind>
         <file>CC2640Stack_HCI_TL.a</file>
         <name>hci_tl.o</name>
      </input_file>
      <input_file id="fl-172">
         <path>C:\ti\tirtos_simplelink_2_13_00_06\products\cc26xxware_2_21_01_15600\driverlib\bin\ccs\</path>
         <kind>archive</kind>
         <file>driverlib.lib</file>
         <name>cpu.obj</name>
      </input_file>
      <input_file id="fl-177">
         <path>C:\Users\tqy\AppData\Local\Temp\</path>
         <kind>object</kind>
         <file>397242</file>
         <name>397242</name>
      </input_file>
   </input_file_list>
   <object_component_list>
      <object_component id="oc-1ad">
         <name>.text</name>
         <load_address>0xe02c</load_address>
         <run_address>0xe02c</run_address>
         <size>0xfbc</size>
         <input_file_ref idref="fl-15c"/>
      </object_component>
      <object_component id="oc-15d">
         <name>.text</name>
         <load_address>0xefe8</load_address>
         <run_address>0xefe8</run_address>
         <size>0xd9c</size>
         <input_file_ref idref="fl-168"/>
      </object_component>
      <object_component id="oc-1d6">
         <name>.text</name>
         <load_address>0xfd84</load_address>
         <run_address>0xfd84</run_address>
         <size>0xd64</size>
         <input_file_ref idref="fl-14"/>
      </object_component>
      <object_component id="oc-3b4">
         <name>.text</name>
         <load_address>0x10ae8</load_address>
         <run_address>0x10ae8</run_address>
         <size>0xa4c</size>
         <input_file_ref idref="fl-159"/>
      </object_component>
      <object_component id="oc-298">
         <name>.text</name>
         <load_address>0x11534</load_address>
         <run_address>0x11534</run_address>
         <size>0x94c</size>
         <input_file_ref idref="fl-165"/>
      </object_component>
      <object_component id="oc-1dc">
         <name>.text</name>
         <load_address>0x11e80</load_address>
         <run_address>0x11e80</run_address>
         <size>0x8c4</size>
         <input_file_ref idref="fl-9"/>
      </object_component>
      <object_component id="oc-372">
         <name>.text</name>
         <load_address>0x12744</load_address>
         <run_address>0x12744</run_address>
         <size>0x8c0</size>
         <input_file_ref idref="fl-154"/>
      </object_component>
      <object_component id="oc-157">
         <name>.text</name>
         <load_address>0x13004</load_address>
         <run_address>0x13004</run_address>
         <size>0x794</size>
         <input_file_ref idref="fl-b"/>
      </object_component>
      <object_component id="oc-393">
         <name>.text</name>
         <load_address>0x13798</load_address>
         <run_address>0x13798</run_address>
         <size>0x75c</size>
         <input_file_ref idref="fl-16d"/>
      </object_component>
      <object_component id="oc-2bb">
         <name>.text</name>
         <load_address>0x13ef4</load_address>
         <run_address>0x13ef4</run_address>
         <size>0x716</size>
         <input_file_ref idref="fl-16a"/>
      </object_component>
      <object_component id="oc-212">
         <name>.text</name>
         <load_address>0x1460a</load_address>
         <run_address>0x1460a</run_address>
         <size>0x2</size>
         <input_file_ref idref="fl-4"/>
      </object_component>
      <object_component id="oc-34f">
         <name>.text</name>
         <load_address>0x1460c</load_address>
         <run_address>0x1460c</run_address>
         <size>0x708</size>
         <input_file_ref idref="fl-16c"/>
      </object_component>
      <object_component id="oc-246">
         <name>.text</name>
         <load_address>0x14d14</load_address>
         <run_address>0x14d14</run_address>
         <size>0x6d4</size>
         <input_file_ref idref="fl-16b"/>
      </object_component>
      <object_component id="oc-4c7">
         <name>.text</name>
         <load_address>0x153e8</load_address>
         <run_address>0x153e8</run_address>
         <size>0x6a4</size>
         <input_file_ref idref="fl-166"/>
      </object_component>
      <object_component id="oc-45e">
         <name>.text</name>
         <load_address>0x15a8c</load_address>
         <run_address>0x15a8c</run_address>
         <size>0x690</size>
         <input_file_ref idref="fl-155"/>
      </object_component>
      <object_component id="oc-2fe">
         <name>.text</name>
         <load_address>0x1611c</load_address>
         <run_address>0x1611c</run_address>
         <size>0x684</size>
         <input_file_ref idref="fl-162"/>
      </object_component>
      <object_component id="oc-3dd">
         <name>.text</name>
         <load_address>0x167a0</load_address>
         <run_address>0x167a0</run_address>
         <size>0x5b0</size>
         <input_file_ref idref="fl-150"/>
      </object_component>
      <object_component id="oc-50a">
         <name>.text</name>
         <load_address>0x16d50</load_address>
         <run_address>0x16d50</run_address>
         <size>0x558</size>
         <input_file_ref idref="fl-16e"/>
      </object_component>
      <object_component id="oc-1e8">
         <name>.text</name>
         <load_address>0x172a8</load_address>
         <run_address>0x172a8</run_address>
         <size>0x4ec</size>
         <input_file_ref idref="fl-12"/>
      </object_component>
      <object_component id="oc-2c4">
         <name>.text</name>
         <load_address>0x17794</load_address>
         <run_address>0x17794</run_address>
         <size>0x470</size>
         <input_file_ref idref="fl-167"/>
      </object_component>
      <object_component id="oc-4e0">
         <name>.text</name>
         <load_address>0x17c04</load_address>
         <run_address>0x17c04</run_address>
         <size>0x39a</size>
         <input_file_ref idref="fl-170"/>
      </object_component>
      <object_component id="oc-2b5">
         <name>.text</name>
         <load_address>0x17fa0</load_address>
         <run_address>0x17fa0</run_address>
         <size>0x382</size>
         <input_file_ref idref="fl-151"/>
      </object_component>
      <object_component id="oc-33b">
         <name>.text</name>
         <load_address>0x18324</load_address>
         <run_address>0x18324</run_address>
         <size>0x358</size>
         <input_file_ref idref="fl-152"/>
      </object_component>
      <object_component id="oc-296">
         <name>.text</name>
         <load_address>0x1867c</load_address>
         <run_address>0x1867c</run_address>
         <size>0x338</size>
         <input_file_ref idref="fl-164"/>
      </object_component>
      <object_component id="oc-280">
         <name>.text</name>
         <load_address>0x189b4</load_address>
         <run_address>0x189b4</run_address>
         <size>0x314</size>
         <input_file_ref idref="fl-15e"/>
      </object_component>
      <object_component id="oc-5ce">
         <name>.tramp.HCI_SendCommandCompleteEvent.1</name>
         <load_address>0x18cc8</load_address>
         <run_address>0x18cc8</run_address>
         <size>0x8</size>
         <input_file_ref idref="fl-1f"/>
      </object_component>
      <object_component id="oc-446">
         <name>.text</name>
         <load_address>0x18cd0</load_address>
         <run_address>0x18cd0</run_address>
         <size>0x308</size>
         <input_file_ref idref="fl-158"/>
      </object_component>
      <object_component id="oc-19b">
         <name>.text</name>
         <load_address>0x18fd8</load_address>
         <run_address>0x18fd8</run_address>
         <size>0x2fc</size>
         <input_file_ref idref="fl-15a"/>
      </object_component>
      <object_component id="oc-218">
         <name>.text</name>
         <load_address>0x192d4</load_address>
         <run_address>0x192d4</run_address>
         <size>0x2e8</size>
         <input_file_ref idref="fl-8"/>
      </object_component>
      <object_component id="oc-26e">
         <name>.text</name>
         <load_address>0x195bc</load_address>
         <run_address>0x195bc</run_address>
         <size>0x2d0</size>
         <input_file_ref idref="fl-15f"/>
      </object_component>
      <object_component id="oc-5cf">
         <name>.tramp.HCI_CommandCompleteEvent.1</name>
         <load_address>0x1988c</load_address>
         <run_address>0x1988c</run_address>
         <size>0x8</size>
         <input_file_ref idref="fl-1f"/>
      </object_component>
      <object_component id="oc-5d0">
         <name>.tramp.HCI_CommandStatusEvent.1</name>
         <load_address>0x19894</load_address>
         <run_address>0x19894</run_address>
         <size>0x8</size>
         <input_file_ref idref="fl-1f"/>
      </object_component>
      <object_component id="oc-5d1">
         <name>.tramp.LL_EXT_ResetSystem.1</name>
         <load_address>0x1989c</load_address>
         <run_address>0x1989c</run_address>
         <size>0x8</size>
         <input_file_ref idref="fl-1f"/>
      </object_component>
      <object_component id="oc-5d2">
         <name>.tramp.LL_ReadLocalVersionInfo.1</name>
         <load_address>0x198a4</load_address>
         <run_address>0x198a4</run_address>
         <size>0x8</size>
         <input_file_ref idref="fl-1f"/>
      </object_component>
      <object_component id="oc-2ed">
         <name>.text</name>
         <load_address>0x198ac</load_address>
         <run_address>0x198ac</run_address>
         <size>0x294</size>
         <input_file_ref idref="fl-163"/>
      </object_component>
      <object_component id="oc-18e">
         <name>.text</name>
         <load_address>0x19b40</load_address>
         <run_address>0x19b40</run_address>
         <size>0x284</size>
         <input_file_ref idref="fl-157"/>
      </object_component>
      <object_component id="oc-188">
         <name>.text</name>
         <load_address>0x19dc4</load_address>
         <run_address>0x19dc4</run_address>
         <size>0x284</size>
         <input_file_ref idref="fl-161"/>
      </object_component>
      <object_component id="oc-228">
         <name>.text</name>
         <load_address>0x1a048</load_address>
         <run_address>0x1a048</run_address>
         <size>0x244</size>
         <input_file_ref idref="fl-f"/>
      </object_component>
      <object_component id="oc-2ce">
         <name>.text</name>
         <load_address>0x1a28c</load_address>
         <run_address>0x1a28c</run_address>
         <size>0x1f4</size>
         <input_file_ref idref="fl-14e"/>
      </object_component>
      <object_component id="oc-420">
         <name>.text</name>
         <load_address>0x1a480</load_address>
         <run_address>0x1a480</run_address>
         <size>0x1ec</size>
         <input_file_ref idref="fl-14f"/>
      </object_component>
      <object_component id="oc-182">
         <name>.text</name>
         <load_address>0x1a66c</load_address>
         <run_address>0x1a66c</run_address>
         <size>0x1a0</size>
         <input_file_ref idref="fl-11"/>
      </object_component>
      <object_component id="oc-323">
         <name>.text</name>
         <load_address>0x1a80c</load_address>
         <run_address>0x1a80c</run_address>
         <size>0x15e</size>
         <input_file_ref idref="fl-160"/>
      </object_component>
      <object_component id="oc-5d3">
         <name>.tramp.HCI_SetControllerToHostFlowCtrlCmd.1</name>
         <load_address>0x1a96c</load_address>
         <run_address>0x1a96c</run_address>
         <size>0x8</size>
         <input_file_ref idref="fl-1f"/>
      </object_component>
      <object_component id="oc-5d4">
         <name>.tramp.HCI_HostBufferSizeCmd.1</name>
         <load_address>0x1a974</load_address>
         <run_address>0x1a974</run_address>
         <size>0x8</size>
         <input_file_ref idref="fl-1f"/>
      </object_component>
      <object_component id="oc-5d5">
         <name>.tramp.HCI_HostNumCompletedPktCmd.1</name>
         <load_address>0x1a97c</load_address>
         <run_address>0x1a97c</run_address>
         <size>0x8</size>
         <input_file_ref idref="fl-1f"/>
      </object_component>
      <object_component id="oc-444">
         <name>.text</name>
         <load_address>0x1a984</load_address>
         <run_address>0x1a984</run_address>
         <size>0x13e</size>
         <input_file_ref idref="fl-15b"/>
      </object_component>
      <object_component id="oc-28e">
         <name>.text</name>
         <load_address>0x1aac4</load_address>
         <run_address>0x1aac4</run_address>
         <size>0x138</size>
         <input_file_ref idref="fl-169"/>
      </object_component>
      <object_component id="oc-59">
         <name>.text</name>
         <load_address>0x1abfc</load_address>
         <run_address>0x1abfc</run_address>
         <size>0x114</size>
         <input_file_ref idref="fl-18"/>
      </object_component>
      <object_component id="oc-455">
         <name>.text</name>
         <load_address>0x1ad10</load_address>
         <run_address>0x1ad10</run_address>
         <size>0x10c</size>
         <input_file_ref idref="fl-156"/>
      </object_component>
      <object_component id="oc-197">
         <name>.text</name>
         <load_address>0x1ae1c</load_address>
         <run_address>0x1ae1c</run_address>
         <size>0x104</size>
         <input_file_ref idref="fl-16f"/>
      </object_component>
      <object_component id="oc-20c">
         <name>.text</name>
         <load_address>0x1af20</load_address>
         <run_address>0x1af20</run_address>
         <size>0xd0</size>
         <input_file_ref idref="fl-10"/>
      </object_component>
      <object_component id="oc-28c">
         <name>.text</name>
         <load_address>0x1aff0</load_address>
         <run_address>0x1aff0</run_address>
         <size>0xa8</size>
         <input_file_ref idref="fl-15d"/>
      </object_component>
      <object_component id="oc-5d6">
         <name>.tramp.LL_CtrlToHostFlowControl.1</name>
         <load_address>0x1b098</load_address>
         <run_address>0x1b098</run_address>
         <size>0x8</size>
         <input_file_ref idref="fl-1f"/>
      </object_component>
      <object_component id="oc-2c">
         <name>.text</name>
         <load_address>0x1b0a0</load_address>
         <run_address>0x1b0a0</run_address>
         <size>0x9c</size>
         <input_file_ref idref="fl-14b"/>
      </object_component>
      <object_component id="oc-222">
         <name>.text</name>
         <load_address>0x1b13c</load_address>
         <run_address>0x1b13c</run_address>
         <size>0x90</size>
         <input_file_ref idref="fl-e"/>
      </object_component>
      <object_component id="oc-334">
         <name>.text</name>
         <load_address>0x1b1cc</load_address>
         <run_address>0x1b1cc</run_address>
         <size>0x82</size>
         <input_file_ref idref="fl-153"/>
      </object_component>
      <object_component id="oc-41">
         <name>.text</name>
         <load_address>0x1b24e</load_address>
         <run_address>0x1b24e</run_address>
         <size>0x7a</size>
         <input_file_ref idref="fl-14c"/>
      </object_component>
      <object_component id="oc-17a">
         <name>.text</name>
         <load_address>0x1b2c8</load_address>
         <run_address>0x1b2c8</run_address>
         <size>0x78</size>
         <input_file_ref idref="fl-171"/>
      </object_component>
      <object_component id="oc-23a">
         <name>.text:NOROM_IntDisable</name>
         <load_address>0x1b340</load_address>
         <run_address>0x1b340</run_address>
         <size>0x78</size>
         <input_file_ref idref="fl-174"/>
      </object_component>
      <object_component id="oc-234">
         <name>.text:NOROM_IntEnable</name>
         <load_address>0x1b3b8</load_address>
         <run_address>0x1b3b8</run_address>
         <size>0x78</size>
         <input_file_ref idref="fl-174"/>
      </object_component>
      <object_component id="oc-47">
         <name>.text</name>
         <load_address>0x1b430</load_address>
         <run_address>0x1b430</run_address>
         <size>0x6c</size>
         <input_file_ref idref="fl-144"/>
      </object_component>
      <object_component id="oc-3a">
         <name>.text</name>
         <load_address>0x1b49c</load_address>
         <run_address>0x1b49c</run_address>
         <size>0x6a</size>
         <input_file_ref idref="fl-146"/>
      </object_component>
      <object_component id="oc-2d8">
         <name>.text</name>
         <load_address>0x1b508</load_address>
         <run_address>0x1b508</run_address>
         <size>0x68</size>
         <input_file_ref idref="fl-c"/>
      </object_component>
      <object_component id="oc-53">
         <name>.text</name>
         <load_address>0x1b570</load_address>
         <run_address>0x1b570</run_address>
         <size>0x68</size>
         <input_file_ref idref="fl-19"/>
      </object_component>
      <object_component id="oc-43d">
         <name>.text</name>
         <load_address>0x1b5d8</load_address>
         <run_address>0x1b5d8</run_address>
         <size>0x64</size>
         <input_file_ref idref="fl-15"/>
      </object_component>
      <object_component id="oc-240">
         <name>.text</name>
         <load_address>0x1b63c</load_address>
         <run_address>0x1b63c</run_address>
         <size>0x64</size>
         <input_file_ref idref="fl-7"/>
      </object_component>
      <object_component id="oc-1e2">
         <name>.text</name>
         <load_address>0x1b6a0</load_address>
         <run_address>0x1b6a0</run_address>
         <size>0x54</size>
         <input_file_ref idref="fl-1a"/>
      </object_component>
      <object_component id="oc-483">
         <name>.text</name>
         <load_address>0x1b6f4</load_address>
         <run_address>0x1b6f4</run_address>
         <size>0x54</size>
         <input_file_ref idref="fl-5"/>
      </object_component>
      <object_component id="oc-130">
         <name>.text</name>
         <load_address>0x1b748</load_address>
         <run_address>0x1b748</run_address>
         <size>0x4c</size>
         <input_file_ref idref="fl-148"/>
      </object_component>
      <object_component id="oc-151">
         <name>.text</name>
         <load_address>0x1b794</load_address>
         <run_address>0x1b794</run_address>
         <size>0x44</size>
         <input_file_ref idref="fl-d"/>
      </object_component>
      <object_component id="oc-479">
         <name>.text</name>
         <load_address>0x1b7d8</load_address>
         <run_address>0x1b7d8</run_address>
         <size>0x3c</size>
         <input_file_ref idref="fl-13"/>
      </object_component>
      <object_component id="oc-4d">
         <name>.text</name>
         <load_address>0x1b814</load_address>
         <run_address>0x1b814</run_address>
         <size>0x30</size>
         <input_file_ref idref="fl-16"/>
      </object_component>
      <object_component id="oc-4bc">
         <name>.text:NOROM_TRNGConfigure</name>
         <load_address>0x1b844</load_address>
         <run_address>0x1b844</run_address>
         <size>0x26</size>
         <input_file_ref idref="fl-175"/>
      </object_component>
      <object_component id="oc-514">
         <name>.text:NOROM_FlashProgram</name>
         <load_address>0x1b86a</load_address>
         <run_address>0x1b86a</run_address>
         <size>0x1e</size>
         <input_file_ref idref="fl-173"/>
      </object_component>
      <object_component id="oc-48f">
         <name>.text:NOROM_FlashSectorErase</name>
         <load_address>0x1b888</load_address>
         <run_address>0x1b888</run_address>
         <size>0x1e</size>
         <input_file_ref idref="fl-173"/>
      </object_component>
      <object_component id="oc-2d3">
         <name>.text</name>
         <load_address>0x1b8a6</load_address>
         <run_address>0x1b8a6</run_address>
         <size>0x18</size>
         <input_file_ref idref="fl-149"/>
      </object_component>
      <object_component id="oc-489">
         <name>.text:NOROM_VIMSModeGet</name>
         <load_address>0x1b8be</load_address>
         <run_address>0x1b8be</run_address>
         <size>0x16</size>
         <input_file_ref idref="fl-176"/>
      </object_component>
      <object_component id="oc-22e">
         <name>.text</name>
         <load_address>0x1b8d4</load_address>
         <run_address>0x1b8d4</run_address>
         <size>0x14</size>
         <input_file_ref idref="fl-1b"/>
      </object_component>
      <object_component id="oc-5d7">
         <name>.tramp.LL_PseudoRand.1</name>
         <load_address>0x1b8e8</load_address>
         <run_address>0x1b8e8</run_address>
         <size>0x8</size>
         <input_file_ref idref="fl-1f"/>
      </object_component>
      <object_component id="oc-2de">
         <name>.text</name>
         <load_address>0x1b8f0</load_address>
         <run_address>0x1b8f0</run_address>
         <size>0x14</size>
         <input_file_ref idref="fl-14d"/>
      </object_component>
      <object_component id="oc-14">
         <name>.text:decompress:none</name>
         <load_address>0x1b904</load_address>
         <run_address>0x1b904</run_address>
         <size>0xe</size>
         <input_file_ref idref="fl-145"/>
      </object_component>
      <object_component id="oc-141">
         <name>.text:NOROM_CPUcpsid</name>
         <load_address>0x1b912</load_address>
         <run_address>0x1b912</run_address>
         <size>0xc</size>
         <input_file_ref idref="fl-172"/>
      </object_component>
      <object_component id="oc-147">
         <name>.text:NOROM_CPUcpsie</name>
         <load_address>0x1b91e</load_address>
         <run_address>0x1b91e</run_address>
         <size>0xc</size>
         <input_file_ref idref="fl-172"/>
      </object_component>
      <object_component id="oc-20">
         <name>.text:decompress:ZI</name>
         <load_address>0x1b92a</load_address>
         <run_address>0x1b92a</run_address>
         <size>0xc</size>
         <input_file_ref idref="fl-147"/>
      </object_component>
      <object_component id="oc-1a">
         <name>.text:decompress:rle24</name>
         <load_address>0x1b936</load_address>
         <run_address>0x1b936</run_address>
         <size>0x6</size>
         <input_file_ref idref="fl-146"/>
      </object_component>
      <object_component id="oc-5cd">
         <name>.tramp.llCalcScaFactor.1</name>
         <load_address>0x1b93c</load_address>
         <run_address>0x1b93c</run_address>
         <size>0x8</size>
         <input_file_ref idref="fl-1f"/>
      </object_component>
      <object_component id="oc-5cc">
         <name>.tramp.HCI_LE_SetRandomAddressCmd.1</name>
         <load_address>0x1b944</load_address>
         <run_address>0x1b944</run_address>
         <size>0x8</size>
         <input_file_ref idref="fl-1f"/>
      </object_component>
      <object_component id="oc-5cb">
         <name>.tramp.llGetNumTxDataEntries.1</name>
         <load_address>0x1b94c</load_address>
         <run_address>0x1b94c</run_address>
         <size>0x8</size>
         <input_file_ref idref="fl-1f"/>
      </object_component>
      <object_component id="oc-5ca">
         <name>.tramp.LL_ENC_GenDeviceIV.1</name>
         <load_address>0x1b954</load_address>
         <run_address>0x1b954</run_address>
         <size>0x8</size>
         <input_file_ref idref="fl-1f"/>
      </object_component>
      <object_component id="oc-5c9">
         <name>.tramp.LL_ENC_GenDeviceSKD.1</name>
         <load_address>0x1b95c</load_address>
         <run_address>0x1b95c</run_address>
         <size>0x8</size>
         <input_file_ref idref="fl-1f"/>
      </object_component>
      <object_component id="oc-5c8">
         <name>.tramp.LL_ENC_ReverseBytes.1</name>
         <load_address>0x1b964</load_address>
         <run_address>0x1b964</run_address>
         <size>0x8</size>
         <input_file_ref idref="fl-1f"/>
      </object_component>
      <object_component id="oc-5c7">
         <name>.tramp.llMemCopySrc.1</name>
         <load_address>0x1b96c</load_address>
         <run_address>0x1b96c</run_address>
         <size>0x8</size>
         <input_file_ref idref="fl-1f"/>
      </object_component>
      <object_component id="oc-5c6">
         <name>.tramp.LL_ENC_Decrypt.1</name>
         <load_address>0x1b974</load_address>
         <run_address>0x1b974</run_address>
         <size>0x8</size>
         <input_file_ref idref="fl-1f"/>
      </object_component>
      <object_component id="oc-5c5">
         <name>.tramp.HCI_LE_LtkReqNegReplyCmd.1</name>
         <load_address>0x1b97c</load_address>
         <run_address>0x1b97c</run_address>
         <size>0x8</size>
         <input_file_ref idref="fl-1f"/>
      </object_component>
      <object_component id="oc-5c4">
         <name>.tramp.HCI_LE_LtkReqReplyCmd.1</name>
         <load_address>0x1b984</load_address>
         <run_address>0x1b984</run_address>
         <size>0x8</size>
         <input_file_ref idref="fl-1f"/>
      </object_component>
      <object_component id="oc-5c3">
         <name>.tramp.HCI_SendDataPkt.1</name>
         <load_address>0x1b98c</load_address>
         <run_address>0x1b98c</run_address>
         <size>0x8</size>
         <input_file_ref idref="fl-1f"/>
      </object_component>
      <object_component id="oc-5c2">
         <name>.tramp.HCI_LE_SetAdvParamCmd.1</name>
         <load_address>0x1b994</load_address>
         <run_address>0x1b994</run_address>
         <size>0x8</size>
         <input_file_ref idref="fl-1f"/>
      </object_component>
      <object_component id="oc-5c1">
         <name>.tramp.HCI_LE_SetAdvEnableCmd.1</name>
         <load_address>0x1b99c</load_address>
         <run_address>0x1b99c</run_address>
         <size>0x8</size>
         <input_file_ref idref="fl-1f"/>
      </object_component>
      <object_component id="oc-5c0">
         <name>.tramp.HCI_LE_SetScanRspDataCmd.1</name>
         <load_address>0x1b9a4</load_address>
         <run_address>0x1b9a4</run_address>
         <size>0x8</size>
         <input_file_ref idref="fl-1f"/>
      </object_component>
      <object_component id="oc-5bf">
         <name>.tramp.HCI_LE_SetAdvDataCmd.1</name>
         <load_address>0x1b9ac</load_address>
         <run_address>0x1b9ac</run_address>
         <size>0x8</size>
         <input_file_ref idref="fl-1f"/>
      </object_component>
      <object_component id="oc-5be">
         <name>.tramp.llPatchCM0.1</name>
         <load_address>0x1b9b4</load_address>
         <run_address>0x1b9b4</run_address>
         <size>0x8</size>
         <input_file_ref idref="fl-1f"/>
      </object_component>
      <object_component id="oc-5bd">
         <name>.tramp.LL_Encrypt.1</name>
         <load_address>0x1b9bc</load_address>
         <run_address>0x1b9bc</run_address>
         <size>0x8</size>
         <input_file_ref idref="fl-1f"/>
      </object_component>
      <object_component id="oc-5bc">
         <name>.tramp.HCI_LE_RandCmd.1</name>
         <load_address>0x1b9c4</load_address>
         <run_address>0x1b9c4</run_address>
         <size>0x8</size>
         <input_file_ref idref="fl-1f"/>
      </object_component>
      <object_component id="oc-5bb">
         <name>.tramp.llMoveTempTxDataEntries.1</name>
         <load_address>0x1b9cc</load_address>
         <run_address>0x1b9cc</run_address>
         <size>0x8</size>
         <input_file_ref idref="fl-1f"/>
      </object_component>
      <object_component id="oc-5ba">
         <name>.tramp.llSetupVersionIndReq.1</name>
         <load_address>0x1b9d4</load_address>
         <run_address>0x1b9d4</run_address>
         <size>0x8</size>
         <input_file_ref idref="fl-1f"/>
      </object_component>
      <object_component id="oc-5b9">
         <name>.tramp.LL_ReadRemoteVersionInfoCback.1</name>
         <load_address>0x1b9dc</load_address>
         <run_address>0x1b9dc</run_address>
         <size>0x8</size>
         <input_file_ref idref="fl-1f"/>
      </object_component>
      <object_component id="oc-5b8">
         <name>.tramp.llSetupPauseEncRsp.1</name>
         <load_address>0x1b9e4</load_address>
         <run_address>0x1b9e4</run_address>
         <size>0x8</size>
         <input_file_ref idref="fl-1f"/>
      </object_component>
      <object_component id="oc-5b7">
         <name>.tramp.llSetupStartEncRsp.1</name>
         <load_address>0x1b9ec</load_address>
         <run_address>0x1b9ec</run_address>
         <size>0x8</size>
         <input_file_ref idref="fl-1f"/>
      </object_component>
      <object_component id="oc-5b6">
         <name>.tramp.LL_EncChangeCback.1</name>
         <load_address>0x1b9f4</load_address>
         <run_address>0x1b9f4</run_address>
         <size>0x8</size>
         <input_file_ref idref="fl-1f"/>
      </object_component>
      <object_component id="oc-5b5">
         <name>.tramp.LL_EncKeyRefreshCback.1</name>
         <load_address>0x1b9fc</load_address>
         <run_address>0x1b9fc</run_address>
         <size>0x8</size>
         <input_file_ref idref="fl-1f"/>
      </object_component>
      <object_component id="oc-5b4">
         <name>.tramp.LL_ENC_AES128_Encrypt.1</name>
         <load_address>0x1ba04</load_address>
         <run_address>0x1ba04</run_address>
         <size>0x8</size>
         <input_file_ref idref="fl-1f"/>
      </object_component>
      <object_component id="oc-5b3">
         <name>.tramp.llSetupStartEncReq.1</name>
         <load_address>0x1ba0c</load_address>
         <run_address>0x1ba0c</run_address>
         <size>0x8</size>
         <input_file_ref idref="fl-1f"/>
      </object_component>
      <object_component id="oc-5b2">
         <name>.tramp.llSetupEncRsp.1</name>
         <load_address>0x1ba14</load_address>
         <run_address>0x1ba14</run_address>
         <size>0x8</size>
         <input_file_ref idref="fl-1f"/>
      </object_component>
      <object_component id="oc-5b1">
         <name>.tramp.LL_EncLtkReqCback.1</name>
         <load_address>0x1ba1c</load_address>
         <run_address>0x1ba1c</run_address>
         <size>0x8</size>
         <input_file_ref idref="fl-1f"/>
      </object_component>
      <object_component id="oc-5b0">
         <name>.tramp.llSetupUnknownRsp.1</name>
         <load_address>0x1ba24</load_address>
         <run_address>0x1ba24</run_address>
         <size>0x8</size>
         <input_file_ref idref="fl-1f"/>
      </object_component>
      <object_component id="oc-5af">
         <name>.tramp.llConvertCtrlProcTimeoutToEvent.1</name>
         <load_address>0x1ba2c</load_address>
         <run_address>0x1ba2c</run_address>
         <size>0x8</size>
         <input_file_ref idref="fl-1f"/>
      </object_component>
      <object_component id="oc-5ae">
         <name>.tramp.llConvertLstoToEvent.1</name>
         <load_address>0x1ba34</load_address>
         <run_address>0x1ba34</run_address>
         <size>0x8</size>
         <input_file_ref idref="fl-1f"/>
      </object_component>
      <object_component id="oc-5ad">
         <name>.tramp.llEventInRange.1</name>
         <load_address>0x1ba3c</load_address>
         <run_address>0x1ba3c</run_address>
         <size>0x8</size>
         <input_file_ref idref="fl-1f"/>
      </object_component>
      <object_component id="oc-5ac">
         <name>.tramp.llCheckForLstoDuringSL.1</name>
         <load_address>0x1ba44</load_address>
         <run_address>0x1ba44</run_address>
         <size>0x8</size>
         <input_file_ref idref="fl-1f"/>
      </object_component>
      <object_component id="oc-5ab">
         <name>.tramp.llConnTerminate.1</name>
         <load_address>0x1ba4c</load_address>
         <run_address>0x1ba4c</run_address>
         <size>0x8</size>
         <input_file_ref idref="fl-1f"/>
      </object_component>
      <object_component id="oc-5aa">
         <name>.tramp.HCI_DisconnectCmd.1</name>
         <load_address>0x1ba54</load_address>
         <run_address>0x1ba54</run_address>
         <size>0x8</size>
         <input_file_ref idref="fl-1f"/>
      </object_component>
      <object_component id="oc-5a9">
         <name>.tramp.HCI_ReadRemoteVersionInfoCmd.1</name>
         <load_address>0x1ba5c</load_address>
         <run_address>0x1ba5c</run_address>
         <size>0x8</size>
         <input_file_ref idref="fl-1f"/>
      </object_component>
      <object_component id="oc-5a8">
         <name>.tramp.HCI_SetEventMaskCmd.1</name>
         <load_address>0x1ba64</load_address>
         <run_address>0x1ba64</run_address>
         <size>0x8</size>
         <input_file_ref idref="fl-1f"/>
      </object_component>
      <object_component id="oc-5a7">
         <name>.tramp.HCI_ReadTransmitPowerLevelCmd.1</name>
         <load_address>0x1ba6c</load_address>
         <run_address>0x1ba6c</run_address>
         <size>0x8</size>
         <input_file_ref idref="fl-1f"/>
      </object_component>
      <object_component id="oc-5a6">
         <name>.tramp.HCI_ReadLocalSupportedFeaturesCmd.1</name>
         <load_address>0x1ba74</load_address>
         <run_address>0x1ba74</run_address>
         <size>0x8</size>
         <input_file_ref idref="fl-1f"/>
      </object_component>
      <object_component id="oc-5a5">
         <name>.tramp.HCI_ReadBDADDRCmd.1</name>
         <load_address>0x1ba7c</load_address>
         <run_address>0x1ba7c</run_address>
         <size>0x8</size>
         <input_file_ref idref="fl-1f"/>
      </object_component>
      <object_component id="oc-5a4">
         <name>.tramp.HCI_ReadRssiCmd.1</name>
         <load_address>0x1ba84</load_address>
         <run_address>0x1ba84</run_address>
         <size>0x8</size>
         <input_file_ref idref="fl-1f"/>
      </object_component>
      <object_component id="oc-5a3">
         <name>.tramp.HCI_LE_ReadLocalSupportedFeaturesCmd.1</name>
         <load_address>0x1ba8c</load_address>
         <run_address>0x1ba8c</run_address>
         <size>0x8</size>
         <input_file_ref idref="fl-1f"/>
      </object_component>
      <object_component id="oc-5a2">
         <name>.tramp.HCI_LE_ReadAdvChanTxPowerCmd.1</name>
         <load_address>0x1ba94</load_address>
         <run_address>0x1ba94</run_address>
         <size>0x8</size>
         <input_file_ref idref="fl-1f"/>
      </object_component>
      <object_component id="oc-5a1">
         <name>.tramp.HCI_LE_ReadWhiteListSizeCmd.1</name>
         <load_address>0x1ba9c</load_address>
         <run_address>0x1ba9c</run_address>
         <size>0x8</size>
         <input_file_ref idref="fl-1f"/>
      </object_component>
      <object_component id="oc-5a0">
         <name>.tramp.HCI_LE_RemoveWhiteListCmd.1</name>
         <load_address>0x1baa4</load_address>
         <run_address>0x1baa4</run_address>
         <size>0x8</size>
         <input_file_ref idref="fl-1f"/>
      </object_component>
      <object_component id="oc-59f">
         <name>.tramp.HCI_LE_ReadChannelMapCmd.1</name>
         <load_address>0x1baac</load_address>
         <run_address>0x1baac</run_address>
         <size>0x8</size>
         <input_file_ref idref="fl-1f"/>
      </object_component>
      <object_component id="oc-59e">
         <name>.tramp.HCI_LE_EncryptCmd.1</name>
         <load_address>0x1bab4</load_address>
         <run_address>0x1bab4</run_address>
         <size>0x8</size>
         <input_file_ref idref="fl-1f"/>
      </object_component>
      <object_component id="oc-59d">
         <name>.tramp.HCI_LE_ReadSupportedStatesCmd.1</name>
         <load_address>0x1babc</load_address>
         <run_address>0x1babc</run_address>
         <size>0x8</size>
         <input_file_ref idref="fl-1f"/>
      </object_component>
      <object_component id="oc-59c">
         <name>.tramp.HCI_LE_TestEndCmd.1</name>
         <load_address>0x1bac4</load_address>
         <run_address>0x1bac4</run_address>
         <size>0x8</size>
         <input_file_ref idref="fl-1f"/>
      </object_component>
      <object_component id="oc-59b">
         <name>.tramp.HCI_EXT_SetTxPowerCmd.1</name>
         <load_address>0x1bacc</load_address>
         <run_address>0x1bacc</run_address>
         <size>0x8</size>
         <input_file_ref idref="fl-1f"/>
      </object_component>
      <object_component id="oc-59a">
         <name>.tramp.HCI_EXT_OnePktPerEvtCmd.1</name>
         <load_address>0x1bad4</load_address>
         <run_address>0x1bad4</run_address>
         <size>0x8</size>
         <input_file_ref idref="fl-1f"/>
      </object_component>
      <object_component id="oc-599">
         <name>.tramp.HCI_EXT_DecryptCmd.1</name>
         <load_address>0x1badc</load_address>
         <run_address>0x1badc</run_address>
         <size>0x8</size>
         <input_file_ref idref="fl-1f"/>
      </object_component>
      <object_component id="oc-598">
         <name>.tramp.HCI_EXT_SetLocalSupportedFeaturesCmd.1</name>
         <load_address>0x1bae4</load_address>
         <run_address>0x1bae4</run_address>
         <size>0x8</size>
         <input_file_ref idref="fl-1f"/>
      </object_component>
      <object_component id="oc-597">
         <name>.tramp.HCI_EXT_SetFastTxResponseTimeCmd.1</name>
         <load_address>0x1baec</load_address>
         <run_address>0x1baec</run_address>
         <size>0x8</size>
         <input_file_ref idref="fl-1f"/>
      </object_component>
      <object_component id="oc-596">
         <name>.tramp.HCI_EXT_ModemTestTxCmd.1</name>
         <load_address>0x1baf4</load_address>
         <run_address>0x1baf4</run_address>
         <size>0x8</size>
         <input_file_ref idref="fl-1f"/>
      </object_component>
      <object_component id="oc-595">
         <name>.tramp.HCI_EXT_ModemHopTestTxCmd.1</name>
         <load_address>0x1bafc</load_address>
         <run_address>0x1bafc</run_address>
         <size>0x8</size>
         <input_file_ref idref="fl-1f"/>
      </object_component>
      <object_component id="oc-594">
         <name>.tramp.HCI_EXT_ModemTestRxCmd.1</name>
         <load_address>0x1bb04</load_address>
         <run_address>0x1bb04</run_address>
         <size>0x8</size>
         <input_file_ref idref="fl-1f"/>
      </object_component>
      <object_component id="oc-593">
         <name>.tramp.HCI_EXT_EndModemTestCmd.1</name>
         <load_address>0x1bb0c</load_address>
         <run_address>0x1bb0c</run_address>
         <size>0x8</size>
         <input_file_ref idref="fl-1f"/>
      </object_component>
      <object_component id="oc-592">
         <name>.tramp.HCI_EXT_SetBDADDRCmd.1</name>
         <load_address>0x1bb14</load_address>
         <run_address>0x1bb14</run_address>
         <size>0x8</size>
         <input_file_ref idref="fl-1f"/>
      </object_component>
      <object_component id="oc-591">
         <name>.tramp.HCI_EXT_SetSCACmd.1</name>
         <load_address>0x1bb1c</load_address>
         <run_address>0x1bb1c</run_address>
         <size>0x8</size>
         <input_file_ref idref="fl-1f"/>
      </object_component>
      <object_component id="oc-590">
         <name>.tramp.HCI_EXT_EnablePTMCmd.1</name>
         <load_address>0x1bb24</load_address>
         <run_address>0x1bb24</run_address>
         <size>0x8</size>
         <input_file_ref idref="fl-1f"/>
      </object_component>
      <object_component id="oc-58f">
         <name>.tramp.HCI_EXT_SetMaxDtmTxPowerCmd.1</name>
         <load_address>0x1bb2c</load_address>
         <run_address>0x1bb2c</run_address>
         <size>0x8</size>
         <input_file_ref idref="fl-1f"/>
      </object_component>
      <object_component id="oc-58e">
         <name>.tramp.HCI_EXT_DisconnectImmedCmd.1</name>
         <load_address>0x1bb34</load_address>
         <run_address>0x1bb34</run_address>
         <size>0x8</size>
         <input_file_ref idref="fl-1f"/>
      </object_component>
      <object_component id="oc-58d">
         <name>.tramp.HCI_EXT_PacketErrorRateCmd.1</name>
         <load_address>0x1bb3c</load_address>
         <run_address>0x1bb3c</run_address>
         <size>0x8</size>
         <input_file_ref idref="fl-1f"/>
      </object_component>
      <object_component id="oc-58c">
         <name>.tramp.HCI_EXT_PERbyChanCmd.1</name>
         <load_address>0x1bb44</load_address>
         <run_address>0x1bb44</run_address>
         <size>0x8</size>
         <input_file_ref idref="fl-1f"/>
      </object_component>
      <object_component id="oc-58b">
         <name>.tramp.HCI_EXT_AdvEventNoticeCmd.1</name>
         <load_address>0x1bb4c</load_address>
         <run_address>0x1bb4c</run_address>
         <size>0x8</size>
         <input_file_ref idref="fl-1f"/>
      </object_component>
      <object_component id="oc-58a">
         <name>.tramp.HCI_EXT_SetSlaveLatencyOverrideCmd.1</name>
         <load_address>0x1bb54</load_address>
         <run_address>0x1bb54</run_address>
         <size>0x8</size>
         <input_file_ref idref="fl-1f"/>
      </object_component>
      <object_component id="oc-589">
         <name>.tramp.HCI_EXT_BuildRevisionCmd.1</name>
         <load_address>0x1bb5c</load_address>
         <run_address>0x1bb5c</run_address>
         <size>0x8</size>
         <input_file_ref idref="fl-1f"/>
      </object_component>
      <object_component id="oc-588">
         <name>.tramp.HCI_EXT_NumComplPktsLimitCmd.1</name>
         <load_address>0x1bb64</load_address>
         <run_address>0x1bb64</run_address>
         <size>0x8</size>
         <input_file_ref idref="fl-1f"/>
      </object_component>
      <object_component id="oc-587">
         <name>.tramp.llSetupRejectInd.1</name>
         <load_address>0x1bb6c</load_address>
         <run_address>0x1bb6c</run_address>
         <size>0x8</size>
         <input_file_ref idref="fl-1f"/>
      </object_component>
      <object_component id="oc-586">
         <name>.tramp.llTimeDelta.1</name>
         <load_address>0x1bb74</load_address>
         <run_address>0x1bb74</run_address>
         <size>0x8</size>
         <input_file_ref idref="fl-1f"/>
      </object_component>
      <object_component id="oc-585">
         <name>.tramp.LL_RX_bm_alloc.1</name>
         <load_address>0x1bb7c</load_address>
         <run_address>0x1bb7c</run_address>
         <size>0x8</size>
         <input_file_ref idref="fl-1f"/>
      </object_component>
      <object_component id="oc-584">
         <name>.tramp.HCI_bm_alloc.1</name>
         <load_address>0x1bb84</load_address>
         <run_address>0x1bb84</run_address>
         <size>0x8</size>
         <input_file_ref idref="fl-1f"/>
      </object_component>
      <object_component id="oc-583">
         <name>.tramp.llTimeCompare.1</name>
         <load_address>0x1bb8c</load_address>
         <run_address>0x1bb8c</run_address>
         <size>0x8</size>
         <input_file_ref idref="fl-1f"/>
      </object_component>
      <object_component id="oc-582">
         <name>.tramp.llReleaseConnId.1</name>
         <load_address>0x1bb94</load_address>
         <run_address>0x1bb94</run_address>
         <size>0x8</size>
         <input_file_ref idref="fl-1f"/>
      </object_component>
      <object_component id="oc-581">
         <name>.tramp.LL_ENC_Encrypt.1</name>
         <load_address>0x1bb9c</load_address>
         <run_address>0x1bb9c</run_address>
         <size>0x8</size>
         <input_file_ref idref="fl-1f"/>
      </object_component>
      <object_component id="oc-580">
         <name>.tramp.LL_TX_bm_alloc.1</name>
         <load_address>0x1bba4</load_address>
         <run_address>0x1bba4</run_address>
         <size>0x8</size>
         <input_file_ref idref="fl-1f"/>
      </object_component>
      <object_component id="oc-57f">
         <name>.tramp.llEventDelta.1</name>
         <load_address>0x1bbac</load_address>
         <run_address>0x1bbac</run_address>
         <size>0x8</size>
         <input_file_ref idref="fl-1f"/>
      </object_component>
      <object_component id="oc-57e">
         <name>.tramp.HCI_LE_AddWhiteListCmd.1</name>
         <load_address>0x1bbb4</load_address>
         <run_address>0x1bbb4</run_address>
         <size>0x8</size>
         <input_file_ref idref="fl-1f"/>
      </object_component>
      <object_component id="oc-57d">
         <name>.tramp.HCI_LE_ClearWhiteListCmd.1</name>
         <load_address>0x1bbbc</load_address>
         <run_address>0x1bbbc</run_address>
         <size>0x8</size>
         <input_file_ref idref="fl-1f"/>
      </object_component>
      <object_component id="oc-57c">
         <name>.tramp.llFreeTask.1</name>
         <load_address>0x1bbc4</load_address>
         <run_address>0x1bbc4</run_address>
         <size>0x8</size>
         <input_file_ref idref="fl-1f"/>
      </object_component>
      <object_component id="oc-57b">
         <name>.tramp.llGetNumTasks.1</name>
         <load_address>0x1bbcc</load_address>
         <run_address>0x1bbcc</run_address>
         <size>0x8</size>
         <input_file_ref idref="fl-1f"/>
      </object_component>
      <object_component id="oc-57a">
         <name>.tramp.llScheduler.1</name>
         <load_address>0x1bbd4</load_address>
         <run_address>0x1bbd4</run_address>
         <size>0x8</size>
         <input_file_ref idref="fl-1f"/>
      </object_component>
      <object_component id="oc-579">
         <name>.tramp.llSetupAdv.1</name>
         <load_address>0x1bbdc</load_address>
         <run_address>0x1bbdc</run_address>
         <size>0x8</size>
         <input_file_ref idref="fl-1f"/>
      </object_component>
      <object_component id="oc-578">
         <name>.tramp.llGetActiveTasks.1</name>
         <load_address>0x1bbe4</load_address>
         <run_address>0x1bbe4</run_address>
         <size>0x8</size>
         <input_file_ref idref="fl-1f"/>
      </object_component>
      <object_component id="oc-577">
         <name>.tramp.LL_DirectTestEndDoneCback.1</name>
         <load_address>0x1bbec</load_address>
         <run_address>0x1bbec</run_address>
         <size>0x8</size>
         <input_file_ref idref="fl-1f"/>
      </object_component>
      <object_component id="oc-576">
         <name>.tramp.llRfStartFS.1</name>
         <load_address>0x1bbf4</load_address>
         <run_address>0x1bbf4</run_address>
         <size>0x8</size>
         <input_file_ref idref="fl-1f"/>
      </object_component>
      <object_component id="oc-575">
         <name>.tramp.llWriteTxData.1</name>
         <load_address>0x1bbfc</load_address>
         <run_address>0x1bbfc</run_address>
         <size>0x8</size>
         <input_file_ref idref="fl-1f"/>
      </object_component>
      <object_component id="oc-574">
         <name>.tramp.HCI_DataBufferOverflowEvent.1</name>
         <load_address>0x1bc04</load_address>
         <run_address>0x1bc04</run_address>
         <size>0x8</size>
         <input_file_ref idref="fl-1f"/>
      </object_component>
      <object_component id="oc-573">
         <name>.tramp.llEnqueueCtrlPkt.1</name>
         <load_address>0x1bc0c</load_address>
         <run_address>0x1bc0c</run_address>
         <size>0x8</size>
         <input_file_ref idref="fl-1f"/>
      </object_component>
      <object_component id="oc-572">
         <name>.tramp.LL_ConnActive.1</name>
         <load_address>0x1bc14</load_address>
         <run_address>0x1bc14</run_address>
         <size>0x8</size>
         <input_file_ref idref="fl-1f"/>
      </object_component>
      <object_component id="oc-571">
         <name>.tramp.llReleaseAllConnId.1</name>
         <load_address>0x1bc1c</load_address>
         <run_address>0x1bc1c</run_address>
         <size>0x8</size>
         <input_file_ref idref="fl-1f"/>
      </object_component>
      <object_component id="oc-570">
         <name>.tramp.LL_ClearWhiteList.1</name>
         <load_address>0x1bc24</load_address>
         <run_address>0x1bc24</run_address>
         <size>0x8</size>
         <input_file_ref idref="fl-1f"/>
      </object_component>
      <object_component id="oc-56f">
         <name>.tramp.LL_ENC_Init.1</name>
         <load_address>0x1bc2c</load_address>
         <run_address>0x1bc2c</run_address>
         <size>0x8</size>
         <input_file_ref idref="fl-1f"/>
      </object_component>
      <object_component id="oc-56e">
         <name>.tramp.WL_Init.1</name>
         <load_address>0x1bc34</load_address>
         <run_address>0x1bc34</run_address>
         <size>0x8</size>
         <input_file_ref idref="fl-1f"/>
      </object_component>
      <object_component id="oc-56d">
         <name>.tramp.llHaltRadio.1</name>
         <load_address>0x1bc3c</load_address>
         <run_address>0x1bc3c</run_address>
         <size>0x8</size>
         <input_file_ref idref="fl-1f"/>
      </object_component>
      <object_component id="oc-56c">
         <name>.tramp.HCI_HardwareErrorEvent.1</name>
         <load_address>0x1bc44</load_address>
         <run_address>0x1bc44</run_address>
         <size>0x8</size>
         <input_file_ref idref="fl-1f"/>
      </object_component>
      <object_component id="oc-56b">
         <name>.tramp.LL_ConnectionCompleteCback.1</name>
         <load_address>0x1bc4c</load_address>
         <run_address>0x1bc4c</run_address>
         <size>0x8</size>
         <input_file_ref idref="fl-1f"/>
      </object_component>
      <object_component id="oc-56a">
         <name>.tramp.llGetCurrentTask.1</name>
         <load_address>0x1bc54</load_address>
         <run_address>0x1bc54</run_address>
         <size>0x8</size>
         <input_file_ref idref="fl-1f"/>
      </object_component>
      <object_component id="oc-569">
         <name>.tramp.LL_ENC_GenerateTrueRandNum.1</name>
         <load_address>0x1bc5c</load_address>
         <run_address>0x1bc5c</run_address>
         <size>0x8</size>
         <input_file_ref idref="fl-1f"/>
      </object_component>
      <object_component id="oc-568">
         <name>.tramp.llInitRAT.1</name>
         <load_address>0x1bc64</load_address>
         <run_address>0x1bc64</run_address>
         <size>0x8</size>
         <input_file_ref idref="fl-1f"/>
      </object_component>
      <object_component id="oc-567">
         <name>.tramp.llGetCurrentTime.1</name>
         <load_address>0x1bc6c</load_address>
         <run_address>0x1bc6c</run_address>
         <size>0x8</size>
         <input_file_ref idref="fl-1f"/>
      </object_component>
      <object_component id="oc-566">
         <name>.tramp.llSetupRfHal.1</name>
         <load_address>0x1bc74</load_address>
         <run_address>0x1bc74</run_address>
         <size>0x8</size>
         <input_file_ref idref="fl-1f"/>
      </object_component>
      <object_component id="oc-565">
         <name>.tramp.llSetupMailbox.1</name>
         <load_address>0x1bc7c</load_address>
         <run_address>0x1bc7c</run_address>
         <size>0x8</size>
         <input_file_ref idref="fl-1f"/>
      </object_component>
      <object_component id="oc-564">
         <name>.tramp.llResetRadio.1</name>
         <load_address>0x1bc84</load_address>
         <run_address>0x1bc84</run_address>
         <size>0x8</size>
         <input_file_ref idref="fl-1f"/>
      </object_component>
      <object_component id="oc-14d">
         <name>.const</name>
         <load_address>0x1bc8c</load_address>
         <run_address>0x1bc8c</run_address>
         <size>0x664</size>
         <input_file_ref idref="fl-19"/>
      </object_component>
      <object_component id="oc-13d">
         <name>.const</name>
         <load_address>0x1c2f0</load_address>
         <run_address>0x1c2f0</run_address>
         <size>0x10c</size>
         <input_file_ref idref="fl-16"/>
      </object_component>
      <object_component id="oc-2e4">
         <name>.const:tasksArr</name>
         <load_address>0x1c3fc</load_address>
         <run_address>0x1c3fc</run_address>
         <size>0x28</size>
         <input_file_ref idref="fl-18"/>
      </object_component>
      <object_component id="oc-26d">
         <name>.rodata</name>
         <load_address>0x1c424</load_address>
         <run_address>0x1c424</run_address>
         <size>0x5c</size>
         <input_file_ref idref="fl-166"/>
      </object_component>
      <object_component id="oc-531">
         <name>.rodata</name>
         <load_address>0x1c480</load_address>
         <run_address>0x1c480</run_address>
         <size>0x8</size>
         <input_file_ref idref="fl-158"/>
      </object_component>
      <object_component id="oc-4ff">
         <name>.rodata</name>
         <load_address>0x1c488</load_address>
         <run_address>0x1c488</run_address>
         <size>0x8</size>
         <input_file_ref idref="fl-15c"/>
      </object_component>
      <object_component id="oc-47f">
         <name>.rodata</name>
         <load_address>0x1c490</load_address>
         <run_address>0x1c490</run_address>
         <size>0x2</size>
         <input_file_ref idref="fl-168"/>
      </object_component>
      <object_component id="oc-561">
         <name>.cinit..data.load</name>
         <load_address>0x1c498</load_address>
         <run_address>0x1c498</run_address>
         <size>0x14e</size>
      </object_component>
      <object_component id="oc-55f">
         <name>__TI_handler_table</name>
         <load_address>0x1c5e8</load_address>
         <run_address>0x1c5e8</run_address>
         <size>0xc</size>
      </object_component>
      <object_component id="oc-563">
         <name>.cinit..TI.bound:mbIntCbackTable.load</name>
         <load_address>0x1c5f8</load_address>
         <run_address>0x1c5f8</run_address>
         <size>0x8</size>
      </object_component>
      <object_component id="oc-562">
         <name>.cinit..bss.load</name>
         <load_address>0x1c600</load_address>
         <run_address>0x1c600</run_address>
         <size>0x8</size>
      </object_component>
      <object_component id="oc-560">
         <name>__TI_cinit_table</name>
         <load_address>0x1c608</load_address>
         <run_address>0x1c608</run_address>
         <size>0x18</size>
      </object_component>
      <object_component id="oc-26">
         <name>EntrySection</name>
         <load_address>0xe000</load_address>
         <run_address>0xe000</run_address>
         <size>0x2c</size>
         <input_file_ref idref="fl-17"/>
      </object_component>
      <object_component id="oc-4fd">
         <name>.bss</name>
         <uninitialized>true</uninitialized>
         <run_address>0x2000488c</run_address>
         <size>0x4</size>
         <input_file_ref idref="fl-14f"/>
      </object_component>
      <object_component id="oc-4dd">
         <name>.bss</name>
         <uninitialized>true</uninitialized>
         <run_address>0x20004894</run_address>
         <size>0x4</size>
         <input_file_ref idref="fl-153"/>
      </object_component>
      <object_component id="oc-4dc">
         <name>.bss</name>
         <uninitialized>true</uninitialized>
         <run_address>0x20004890</run_address>
         <size>0x4</size>
         <input_file_ref idref="fl-153"/>
      </object_component>
      <object_component id="oc-392">
         <name>.bss</name>
         <uninitialized>true</uninitialized>
         <run_address>0x20004898</run_address>
         <size>0x4</size>
         <input_file_ref idref="fl-154"/>
      </object_component>
      <object_component id="oc-509">
         <name>.bss</name>
         <uninitialized>true</uninitialized>
         <run_address>0x2000488a</run_address>
         <size>0x2</size>
         <input_file_ref idref="fl-155"/>
      </object_component>
      <object_component id="oc-502">
         <name>.bss</name>
         <uninitialized>true</uninitialized>
         <run_address>0x2000489c</run_address>
         <size>0x4</size>
         <input_file_ref idref="fl-158"/>
      </object_component>
      <object_component id="oc-4fa">
         <name>.bss</name>
         <uninitialized>true</uninitialized>
         <run_address>0x200048a0</run_address>
         <size>0x4</size>
         <input_file_ref idref="fl-159"/>
      </object_component>
      <object_component id="oc-439">
         <name>.bss</name>
         <uninitialized>true</uninitialized>
         <run_address>0x200048b4</run_address>
         <size>0x2</size>
         <input_file_ref idref="fl-15a"/>
      </object_component>
      <object_component id="oc-437">
         <name>.bss</name>
         <uninitialized>true</uninitialized>
         <run_address>0x20004864</run_address>
         <size>0x8</size>
         <input_file_ref idref="fl-15a"/>
      </object_component>
      <object_component id="oc-43b">
         <name>.bss</name>
         <uninitialized>true</uninitialized>
         <run_address>0x200047f0</run_address>
         <size>0x24</size>
         <input_file_ref idref="fl-15c"/>
      </object_component>
      <object_component id="oc-43c">
         <name>.bss</name>
         <uninitialized>true</uninitialized>
         <run_address>0x200048a4</run_address>
         <size>0x4</size>
         <input_file_ref idref="fl-15c"/>
      </object_component>
      <object_component id="oc-4cb">
         <name>.bss</name>
         <uninitialized>true</uninitialized>
         <run_address>0x2000482c</run_address>
         <size>0x10</size>
         <input_file_ref idref="fl-15e"/>
      </object_component>
      <object_component id="oc-4db">
         <name>.bss</name>
         <uninitialized>true</uninitialized>
         <run_address>0x200048b8</run_address>
         <size>0x1</size>
         <input_file_ref idref="fl-160"/>
      </object_component>
      <object_component id="oc-331">
         <name>.bss</name>
         <uninitialized>true</uninitialized>
         <run_address>0x2000486c</run_address>
         <size>0x8</size>
         <input_file_ref idref="fl-161"/>
      </object_component>
      <object_component id="oc-332">
         <name>.bss</name>
         <uninitialized>true</uninitialized>
         <run_address>0x200047c0</run_address>
         <size>0x30</size>
         <input_file_ref idref="fl-161"/>
      </object_component>
      <object_component id="oc-4d9">
         <name>.bss</name>
         <uninitialized>true</uninitialized>
         <run_address>0x200048b9</run_address>
         <size>0x1</size>
         <input_file_ref idref="fl-162"/>
      </object_component>
      <object_component id="oc-333">
         <name>.bss</name>
         <uninitialized>true</uninitialized>
         <run_address>0x20004788</run_address>
         <size>0x38</size>
         <input_file_ref idref="fl-163"/>
      </object_component>
      <object_component id="oc-2e8">
         <name>.bss</name>
         <uninitialized>true</uninitialized>
         <run_address>0x2000483c</run_address>
         <size>0x10</size>
         <input_file_ref idref="fl-168"/>
      </object_component>
      <object_component id="oc-4cd">
         <name>.bss</name>
         <uninitialized>true</uninitialized>
         <run_address>0x200048b6</run_address>
         <size>0x2</size>
         <input_file_ref idref="fl-16a"/>
      </object_component>
      <object_component id="oc-4c5">
         <name>.bss</name>
         <uninitialized>true</uninitialized>
         <run_address>0x20004814</run_address>
         <size>0x18</size>
         <input_file_ref idref="fl-16b"/>
      </object_component>
      <object_component id="oc-4c6">
         <name>.bss</name>
         <uninitialized>true</uninitialized>
         <run_address>0x200048ba</run_address>
         <size>0x1</size>
         <input_file_ref idref="fl-16b"/>
      </object_component>
      <object_component id="oc-4df">
         <name>.bss</name>
         <uninitialized>true</uninitialized>
         <run_address>0x200048a8</run_address>
         <size>0x4</size>
         <input_file_ref idref="fl-16c"/>
      </object_component>
      <object_component id="oc-3b3">
         <name>.bss</name>
         <uninitialized>true</uninitialized>
         <run_address>0x2000484c</run_address>
         <size>0xc</size>
         <input_file_ref idref="fl-16d"/>
      </object_component>
      <object_component id="oc-3b2">
         <name>.bss</name>
         <uninitialized>true</uninitialized>
         <run_address>0x200048bb</run_address>
         <size>0x1</size>
         <input_file_ref idref="fl-16f"/>
      </object_component>
      <object_component id="oc-26c">
         <name>.bss</name>
         <uninitialized>true</uninitialized>
         <run_address>0x20004884</run_address>
         <size>0x6</size>
         <input_file_ref idref="fl-171"/>
      </object_component>
      <object_component id="oc-45a">
         <name>.bss</name>
         <uninitialized>true</uninitialized>
         <run_address>0x2000474c</run_address>
         <size>0x3c</size>
         <input_file_ref idref="fl-9"/>
      </object_component>
      <object_component id="oc-4b5">
         <name>.bss</name>
         <uninitialized>true</uninitialized>
         <run_address>0x20004874</run_address>
         <size>0x8</size>
         <input_file_ref idref="fl-f"/>
      </object_component>
      <object_component id="oc-495">
         <name>.bss</name>
         <uninitialized>true</uninitialized>
         <run_address>0x2000487c</run_address>
         <size>0x8</size>
         <input_file_ref idref="fl-12"/>
      </object_component>
      <object_component id="oc-5f">
         <name>.bss</name>
         <uninitialized>true</uninitialized>
         <run_address>0x20004858</run_address>
         <size>0xc</size>
         <input_file_ref idref="fl-17"/>
      </object_component>
      <object_component id="oc-4c2">
         <name>.common:lastTrngVal$3</name>
         <uninitialized>true</uninitialized>
         <run_address>0x200048ac</run_address>
         <size>0x4</size>
      </object_component>
      <object_component id="oc-1ee">
         <name>.common:tasksEvents</name>
         <uninitialized>true</uninitialized>
         <run_address>0x200048b0</run_address>
         <size>0x4</size>
      </object_component>
      <object_component id="oc-390">
         <name>.data</name>
         <load_address>0x20004630</load_address>
         <run_address>0x20004630</run_address>
         <size>0x2c</size>
         <input_file_ref idref="fl-152"/>
      </object_component>
      <object_component id="oc-4de">
         <name>.data</name>
         <load_address>0x200045a4</load_address>
         <run_address>0x200045a4</run_address>
         <size>0x50</size>
         <input_file_ref idref="fl-152"/>
      </object_component>
      <object_component id="oc-391">
         <name>.data</name>
         <load_address>0x200046ac</load_address>
         <run_address>0x200046ac</run_address>
         <size>0x1c</size>
         <input_file_ref idref="fl-154"/>
      </object_component>
      <object_component id="oc-508">
         <name>.data</name>
         <load_address>0x200046c8</load_address>
         <run_address>0x200046c8</run_address>
         <size>0x1c</size>
         <input_file_ref idref="fl-155"/>
      </object_component>
      <object_component id="oc-505">
         <name>.data</name>
         <load_address>0x20004738</load_address>
         <run_address>0x20004738</run_address>
         <size>0x4</size>
         <input_file_ref idref="fl-156"/>
      </object_component>
      <object_component id="oc-38f">
         <name>.data</name>
         <load_address>0x20004704</load_address>
         <run_address>0x20004704</run_address>
         <size>0xc</size>
         <input_file_ref idref="fl-157"/>
      </object_component>
      <object_component id="oc-532">
         <name>.data</name>
         <load_address>0x20004746</load_address>
         <run_address>0x20004746</run_address>
         <size>0x1</size>
         <input_file_ref idref="fl-158"/>
      </object_component>
      <object_component id="oc-500">
         <name>.data</name>
         <load_address>0x20004688</load_address>
         <run_address>0x20004688</run_address>
         <size>0x24</size>
         <input_file_ref idref="fl-158"/>
      </object_component>
      <object_component id="oc-533">
         <name>.data</name>
         <load_address>0x20004747</load_address>
         <run_address>0x20004747</run_address>
         <size>0x1</size>
         <input_file_ref idref="fl-158"/>
      </object_component>
      <object_component id="oc-534">
         <name>.data</name>
         <load_address>0x20004748</load_address>
         <run_address>0x20004748</run_address>
         <size>0x1</size>
         <input_file_ref idref="fl-158"/>
      </object_component>
      <object_component id="oc-501">
         <name>.data</name>
         <load_address>0x20004534</load_address>
         <run_address>0x20004534</run_address>
         <size>0x70</size>
         <input_file_ref idref="fl-158"/>
      </object_component>
      <object_component id="oc-4fc">
         <name>.data</name>
         <load_address>0x20004749</load_address>
         <run_address>0x20004749</run_address>
         <size>0x1</size>
         <input_file_ref idref="fl-159"/>
      </object_component>
      <object_component id="oc-4fb">
         <name>.data</name>
         <load_address>0x20004728</load_address>
         <run_address>0x20004728</run_address>
         <size>0x8</size>
         <input_file_ref idref="fl-159"/>
      </object_component>
      <object_component id="oc-438">
         <name>.data</name>
         <load_address>0x2000474a</load_address>
         <run_address>0x2000474a</run_address>
         <size>0x1</size>
         <input_file_ref idref="fl-15a"/>
      </object_component>
      <object_component id="oc-43a">
         <name>.data</name>
         <load_address>0x2000474b</load_address>
         <run_address>0x2000474b</run_address>
         <size>0x1</size>
         <input_file_ref idref="fl-15c"/>
      </object_component>
      <object_component id="oc-443">
         <name>.data</name>
         <load_address>0x200046e4</load_address>
         <run_address>0x200046e4</run_address>
         <size>0x10</size>
         <input_file_ref idref="fl-15c"/>
      </object_component>
      <object_component id="oc-4da">
         <name>.data</name>
         <load_address>0x20004744</load_address>
         <run_address>0x20004744</run_address>
         <size>0x2</size>
         <input_file_ref idref="fl-161"/>
      </object_component>
      <object_component id="oc-4cc">
         <name>.data</name>
         <load_address>0x20004710</load_address>
         <run_address>0x20004710</run_address>
         <size>0xc</size>
         <input_file_ref idref="fl-165"/>
      </object_component>
      <object_component id="oc-481">
         <name>.data</name>
         <load_address>0x200046f4</load_address>
         <run_address>0x200046f4</run_address>
         <size>0x10</size>
         <input_file_ref idref="fl-166"/>
      </object_component>
      <object_component id="oc-4c4">
         <name>.data</name>
         <load_address>0x200045f4</load_address>
         <run_address>0x200045f4</run_address>
         <size>0x3c</size>
         <input_file_ref idref="fl-16b"/>
      </object_component>
      <object_component id="oc-535">
         <name>.data</name>
         <load_address>0x2000471c</load_address>
         <run_address>0x2000471c</run_address>
         <size>0xc</size>
         <input_file_ref idref="fl-16e"/>
      </object_component>
      <object_component id="oc-4a8">
         <name>.data</name>
         <load_address>0x20004740</load_address>
         <run_address>0x20004740</run_address>
         <size>0x4</size>
         <input_file_ref idref="fl-10"/>
      </object_component>
      <object_component id="oc-1ef">
         <name>.data</name>
         <load_address>0x2000465c</load_address>
         <run_address>0x2000465c</run_address>
         <size>0x2c</size>
         <input_file_ref idref="fl-b"/>
      </object_component>
      <object_component id="oc-4d0">
         <name>.data</name>
         <load_address>0x20004730</load_address>
         <run_address>0x20004730</run_address>
         <size>0x8</size>
         <input_file_ref idref="fl-c"/>
      </object_component>
      <object_component id="oc-4b1">
         <name>.data</name>
         <load_address>0x2000473c</load_address>
         <run_address>0x2000473c</run_address>
         <size>0x4</size>
         <input_file_ref idref="fl-e"/>
      </object_component>
      <object_component id="oc-2e9">
         <name>.data</name>
         <load_address>0x200044b8</load_address>
         <run_address>0x200044b8</run_address>
         <size>0x7c</size>
         <input_file_ref idref="fl-11"/>
      </object_component>
      <object_component id="oc-452">
         <name>.data</name>
         <load_address>0x200043ec</load_address>
         <run_address>0x200043ec</run_address>
         <size>0xcc</size>
         <input_file_ref idref="fl-14"/>
      </object_component>
      <object_component id="oc-4ad">
         <name>.TI.bound:mbIntCbackTable</name>
         <uninitialized>true</uninitialized>
[...]
      </symbol>
      <symbol id="sm-1489">
         <name>osal_start_reload_timer</name>
         <value>0x1a137</value>
         <object_component_ref idref="oc-228"/>
      </symbol>
      <symbol id="sm-148a">
         <name>baseTaskID</name>
         <value>0x200044b8</value>
         <object_component_ref idref="oc-2e9"/>
      </symbol>
      <symbol id="sm-148b">
         <name>strlen</name>
         <value>0x1b8f1</value>
         <object_component_ref idref="oc-2de"/>
      </symbol>
      <symbol id="sm-148c">
         <name>osal_snv_init</name>
         <value>0x17779</value>
         <object_component_ref idref="oc-1e8"/>
      </symbol>
      <symbol id="sm-148d">
         <name>GAPBondMgr_LinkEst</name>
         <value>0x10741</value>
         <object_component_ref idref="oc-1d6"/>
      </symbol>
      <symbol id="sm-148e">
         <name>osal_memcmp</name>
         <value>0x1309b</value>
         <object_component_ref idref="oc-157"/>
      </symbol>
      <symbol id="sm-148f">
         <name>tasksArr</name>
         <value>0x1c3fc</value>
         <object_component_ref idref="oc-2e4"/>
      </symbol>
      <symbol id="sm-1490">
         <name>MB_DisableInts</name>
         <value>0x193b9</value>
         <object_component_ref idref="oc-218"/>
      </symbol>
      <symbol id="sm-1491">
         <name>copy_in</name>
         <value>0x1b749</value>
         <object_component_ref idref="oc-130"/>
      </symbol>
      <symbol id="sm-1492">
         <name>osal_init_system</name>
         <value>0x13497</value>
         <object_component_ref idref="oc-157"/>
      </symbol>
      <symbol id="sm-1493">
         <name>osal_msg_enqueue</name>
         <value>0x1316b</value>
         <object_component_ref idref="oc-157"/>
      </symbol>
      <symbol id="sm-1494">
         <name>osal_pwrmgr_init</name>
         <value>0x1b1b9</value>
         <object_component_ref idref="oc-222"/>
      </symbol>
      <symbol id="sm-1495">
         <name>ROM_Init</name>
         <value>0x1b5a7</value>
         <object_component_ref idref="oc-53"/>
      </symbol>
      <symbol id="sm-1496">
         <name>osal_msg_push</name>
         <value>0x1319b</value>
         <object_component_ref idref="oc-157"/>
      </symbol>
      <symbol id="sm-1497">
         <name>MB_SendCommand</name>
         <value>0x1945d</value>
         <object_component_ref idref="oc-218"/>
      </symbol>
      <symbol id="sm-1498">
         <name>mbIntCbackTable</name>
         <value>0x20004fec</value>
         <object_component_ref idref="oc-4ad"/>
      </symbol>
      <symbol id="sm-1499">
         <name>NOROM_VIMSModeGet</name>
         <value>0x1b8bf</value>
         <object_component_ref idref="oc-489"/>
      </symbol>
      <symbol id="sm-149a">
         <name>osal_semaphore</name>
         <value>0x2000466c</value>
         <object_component_ref idref="oc-1ef"/>
      </symbol>
      <symbol id="sm-149b">
         <name>osal_eventloop_hook</name>
         <value>0x20004668</value>
         <object_component_ref idref="oc-1ef"/>
      </symbol>
      <symbol id="sm-149c">
         <name>mbCpe1Isr</name>
         <value>0x19551</value>
         <object_component_ref idref="oc-218"/>
      </symbol>
      <symbol id="sm-149d">
         <name>osal_start_timerEx</name>
         <value>0x1a0d7</value>
         <object_component_ref idref="oc-228"/>
      </symbol>
      <symbol id="sm-149e">
         <name>ICall_dispatcher</name>
         <value>0x20004858</value>
         <object_component_ref idref="oc-5f"/>
      </symbol>
      <symbol id="sm-149f">
         <name>osal_enroll_dispatchid</name>
         <value>0x1342d</value>
         <object_component_ref idref="oc-157"/>
      </symbol>
      <symbol id="sm-14a0">
         <name>GAPBondMgr_SetParameter</name>
         <value>0x10949</value>
         <object_component_ref idref="oc-1d6"/>
      </symbol>
      <symbol id="sm-14a1">
         <name>osal_stop_timerEx</name>
         <value>0x1a107</value>
         <object_component_ref idref="oc-228"/>
      </symbol>
      <symbol id="sm-14a2">
         <name>HalTRNG_GetTRNG</name>
         <value>0x1b65d</value>
         <object_component_ref idref="oc-240"/>
      </symbol>
      <symbol id="sm-14a3">
         <name>bleDispatch_BMFree</name>
         <value>0x1271b</value>
         <object_component_ref idref="oc-1dc"/>
      </symbol>
      <symbol id="sm-14a4">
         <name>halAssertHandler</name>
         <value>0x1460b</value>
         <object_component_ref idref="oc-212"/>
      </symbol>
      <symbol id="sm-14a5">
         <name>osal_bm_alloc</name>
         <value>0x1af69</value>
         <object_component_ref idref="oc-20c"/>
      </symbol>
      <symbol id="sm-14a6">
         <name>osal_msg_send</name>
         <value>0x13213</value>
         <object_component_ref idref="oc-157"/>
      </symbol>
      <symbol id="sm-14a7">
         <name>stack_main</name>
         <value>0x1acc3</value>
         <object_component_ref idref="oc-59"/>
      </symbol>
      <symbol id="sm-14a8">
         <name>__TI_zero_init</name>
         <value>0x1b92b</value>
         <object_component_ref idref="oc-20"/>
      </symbol>
      <symbol id="sm-14a9">
         <name>Onboard_soft_reset</name>
         <value>0x1b8d5</value>
         <object_component_ref idref="oc-22e"/>
      </symbol>
      <symbol id="sm-14aa">
         <name>mbHwIsr</name>
         <value>0x1957b</value>
         <object_component_ref idref="oc-218"/>
      </symbol>
      <symbol id="sm-14ab">
         <name>R2F_Flash_JT</name>
         <value>0x1bc8c</value>
         <object_component_ref idref="oc-14d"/>
      </symbol>
      <symbol id="sm-14ac">
         <name>R2R_Flash_JT</name>
         <value>0x1bd28</value>
         <object_component_ref idref="oc-14d"/>
      </symbol>
      <symbol id="sm-14ad">
         <name>osal_bm_free</name>
         <value>0x1af9b</value>
         <object_component_ref idref="oc-20c"/>
      </symbol>
      <symbol id="sm-14ae">
         <name>OSAL_timeSeconds</name>
         <value>0x20004734</value>
         <object_component_ref idref="oc-4d0"/>
      </symbol>
      <symbol id="sm-14af">
         <name>osal_msg_receive</name>
         <value>0x130ef</value>
         <object_component_ref idref="oc-157"/>
      </symbol>
      <symbol id="sm-14b0">
         <name>SNV_FLASH</name>
         <value>0x1d000</value>
         <object_component_ref idref="oc-498"/>
      </symbol>
      <symbol id="sm-14b1">
         <name>osal_mem_alloc</name>
         <value>0x1b795</value>
         <object_component_ref idref="oc-151"/>
      </symbol>
      <symbol id="sm-14b2">
         <name>ROM_Spinlock</name>
         <value>0x1b571</value>
         <object_component_ref idref="oc-53"/>
      </symbol>
      <symbol id="sm-14b3">
         <name>NOROM_IntEnable</name>
         <value>0x1b3b9</value>
         <object_component_ref idref="oc-234"/>
      </symbol>
      <symbol id="sm-14b4">
         <name>pwrmgr_attribute</name>
         <value>0x2000473e</value>
         <object_component_ref idref="oc-4b1"/>
      </symbol>
      <symbol id="sm-14b5">
         <name>osalAddTimer</name>
         <value>0x1a063</value>
         <object_component_ref idref="oc-228"/>
      </symbol>
      <symbol id="sm-14b6">
         <name>osal_snv_write</name>
         <value>0x175d1</value>
         <object_component_ref idref="oc-1e8"/>
      </symbol>
      <symbol id="sm-14b7">
         <name>osalFindTimer</name>
         <value>0x1a049</value>
         <object_component_ref idref="oc-228"/>
      </symbol>
      <symbol id="sm-14b8">
         <name>GAPBondMgr_ProcessEvent</name>
         <value>0x10609</value>
         <object_component_ref idref="oc-1d6"/>
      </symbol>
      <symbol id="sm-14b9">
         <name>GAPBondMgr_UpdateCharCfg</name>
         <value>0xff77</value>
         <object_component_ref idref="oc-1d6"/>
      </symbol>
      <symbol id="sm-14ba">
         <name>mbCpe0Isr</name>
         <value>0x19529</value>
         <object_component_ref idref="oc-218"/>
      </symbol>
      <symbol id="sm-14bb">
         <name>HalFlashWrite</name>
         <value>0x1b73b</value>
         <object_component_ref idref="oc-483"/>
      </symbol>
      <symbol id="sm-14bc">
         <name>GAPBondMgr_Register</name>
         <value>0x10837</value>
         <object_component_ref idref="oc-1d6"/>
      </symbol>
      <symbol id="sm-14bd">
         <name>GAPBondMgr_ResolveAddr</name>
         <value>0xfe3d</value>
         <object_component_ref idref="oc-1d6"/>
      </symbol>
      <symbol id="sm-14be">
         <name>MB_Init</name>
         <value>0x192fb</value>
         <object_component_ref idref="oc-218"/>
      </symbol>
      <symbol id="sm-14bf">
         <name>rspBuf</name>
         <value>0x2000474d</value>
         <object_component_ref idref="oc-45a"/>
      </symbol>
      <symbol id="sm-14c0">
         <name>HalFlashRead</name>
         <value>0x1b70f</value>
         <object_component_ref idref="oc-483"/>
      </symbol>
      <symbol id="sm-14c1">
         <name>osal_strlen</name>
         <value>0x13709</value>
         <object_component_ref idref="oc-157"/>
      </symbol>
      <symbol id="sm-14c2">
         <name>osal_memset</name>
         <value>0x13065</value>
         <object_component_ref idref="oc-157"/>
      </symbol>
      <symbol id="sm-14c3">
         <name>osal_rand</name>
         <value>0x1b8d9</value>
         <object_component_ref idref="oc-22e"/>
      </symbol>
      <symbol id="sm-14c4">
         <name>bleDispatch_TaskID</name>
         <value>0x2000474c</value>
         <object_component_ref idref="oc-45a"/>
      </symbol>
      <symbol id="sm-14c5">
         <name>osal_revmemcpy</name>
         <value>0x1314f</value>
         <object_component_ref idref="oc-157"/>
      </symbol>
      <symbol id="sm-14c6">
         <name>GAPBondMgr_GetParameter</name>
         <value>0x1088b</value>
         <object_component_ref idref="oc-1d6"/>
      </symbol>
      <symbol id="sm-14c7">
         <name>osal_msg_allocate</name>
         <value>0x13005</value>
         <object_component_ref idref="oc-157"/>
      </symbol>
      <symbol id="sm-14c8">
         <name>startup_entry</name>
         <value>0xe001</value>
         <object_component_ref idref="oc-26"/>
      </symbol>
      <symbol id="sm-14c9">
         <name>osal_pwrmgr_task_state</name>
         <value>0x1b159</value>
         <object_component_ref idref="oc-222"/>
      </symbol>
      <symbol id="sm-14ca">
         <name>osal_bm_adjust_header</name>
         <value>0x1af41</value>
         <object_component_ref idref="oc-20c"/>
      </symbol>
      <symbol id="sm-14cb">
         <name>osal_last_timestamp</name>
         <value>0x20004670</value>
         <object_component_ref idref="oc-1ef"/>
      </symbol>
      <symbol id="sm-14cc">
         <name>osal_memcpy</name>
         <value>0x13069</value>
         <object_component_ref idref="oc-157"/>
      </symbol>
      <symbol id="sm-14cd">
         <name>Onboard_rand</name>
         <value>0x1b8d9</value>
         <object_component_ref idref="oc-22e"/>
      </symbol>
      <symbol id="sm-14ce">
         <name>osal_entity</name>
         <value>0x2000465e</value>
         <object_component_ref idref="oc-1ef"/>
      </symbol>
      <symbol id="sm-14cf">
         <name>osal_mem_free</name>
         <value>0x1b7b7</value>
         <object_component_ref idref="oc-151"/>
      </symbol>
      <symbol id="sm-14d0">
         <name>cbTimers</name>
         <value>0x200044bc</value>
         <object_component_ref idref="oc-2e9"/>
      </symbol>
      <symbol id="sm-14d1">
         <name>osal_max_msecs</name>
         <value>0x20004678</value>
         <object_component_ref idref="oc-1ef"/>
      </symbol>
      <symbol id="sm-14d2">
         <name>MB_SendCommandSynch</name>
         <value>0x19499</value>
         <object_component_ref idref="oc-218"/>
      </symbol>
      <symbol id="sm-14d3">
         <name>osal_isbufset</name>
         <value>0x13081</value>
         <object_component_ref idref="oc-157"/>
      </symbol>
      <symbol id="sm-14d4">
         <name>osal_snv_compact</name>
         <value>0x17681</value>
         <object_component_ref idref="oc-1e8"/>
      </symbol>
      <symbol id="sm-14d5">
         <name>GAPBondMgr_PasscodeRsp</name>
         <value>0x1080b</value>
         <object_component_ref idref="oc-1d6"/>
      </symbol>
      <symbol id="sm-14d6">
         <name>MB_EnableInts</name>
         <value>0x19359</value>
         <object_component_ref idref="oc-218"/>
      </symbol>
      <symbol id="sm-14d7">
         <name>R2F_Flash_JT_CommonROM</name>
         <value>0x1c2f0</value>
         <object_component_ref idref="oc-13d"/>
      </symbol>
      <symbol id="sm-14d8">
         <name>pwrmgr_initialized</name>
         <value>0x2000473c</value>
         <object_component_ref idref="oc-4b1"/>
      </symbol>
      <symbol id="sm-14d9">
         <name>GATTServApp_ReadCharCfg</name>
         <value>0x1b5fb</value>
         <object_component_ref idref="oc-43d"/>
      </symbol>
      <symbol id="sm-14da">
         <name>GAPBondMgr_Init</name>
         <value>0x10ac1</value>
         <object_component_ref idref="oc-1d6"/>
      </symbol>
      <symbol id="sm-14db">
         <name>GAPBondMgr_CheckNVLen</name>
         <value>0x1084d</value>
         <object_component_ref idref="oc-1d6"/>
      </symbol>
      <symbol id="sm-14dc">
         <name>osal_tickperiod</name>
         <value>0x20004674</value>
         <object_component_ref idref="oc-1ef"/>
      </symbol>
      <symbol id="sm-14dd">
         <name>bleDispatch_ProcessEvent</name>
         <value>0x1268f</value>
         <object_component_ref idref="oc-1dc"/>
      </symbol>
      <symbol id="sm-14de">
         <name>osal_enroll_senderid</name>
         <value>0x13439</value>
         <object_component_ref idref="oc-157"/>
      </symbol>
      <symbol id="sm-14df">
         <name>setBleUserConfig</name>
         <value>0x1b6a1</value>
         <object_component_ref idref="oc-1e2"/>
      </symbol>
      <symbol id="sm-14e0">
         <name>osal_CbTimerProcessEvent</name>
         <value>0x1a66d</value>
         <object_component_ref idref="oc-182"/>
      </symbol>
      <symbol id="sm-14e1">
         <name>osalTimerInit</name>
         <value>0x1a16d</value>
         <object_component_ref idref="oc-228"/>
      </symbol>
      <symbol id="sm-14e2">
         <name>osal_self</name>
         <value>0x13029</value>
         <object_component_ref idref="oc-157"/>
      </symbol>
      <symbol id="sm-14e3">
         <name>osalInitTasks</name>
         <value>0x1ac47</value>
         <object_component_ref idref="oc-59"/>
      </symbol>
      <symbol id="sm-14e4">
         <name>osal_clear_event</name>
         <value>0x13333</value>
         <object_component_ref idref="oc-157"/>
      </symbol>
      <symbol id="sm-14e5">
         <name>osal_snv_read</name>
         <value>0x172f3</value>
         <object_component_ref idref="oc-1e8"/>
      </symbol>
      <symbol id="sm-14e6">
         <name>ICall_leaveCriticalSection</name>
         <value>0x20004860</value>
         <object_component_ref idref="oc-5f"/>
      </symbol>
      <symbol id="sm-14e7">
         <name>NOROM_IntDisable</name>
         <value>0x1b341</value>
         <object_component_ref idref="oc-23a"/>
      </symbol>
      <symbol id="sm-14e8">
         <name>MB_EnableHWInts</name>
         <value>0x1942b</value>
         <object_component_ref idref="oc-218"/>
      </symbol>
      <symbol id="sm-14e9">
         <name>bleDispatch_BMAlloc</name>
         <value>0x126ef</value>
         <object_component_ref idref="oc-1dc"/>
      </symbol>
      <symbol id="sm-14ea">
         <name>ICall_enterCriticalSection</name>
         <value>0x2000485c</value>
         <object_component_ref idref="oc-5f"/>
      </symbol>
      <symbol id="sm-14eb">
         <name>R2R_Flash_JT_CommonROM</name>
         <value>0x1c308</value>
         <object_component_ref idref="oc-13d"/>
      </symbol>
      <symbol id="sm-14ec">
         <name>HalTRNG_InitTRNG</name>
         <value>0x1b63d</value>
         <object_component_ref idref="oc-240"/>
      </symbol>
      <symbol id="sm-14ed">
         <name>appForceBoot</name>
         <value>0x1b8d7</value>
         <object_component_ref idref="oc-22e"/>
      </symbol>
      <symbol id="sm-14ee">
         <name>osal_qHead</name>
         <value>0x20004664</value>
         <object_component_ref idref="oc-1ef"/>
      </symbol>
      <symbol id="sm-14ef">
         <name>osal_service_entry</name>
         <value>0x133e7</value>
         <object_component_ref idref="oc-157"/>
      </symbol>
      <symbol id="sm-14f0">
         <name>osal_next_timeout</name>
         <value>0x1a175</value>
         <object_component_ref idref="oc-228"/>
      </symbol>
      <symbol id="sm-14f1">
         <name>GAP_DeviceInit</name>
         <value>0x1b7d9</value>
         <object_component_ref idref="oc-479"/>
      </symbol>
      <symbol id="sm-14f2">
         <name>osal_get_timeoutEx</name>
         <value>0x1a0af</value>
         <object_component_ref idref="oc-228"/>
      </symbol>
      <symbol id="sm-14f3">
         <name>osal_msg_deallocate</name>
         <value>0x1302f</value>
         <object_component_ref idref="oc-157"/>
      </symbol>
      <symbol id="sm-14f4">
         <name>osal_CbTimerStart</name>
         <value>0x1a7e9</value>
         <object_component_ref idref="oc-182"/>
      </symbol>
      <symbol id="sm-14f5">
         <name>osal_run_system</name>
         <value>0x135a1</value>
         <object_component_ref idref="oc-157"/>
      </symbol>
      <symbol id="sm-14f6">
         <name>osal_memdup</name>
         <value>0x1370d</value>
         <object_component_ref idref="oc-157"/>
      </symbol>
      <symbol id="sm-14f7">
         <name>mbCmdAckIsr</name>
         <value>0x19515</value>
         <object_component_ref idref="oc-218"/>
      </symbol>
      <symbol id="sm-14f8">
         <name>osal_start_system</name>
         <value>0x136ef</value>
         <object_component_ref idref="oc-157"/>
      </symbol>
      <symbol id="sm-14f9">
         <name>NOROM_FlashSectorErase</name>
         <value>0x1b889</value>
         <object_component_ref idref="oc-48f"/>
      </symbol>
      <symbol id="sm-14fa">
         <name>osalAdjustTimer</name>
         <value>0x1b541</value>
         <object_component_ref idref="oc-2d8"/>
      </symbol>
      <symbol id="sm-14fb">
         <name>GATTServApp_InitCharCfg</name>
         <value>0x1b60b</value>
         <object_component_ref idref="oc-43d"/>
      </symbol>
      <symbol id="sm-14fc">
         <name>__TI_decompress_none</name>
         <value>0x1b905</value>
         <object_component_ref idref="oc-14"/>
      </symbol>
      <symbol id="sm-14fd">
         <name>NOROM_TRNGConfigure</name>
         <value>0x1b845</value>
         <object_component_ref idref="oc-4bc"/>
      </symbol>
      <symbol id="sm-14fe">
         <name>timerHead</name>
         <value>0x20004874</value>
         <object_component_ref idref="oc-4b5"/>
      </symbol>
      <symbol id="sm-14ff">
         <name>bleDispatch_Init</name>
         <value>0x12733</value>
         <object_component_ref idref="oc-1dc"/>
      </symbol>
      <symbol id="sm-1500">
         <name>HalFlashGetAddress</name>
         <value>0x1b6f5</value>
         <object_component_ref idref="oc-483"/>
      </symbol>
      <symbol id="sm-1501">
         <name>__TI_static_base__</name>
         <value>0x1c498</value>
      </symbol>
      <symbol id="sm-1506">
         <name>SHT$$INIT_ARRAY$$Limit</name>
         <value>0x0</value>
      </symbol>
      <symbol id="sm-1507">
         <name>SHT$$INIT_ARRAY$$Base</name>
         <value>0x0</value>
      </symbol>
   </symbol_table>
   <title>Link successful</title>
</link_info>
